C51 COMPILER V9.60.7.0   DELAY                                                             06/01/2024 19:29:58 PAGE 1   


C51 COMPILER V9.60.7.0, COMPILATION OF MODULE DELAY
OBJECT MODULE PLACED IN .\Objects\delay.obj
COMPILER INVOKED BY: C:\Keil_v5\C51\BIN\C51.EXE delay.c LARGE WARNINGLEVEL(1) OPTIMIZE(9,SIZE) BROWSE DEBUG OBJECTEXTEND
                    - PRINT(.\Listings\delay.lst) TABS(2) OBJECT(.\Objects\delay.obj)

line level    source

   1          #include "delay.h"
   2          
   3          void Delay_50ms(uint Del_50ms)
   4          {
   5   1        unsigned int m;
   6   1        for(;Del_50ms>0;Del_50ms--)
   7   1          for(m=6245;m>0;m--);
   8   1      }
   9          
  10          void delay_ms(uint ms)
  11          {
  12   1        uchar j;
  13   1        while(ms--)
  14   1        { 
  15   2          for(j=0;j<122;j++);
  16   2        }
  17   1      }
  18          
  19          void delay_us(uint us)//ÑÓÊ±º¯Êý
  20          {
  21   1        while(us--);
  22   1      }
  23          
  24          void delay_for_mq2(){
  25   1        uchar m,n,s;
  26   1        for(m=20;m>0;m--)
  27   1          for(n=20;n>0;n--)
  28   1            for(s=248;s>0;s--);
  29   1      }
  30          
  31          char Char(char tinyint){
  32   1        return (char)(tinyint + '0');
  33   1      }
  34          
  35          char Tinyint(char ch){
  36   1        return (ch - '0');
  37   1      }
  38          
  39          void quadruple_digit_to_string(uint num, char str[5]){
  40   1        if(num < 10){
  41   2          str[0] = '0';
  42   2          str[1] = '0';
  43   2          str[2] = '0';
  44   2          str[3] = Char(num);
  45   2        }
  46   1        else if(num < 100){
  47   2          str[0] = '0';
  48   2          str[1] = '0';
  49   2          str[2] = Char(num / 10);
  50   2          str[3] = Char(num % 10);
  51   2        }
  52   1        else if(num < 1000){
  53   2          str[0] = '0';
  54   2          str[1] = Char(num / 100);
C51 COMPILER V9.60.7.0   DELAY                                                             06/01/2024 19:29:58 PAGE 2   

  55   2          str[2] = Char((num / 10) % 10);
  56   2          str[3] = Char(num % 10);
  57   2        }
  58   1        else if(num < 10000){
  59   2          str[0] = Char(num / 1000);
  60   2          str[1] = Char((num / 100) % 10);
  61   2          str[2] = Char((num / 10) % 10);
  62   2          str[3] = Char(num % 10);
  63   2        }
  64   1        str[4] = 0;
  65   1      }
  66          
  67          void double_digit_to_string(uchar num, char str[3]){
  68   1        if(num < 10){
  69   2          str[0] = '0';
  70   2          str[1] = Char(num);
  71   2        }
  72   1        else if(num < 100){
  73   2          str[0] = Char(num / 10);
  74   2          str[1] = Char(num % 10);
  75   2        }
  76   1        str[2] = 0;
  77   1      }
  78          
  79          uint char_to_quadruple_digit(char ch4, char ch3, char ch2, char ch1){
  80   1        return Tinyint(ch4)*1000 + Tinyint(ch3)*100 + Tinyint(ch2)*10 + Tinyint(ch1);
  81   1      }
  82          
  83          char char_to_double_digit(char ch2, char ch1){
  84   1        return Tinyint(ch2)*10 + Tinyint(ch1);
  85   1      }


MODULE INFORMATION:   STATIC OVERLAYABLE
   CODE SIZE        =    535    ----
   CONSTANT SIZE    =   ----    ----
   XDATA SIZE       =   ----       9
   PDATA SIZE       =   ----    ----
   DATA SIZE        =   ----    ----
   IDATA SIZE       =   ----    ----
   BIT SIZE         =   ----    ----
END OF MODULE INFORMATION.


C51 COMPILATION COMPLETE.  0 WARNING(S),  0 ERROR(S)
