BL51 BANKED LINKER/LOCATER V6.22.4.0                                                    06/10/2024  16:40:34  PAGE 1


BL51 BANKED LINKER/LOCATER V6.22.4.0, INVOKED BY:
C:\KEIL_V5\C51\BIN\BL51.EXE .\Objects\STARTUP.obj, .\Objects\oled.obj, .\Objects\main.obj, .\Objects\ds1302.obj, .\Objec
>> ts\dht11.obj, .\Objects\keyscan.obj, .\Objects\mp3.obj, .\Objects\delay.obj, .\Objects\alarm.obj, .\Objects\settings.
>> obj, .\Objects\lunar.obj, .\Objects\mq2.obj, .\Objects\hc08.obj, .\Objects\weather.obj, .\Objects\event.obj TO .\Obje
>> cts\main PRINT (.\Listings\main.m51) RAMSIZE (256)


MEMORY MODEL: LARGE


INPUT MODULES INCLUDED:
  .\Objects\STARTUP.obj (?C_STARTUP)
  .\Objects\oled.obj (OLED)
  .\Objects\main.obj (MAIN)
  .\Objects\ds1302.obj (DS1302)
  .\Objects\dht11.obj (DHT11)
  .\Objects\keyscan.obj (KEYSCAN)
  .\Objects\mp3.obj (MP3)
  .\Objects\delay.obj (DELAY)
  .\Objects\alarm.obj (ALARM)
  .\Objects\settings.obj (SETTINGS)
  .\Objects\lunar.obj (LUNAR)
  .\Objects\mq2.obj (MQ2)
  .\Objects\hc08.obj (HC08)
  .\Objects\weather.obj (WEATHER)
  .\Objects\event.obj (EVENT)
  C:\KEIL_V5\C51\LIB\C51L.LIB (?C_INIT)
  C:\KEIL_V5\C51\LIB\C51L.LIB (?C?COPY)
  C:\KEIL_V5\C51\LIB\C51L.LIB (?C?SCDIV)
  C:\KEIL_V5\C51\LIB\C51L.LIB (?C?CLDPTR)
  C:\KEIL_V5\C51\LIB\C51L.LIB (?C?CLDOPTR)
  C:\KEIL_V5\C51\LIB\C51L.LIB (?C?CSTPTR)
  C:\KEIL_V5\C51\LIB\C51L.LIB (?C?CSTOPTR)
  C:\KEIL_V5\C51\LIB\C51L.LIB (?C?IMUL)
  C:\KEIL_V5\C51\LIB\C51L.LIB (?C?UIDIV)
  C:\KEIL_V5\C51\LIB\C51L.LIB (?C?SIDIV)
  C:\KEIL_V5\C51\LIB\C51L.LIB (?C?IILDX)
  C:\KEIL_V5\C51\LIB\C51L.LIB (?C?ILDIX)
  C:\KEIL_V5\C51\LIB\C51L.LIB (?C?LAND)
  C:\KEIL_V5\C51\LIB\C51L.LIB (?C?ULCMP)
  C:\KEIL_V5\C51\LIB\C51L.LIB (?C?ULSHR)
  C:\KEIL_V5\C51\LIB\C51L.LIB (?C?SLSHR)
  C:\KEIL_V5\C51\LIB\C51L.LIB (?C?LLDCODE)
  C:\KEIL_V5\C51\LIB\C51L.LIB (?C?LLDCODE0)
  C:\KEIL_V5\C51\LIB\C51L.LIB (?C?OFFXADD)
  C:\KEIL_V5\C51\LIB\C51L.LIB (?C?PLDXDATA)
  C:\KEIL_V5\C51\LIB\C51L.LIB (?C?PSTXDATA)
  C:\KEIL_V5\C51\LIB\C51L.LIB (?C?CCASE)
  C:\KEIL_V5\C51\LIB\C51L.LIB (?C?STRCPY)
  C:\KEIL_V5\C51\LIB\C51L.LIB (STRNCPY)


LINK MAP OF MODULE:  .\Objects\main (?C_STARTUP)


            TYPE    BASE      LENGTH    RELOCATION   SEGMENT NAME
            -----------------------------------------------------

BL51 BANKED LINKER/LOCATER V6.22.4.0                                                  06/10/2024  16:40:34  PAGE 2


            * * * * * * *   D A T A   M E M O R Y   * * * * * * *
            REG     0000H     0008H     ABSOLUTE     "REG BANK 0"
            IDATA   0008H     0001H     UNIT         ?STACK

            * * * * * * *  X D A T A   M E M O R Y  * * * * * * *
            XDATA   0000H     0045H     UNIT         _XDATA_GROUP_
            XDATA   0045H     0019H     UNIT         ?XD?EVENT
            XDATA   005EH     0018H     UNIT         ?XD?DS1302
            XDATA   0076H     0018H     UNIT         ?XD?HC08
            XDATA   008EH     0018H     UNIT         ?XD?WEATHER
            XDATA   00A6H     000AH     UNIT         ?XD?DHT11
            XDATA   00B0H     0005H     UNIT         ?XD?ALARM
            XDATA   00B5H     0005H     UNIT         ?XD?_PRINT_WEATHER_BASE_NOW?WEATHER
            XDATA   00BAH     0002H     UNIT         ?XD?LUNAR
            XDATA   00BCH     0002H     UNIT         ?XD?MQ2
            XDATA   00BEH     0001H     UNIT         ?XD?MAIN
            XDATA   00BFH     0001H     UNIT         ?XD?MP3

            * * * * * * *   C O D E   M E M O R Y   * * * * * * *
            CODE    0000H     0003H     ABSOLUTE     
            CODE    0003H     0020H     UNIT         ?PR?_WRITE_IIC_BYTE?OLED
            CODE    0023H     0003H     ABSOLUTE     
            CODE    0026H     4384H     UNIT         ?CO?OLED
            CODE    43AAH     041DH     UNIT         ?CO?MAIN
            CODE    47C7H     03EDH     UNIT         ?C?LIB_CODE
            CODE    4BB4H     0354H     UNIT         ?CO?LUNAR
            CODE    4F08H     034BH     UNIT         ?PR?PAGE_SET_DATE_AND_TIME?SETTINGS
            CODE    5253H     0345H     UNIT         ?PR?_LUNARCALENDAR?LUNAR
            CODE    5598H     01FEH     UNIT         ?PR?PAGE_ALARM?ALARM
            CODE    5796H     0174H     UNIT         ?PR?_PRINT_WEATHER_ALL?WEATHER
            CODE    590AH     00F9H     UNIT         ?PR?OLED
            CODE    5A03H     00F3H     UNIT         ?PR?DS1302
            CODE    5AF6H     00DBH     UNIT         ?PR?_PRINT_TIME_NOW?DS1302
            CODE    5BD1H     00D4H     UNIT         ?PR?PAGE_SETTINGS?SETTINGS
            CODE    5CA5H     00D3H     UNIT         ?PR?_OLED_SHOWCHAR_REVERSE?OLED
            CODE    5D78H     00D3H     UNIT         ?PR?_QUADRUPLE_DIGIT_TO_STRING?DELAY
            CODE    5E4BH     00D0H     UNIT         ?PR?FUNCTION3?MAIN
            CODE    5F1BH     00CFH     UNIT         ?PR?_OLED_SHOWCHAR?OLED
            CODE    5FEAH     00C5H     UNIT         ?PR?PAGE_MUSIC?MP3
            CODE    60AFH     00C3H     UNIT         ?PR?LUNAR
            CODE    6172H     00B8H     UNIT         ?PR?_PRINT_DATE_NOW?DS1302
            CODE    622AH     00B7H     UNIT         ?PR?COM_INT?HC08
            CODE    62E1H     00ADH     UNIT         ?PR?PAGE_SET_NOTIFICATION?SETTINGS
            CODE    638EH     00ACH     UNIT         ?PR?_SET_WEATHER_FROM_STR?WEATHER
            CODE    643AH     00A9H     UNIT         ?PR?_PRINT_WEATHER_BASE_NOW?WEATHER
            CODE    64E3H     00A2H     UNIT         ?CO?SETTINGS
            CODE    6585H     009BH     UNIT         ?PR?MAIN?MAIN
            CODE    6620H     0098H     UNIT         ?PR?WEATHER
            CODE    66B8H     0093H     UNIT         ?PR?_PRINT_DATE_ANY_TIME?DS1302
            CODE    674BH     0092H     UNIT         ?PR?_OLED_SHOWCHINESE?OLED
            CODE    67DDH     0091H     UNIT         ?PR?_CALCULATE_WEEK_DAY?DS1302
            CODE    686EH     0090H     UNIT         ?PR?_OLED_DRAWBMP?OLED
            CODE    68FEH     008CH     UNIT         ?C_C51STARTUP
            CODE    698AH     008CH     UNIT         ?PR?_PRINT_LUNAR?DS1302
            CODE    6A16H     0083H     UNIT         ?PR?OLED_INIT?OLED
            CODE    6A99H     0083H     UNIT         ?PR?FUNCTION2?MAIN
            CODE    6B1CH     007CH     UNIT         ?PR?_PRINT_LUNAR_AND_TERM_ANY_TIME?DS1302
BL51 BANKED LINKER/LOCATER V6.22.4.0                                                  06/10/2024  16:40:34  PAGE 3


            CODE    6B98H     007BH     UNIT         ?PR?SET_EVENT_VIA_BT?HC08
            CODE    6C13H     006FH     UNIT         ?PR?RCV_WEATHER_ALL_VIA_BT?HC08
            CODE    6C82H     0068H     UNIT         ?PR?READ_DISCRETE_TIME?DS1302
            CODE    6CEAH     0068H     UNIT         ?PR?PAGE_WEATHER_ALL?WEATHER
            CODE    6D52H     0068H     UNIT         ?PR?_STRNCPY?STRNCPY
            CODE    6DBAH     0067H     UNIT         ?PR?_WRITE_DATE_AND_TIME?DS1302
            CODE    6E21H     0066H     UNIT         ?PR?_ADJUST_30?ALARM
            CODE    6E87H     005FH     UNIT         ?PR?GETKEY?KEYSCAN
            CODE    6EE6H     005CH     UNIT         ?PR?_SEND?MP3
            CODE    6F42H     005CH     UNIT         ?PR?DELAY
            CODE    6F9EH     005BH     UNIT         ?PR?_SET_VOLUME?MP3
            CODE    6FF9H     005BH     UNIT         ?PR?PAGE_SMOG_ALARM?MQ2
            CODE    7054H     0055H     UNIT         ?PR?_OLED_SHOWCHINESESTRING?OLED
            CODE    70A9H     0052H     UNIT         ?PR?PAGE_RING?ALARM
            CODE    70FBH     0050H     UNIT         ?PR?SET_ALARM_VIA_BT?HC08
            CODE    714BH     004EH     UNIT         ?PR?_GET_LUNAR_CALENDAR?LUNAR
            CODE    7199H     004DH     UNIT         ?PR?_GET_SOLAR_TERM_NUM?LUNAR
            CODE    71E6H     004CH     UNIT         ?PR?_WRITE_DATE?DS1302
            CODE    7232H     004CH     UNIT         ?PR?SETTINGS
            CODE    727EH     004BH     UNIT         ?PR?PAGE_ABOUT?SETTINGS
            CODE    72C9H     004BH     UNIT         ?PR?SET_DATE_VIA_BT?HC08
            CODE    7314H     004AH     UNIT         ?CO?WEATHER
            CODE    735EH     0047H     UNIT         ?PR?_PRINT_TEMP_AND_HUM?DHT11
            CODE    73A5H     0046H     UNIT         ?PR?_CHAR_TO_QUADRUPLE_DIGIT?DELAY
            CODE    73EBH     0042H     UNIT         ?PR?_OLED_SHOWSTRING?OLED
            CODE    742DH     0042H     UNIT         ?PR?_OLED_SHOWSTRING_REVERSE?OLED
            CODE    746FH     0042H     UNIT         ?PR?PAGE_WEATHER_ERROR?WEATHER
            CODE    74B1H     0040H     UNIT         ?PR?_PLAYMUSIC?MP3
            CODE    74F1H     0040H     UNIT         ?PR?_SET_EVENT_CONTENT?EVENT
            CODE    7531H     003FH     UNIT         ?C_INITSEG
            CODE    7570H     003FH     UNIT         ?PR?_DS1302_READ_BYTE?DS1302
            CODE    75AFH     003EH     UNIT         ?PR?_EVENT_TICK_TOCK?EVENT
            CODE    75EDH     003DH     UNIT         ?PR?DS1302_WRITE_TIME?DS1302
            CODE    762AH     003CH     UNIT         ?PR?ALARM
            CODE    7666H     003CH     UNIT         ?PR?SET_TIME_VIA_BT?HC08
            CODE    76A2H     003BH     UNIT         ?PR?_DS1302_WRITE_BYTE?DS1302
            CODE    76DDH     003BH     UNIT         ?CO?ALARM
            CODE    7718H     003AH     UNIT         ?PR?_DOUBLE_DIGIT_TO_STRING?DELAY
            CODE    7752H     0039H     UNIT         ?PR?_GETDATA?DHT11
            CODE    778BH     0037H     UNIT         ?PR?GET_INTEGER_YEAR?DS1302
            CODE    77C2H     0037H     UNIT         ?PR?HC08
            CODE    77F9H     0032H     UNIT         ?PR?OLED_CLEAR?OLED
            CODE    782BH     0031H     UNIT         ?PR?_PRINT_LUNAR_AND_TERM_NOW?DS1302
            CODE    785CH     0030H     UNIT         ?PR?WEATHER_INIT?WEATHER
            CODE    788CH     002FH     UNIT         ?PR?_WRITE_TIME?DS1302
            CODE    78BBH     002EH     UNIT         ?PR?DS1302_READ_TIME?DS1302
            CODE    78E9H     002CH     UNIT         ?PR?ALARM_TICK_TOCK?ALARM
            CODE    7915H     002BH     UNIT         ?PR?SET_VOLUME_VIA_BT?HC08
            CODE    7940H     002AH     UNIT         ?PR?IS_EVENT_ABOUT_TO_HAPPEN?EVENT
            CODE    796AH     0028H     UNIT         ?PR?_ISLEAPYEAR?DS1302
            CODE    7992H     0026H     UNIT         ?PR?_OLED_SET_POS?OLED
            CODE    79B8H     0023H     UNIT         ?PR?_SENDDATA?HC08
            CODE    79DBH     0022H     UNIT         ?PR?MAIN
            CODE    79FDH     0021H     UNIT         ?PR?EVENT_INIT?EVENT
            CODE    7A1EH     0020H     UNIT         ?PR?ALARM_INIT?ALARM
            CODE    7A3EH     001EH     UNIT         ?PR?_DHT11_DELAY_MS?DHT11
            CODE    7A5CH     001EH     UNIT         ?PR?DHT11_REC_BYTE?DHT11
BL51 BANKED LINKER/LOCATER V6.22.4.0                                                  06/10/2024  16:40:34  PAGE 4


            CODE    7A7AH     001EH     UNIT         ?PR?DHT11
            CODE    7A98H     001EH     UNIT         ?PR?_DELAY_50MS?DELAY
            CODE    7AB6H     001EH     UNIT         ?PR?MQ2_TICK_TOCK?MQ2
            CODE    7AD4H     001BH     UNIT         ?PR?MP3
            CODE    7AEFH     001BH     UNIT         ?PR?_SET_ALARM?ALARM
            CODE    7B0AH     001AH     UNIT         ?PR?_OLED_WR_BYTE?OLED
            CODE    7B24H     001AH     UNIT         ?PR?_SET_SINGLE_LOOP?MP3
            CODE    7B3EH     0019H     UNIT         ?CO?HC08
            CODE    7B57H     0017H     UNIT         ?PR?SWITCH_HOUR_TYPE?MAIN
            CODE    7B6EH     0017H     UNIT         ?PR?DHT11_START?DHT11
            CODE    7B85H     0016H     UNIT         ?PR?_DELAY_MS?DELAY
            CODE    7B9BH     0016H     UNIT         ?PR?USARTCONFIGURATION?HC08
            CODE    7BB1H     0014H     UNIT         ?CO?MQ2
            CODE    7BC5H     0012H     UNIT         ?PR?_CHAR_TO_DOUBLE_DIGIT?DELAY
            CODE    7BD7H     0011H     UNIT         ?CO?MP3
            CODE    7BE8H     0011H     UNIT         ?CO?EVENT
            CODE    7BF9H     0010H     UNIT         ?PR?IIC_WAIT_ACK?OLED
            CODE    7C09H     000FH     UNIT         ?PR?ISSMOKING?MQ2
            CODE    7C18H     000FH     UNIT         ?PR?_SET_EVENT_CONTROL?EVENT
            CODE    7C27H     000DH     UNIT         ?PR?DELAY_FOR_MQ2?DELAY
            CODE    7C34H     000BH     UNIT         ?PR?_WRITE_IIC_COMMAND?OLED
            CODE    7C3FH     000BH     UNIT         ?PR?_WRITE_IIC_DATA?OLED
            CODE    7C4AH     000BH     UNIT         ?PR?_DELAY_US?DELAY
            CODE    7C55H     000BH     UNIT         ?PR?_ADJUST_12?ALARM
            CODE    7C60H     000BH     UNIT         ?PR?_ADJUST_24?ALARM
            CODE    7C6BH     000BH     UNIT         ?PR?_ADJUST_60?ALARM
            CODE    7C76H     000BH     UNIT         ?PR?EVENT
            CODE    7C81H     000AH     UNIT         ?PR?GET_INTEGER_MONTH?DS1302
            CODE    7C8BH     000AH     UNIT         ?PR?GET_INTEGER_DAY?DS1302
            CODE    7C95H     000AH     UNIT         ?PR?GET_INTEGER_HOUR?DS1302
            CODE    7C9FH     000AH     UNIT         ?PR?GET_INTEGER_MINUTE?DS1302
            CODE    7CA9H     000AH     UNIT         ?PR?GET_INTEGER_SECOND?DS1302
            CODE    7CB3H     000AH     UNIT         ?CO?DS1302
            CODE    7CBDH     0009H     UNIT         ?PR?IIC_START?OLED
            CODE    7CC6H     0009H     UNIT         ?PR?OLED_DISPLAY_ON?OLED
            CODE    7CCFH     0009H     UNIT         ?PR?GET_INTEGER_WEEKDAY?DS1302
            CODE    7CD8H     0007H     UNIT         ?PR?IIC_STOP?OLED
            CODE    7CDFH     0006H     UNIT         ?PR?GET_VOLUME?MP3
            CODE    7CE5H     0005H     UNIT         ?PR?DS1302_INIT?DS1302
            CODE    7CEAH     0005H     UNIT         ?PR?STOPMUSIC?MP3
            CODE    7CEFH     0005H     UNIT         ?PR?_CHAR?DELAY
            CODE    7CF4H     0005H     UNIT         ?PR?_TINYINT?DELAY
            CODE    7CF9H     0003H     UNIT         ?PR?FUNCTION4?MAIN
            CODE    7CFCH     0003H     UNIT         ?PR?_DHT11_DELAY_US?DHT11
            CODE    7CFFH     0001H     UNIT         ?PR?PAGE_SET_DISPLAY?SETTINGS



OVERLAY MAP OF MODULE:   .\Objects\main (?C_STARTUP)


SEGMENT                                            XDATA_GROUP
  +--> CALLED SEGMENT                            START    LENGTH
----------------------------------------------------------------
?C_C51STARTUP                                    -----    -----
  +--> ?PR?MAIN?MAIN
  +--> ?C_INITSEG
BL51 BANKED LINKER/LOCATER V6.22.4.0                                                  06/10/2024  16:40:34  PAGE 5



?PR?MAIN?MAIN                                    -----    -----
  +--> ?PR?_DELAY_50MS?DELAY
  +--> ?PR?DS1302_INIT?DS1302
  +--> ?PR?USARTCONFIGURATION?HC08
  +--> ?PR?OLED_INIT?OLED
  +--> ?PR?OLED_DISPLAY_ON?OLED
  +--> ?PR?OLED_CLEAR?OLED
  +--> ?CO?MAIN
  +--> ?PR?_OLED_DRAWBMP?OLED
  +--> ?PR?ALARM_INIT?ALARM
  +--> ?PR?WEATHER_INIT?WEATHER
  +--> ?PR?EVENT_INIT?EVENT
  +--> ?PR?_PRINT_TIME_NOW?DS1302
  +--> ?PR?_PRINT_DATE_NOW?DS1302
  +--> ?PR?_PRINT_TEMP_AND_HUM?DHT11
  +--> ?PR?GETKEY?KEYSCAN
  +--> ?PR?SWITCH_HOUR_TYPE?MAIN
  +--> ?PR?FUNCTION2?MAIN
  +--> ?PR?FUNCTION3?MAIN
  +--> ?PR?FUNCTION4?MAIN
  +--> ?PR?ALARM_TICK_TOCK?ALARM
  +--> ?PR?MQ2_TICK_TOCK?MQ2
  +--> ?PR?_EVENT_TICK_TOCK?EVENT
  +--> ?PR?IS_EVENT_ABOUT_TO_HAPPEN?EVENT
  +--> ?PR?_PRINT_LUNAR_AND_TERM_NOW?DS1302

?PR?OLED_INIT?OLED                               -----    -----
  +--> ?PR?OLED
  +--> ?PR?_OLED_WR_BYTE?OLED

?PR?OLED                                         -----    -----
  +--> ?PR?_OLED_WR_BYTE?OLED
  +--> ?PR?_OLED_SET_POS?OLED
  +--> ?CO?OLED
  +--> ?PR?IIC_START?OLED
  +--> ?PR?_WRITE_IIC_BYTE?OLED
  +--> ?PR?IIC_WAIT_ACK?OLED

?PR?_OLED_WR_BYTE?OLED                           -----    -----
  +--> ?PR?_WRITE_IIC_DATA?OLED
  +--> ?PR?_WRITE_IIC_COMMAND?OLED

?PR?_WRITE_IIC_DATA?OLED                         -----    -----
  +--> ?PR?IIC_WAIT_ACK?OLED
  +--> ?PR?IIC_STOP?OLED

?PR?IIC_WAIT_ACK?OLED                            -----    -----
  +--> ?PR?_WRITE_IIC_BYTE?OLED

?PR?_WRITE_IIC_COMMAND?OLED                      -----    -----
  +--> ?PR?IIC_WAIT_ACK?OLED
  +--> ?PR?IIC_STOP?OLED

?PR?_OLED_SET_POS?OLED                           -----    -----
  +--> ?PR?_OLED_WR_BYTE?OLED

BL51 BANKED LINKER/LOCATER V6.22.4.0                                                  06/10/2024  16:40:34  PAGE 6


?PR?OLED_DISPLAY_ON?OLED                         -----    -----
  +--> ?PR?OLED
  +--> ?PR?_OLED_WR_BYTE?OLED

?PR?OLED_CLEAR?OLED                              001EH    0001H
  +--> ?PR?_OLED_WR_BYTE?OLED
  +--> ?PR?OLED

?PR?_OLED_DRAWBMP?OLED                           0000H    000BH
  +--> ?PR?_OLED_SET_POS?OLED
  +--> ?PR?_OLED_WR_BYTE?OLED

?PR?ALARM_INIT?ALARM                             -----    -----
  +--> ?PR?GET_INTEGER_HOUR?DS1302
  +--> ?PR?GET_INTEGER_MINUTE?DS1302
  +--> ?PR?_SET_VOLUME?MP3

?PR?GET_INTEGER_HOUR?DS1302                      -----    -----
  +--> ?PR?READ_DISCRETE_TIME?DS1302
  +--> ?PR?DS1302

?PR?READ_DISCRETE_TIME?DS1302                    -----    -----
  +--> ?PR?DS1302_READ_TIME?DS1302
  +--> ?PR?DS1302

?PR?DS1302_READ_TIME?DS1302                      -----    -----
  +--> ?PR?_DS1302_READ_BYTE?DS1302
  +--> ?PR?DS1302

?PR?DS1302                                       -----    -----
  +--> ?PR?_DS1302_WRITE_BYTE?DS1302
  +--> ?PR?_DS1302_READ_BYTE?DS1302

?PR?GET_INTEGER_MINUTE?DS1302                    -----    -----
  +--> ?PR?READ_DISCRETE_TIME?DS1302
  +--> ?PR?DS1302

?PR?_SET_VOLUME?MP3                              002EH    0002H
  +--> ?PR?_SEND?MP3

?PR?_SEND?MP3                                    0030H    0002H
  +--> ?PR?_DELAY_US?DELAY

?PR?WEATHER_INIT?WEATHER                         -----    -----
  +--> ?PR?WEATHER

?PR?EVENT_INIT?EVENT                             -----    -----
  +--> ?PR?GET_INTEGER_YEAR?DS1302
  +--> ?PR?GET_INTEGER_MONTH?DS1302
  +--> ?PR?GET_INTEGER_DAY?DS1302

?PR?GET_INTEGER_YEAR?DS1302                      -----    -----
  +--> ?PR?READ_DISCRETE_TIME?DS1302

?PR?GET_INTEGER_MONTH?DS1302                     -----    -----
  +--> ?PR?READ_DISCRETE_TIME?DS1302
  +--> ?PR?DS1302
BL51 BANKED LINKER/LOCATER V6.22.4.0                                                  06/10/2024  16:40:34  PAGE 7



?PR?GET_INTEGER_DAY?DS1302                       -----    -----
  +--> ?PR?READ_DISCRETE_TIME?DS1302
  +--> ?PR?DS1302

?PR?_PRINT_TIME_NOW?DS1302                       0000H    000FH
  +--> ?PR?DS1302
  +--> ?PR?READ_DISCRETE_TIME?DS1302
  +--> ?PR?GET_INTEGER_HOUR?DS1302
  +--> ?PR?_CHAR?DELAY
  +--> ?PR?_OLED_SHOWSTRING?OLED

?PR?_OLED_SHOWSTRING?OLED                        001EH    0007H
  +--> ?PR?OLED
  +--> ?PR?_OLED_SHOWCHAR?OLED

?PR?_OLED_SHOWCHAR?OLED                          0025H    0005H
  +--> ?PR?OLED
  +--> ?CO?OLED

?PR?_PRINT_DATE_NOW?DS1302                       0000H    000FH
  +--> ?CO?DS1302
  +--> ?PR?DS1302
  +--> ?PR?READ_DISCRETE_TIME?DS1302
  +--> ?PR?_CHAR?DELAY
  +--> ?PR?_OLED_SHOWSTRING?OLED
  +--> ?PR?_OLED_SHOWCHINESESTRING?OLED

?PR?_OLED_SHOWCHINESESTRING?OLED                 0017H    0008H
  +--> ?PR?OLED
  +--> ?PR?_OLED_SHOWCHINESE?OLED

?PR?_OLED_SHOWCHINESE?OLED                       001FH    0009H
  +--> ?CO?OLED
  +--> ?PR?OLED
  +--> ?PR?_OLED_SHOWCHAR_REVERSE?OLED

?PR?_OLED_SHOWCHAR_REVERSE?OLED                  0028H    0005H
  +--> ?PR?OLED
  +--> ?CO?OLED

?PR?_PRINT_TEMP_AND_HUM?DHT11                    0000H    0002H
  +--> ?PR?_GETDATA?DHT11
  +--> ?PR?DHT11
  +--> ?PR?_OLED_SHOWSTRING?OLED

?PR?_GETDATA?DHT11                               0002H    0004H
  +--> ?PR?DHT11_START?DHT11
  +--> ?PR?_DHT11_DELAY_US?DHT11
  +--> ?PR?DHT11_REC_BYTE?DHT11
  +--> ?PR?DHT11

?PR?DHT11_START?DHT11                            -----    -----
  +--> ?PR?_DHT11_DELAY_US?DHT11
  +--> ?PR?_DHT11_DELAY_MS?DHT11

?PR?DHT11_REC_BYTE?DHT11                         -----    -----
BL51 BANKED LINKER/LOCATER V6.22.4.0                                                  06/10/2024  16:40:34  PAGE 8


  +--> ?PR?_DHT11_DELAY_US?DHT11

?PR?DHT11                                        -----    -----
  +--> ?PR?DHT11_REC_BYTE?DHT11

?PR?GETKEY?KEYSCAN                               001EH    0001H
  +--> ?PR?_DELAY_MS?DELAY

?PR?FUNCTION2?MAIN                               0000H    0004H
  +--> ?PR?GET_INTEGER_YEAR?DS1302
  +--> ?PR?GET_INTEGER_MONTH?DS1302
  +--> ?PR?GET_INTEGER_DAY?DS1302
  +--> ?PR?OLED_CLEAR?OLED
  +--> ?PR?MAIN
  +--> ?PR?_PRINT_DATE_ANY_TIME?DS1302
  +--> ?PR?_PRINT_LUNAR_AND_TERM_ANY_TIME?DS...
  +--> ?PR?GETKEY?KEYSCAN

?PR?_PRINT_DATE_ANY_TIME?DS1302                  0004H    0013H
  +--> ?PR?DS1302
  +--> ?CO?DS1302
  +--> ?PR?_QUADRUPLE_DIGIT_TO_STRING?DELAY
  +--> ?PR?_DOUBLE_DIGIT_TO_STRING?DELAY
  +--> ?PR?_OLED_SHOWSTRING?OLED
  +--> ?PR?_CALCULATE_WEEK_DAY?DS1302
  +--> ?PR?_OLED_SHOWCHINESESTRING?OLED

?PR?_QUADRUPLE_DIGIT_TO_STRING?DELAY             001EH    0005H
  +--> ?PR?DELAY
  +--> ?PR?_CHAR?DELAY

?PR?DELAY                                        -----    -----
  +--> ?PR?_CHAR?DELAY
  +--> ?PR?_TINYINT?DELAY

?PR?_DOUBLE_DIGIT_TO_STRING?DELAY                -----    -----
  +--> ?PR?_CHAR?DELAY

?PR?_CALCULATE_WEEK_DAY?DS1302                   0031H    0002H
  +--> ?PR?DS1302

?PR?_PRINT_LUNAR_AND_TERM_ANY_TIME?DS...         0004H    000BH
  +--> ?PR?DS1302
  +--> ?CO?DS1302
  +--> ?PR?_GET_SOLAR_TERM_NUM?LUNAR
  +--> ?PR?_GET_LUNAR_CALENDAR?LUNAR
  +--> ?PR?_PRINT_LUNAR?DS1302
  +--> ?PR?_OLED_SHOWCHINESESTRING?OLED

?PR?_GET_SOLAR_TERM_NUM?LUNAR                    -----    -----
  +--> ?PR?LUNAR

?PR?LUNAR                                        -----    -----
  +--> ?CO?LUNAR

?PR?_GET_LUNAR_CALENDAR?LUNAR                    000FH    0008H
  +--> ?PR?_LUNARCALENDAR?LUNAR
BL51 BANKED LINKER/LOCATER V6.22.4.0                                                  06/10/2024  16:40:34  PAGE 9


  +--> ?PR?LUNAR

?PR?_LUNARCALENDAR?LUNAR                         0017H    0010H
  +--> ?PR?LUNAR
  +--> ?CO?LUNAR

?PR?_PRINT_LUNAR?DS1302                          000FH    0008H
  +--> ?PR?DS1302
  +--> ?CO?DS1302
  +--> ?PR?_OLED_SHOWCHINESESTRING?OLED

?PR?FUNCTION3?MAIN                               0000H    0001H
  +--> ?PR?OLED_CLEAR?OLED
  +--> ?CO?MAIN
  +--> ?PR?MAIN
  +--> ?PR?_OLED_SHOWSTRING?OLED
  +--> ?PR?_OLED_SHOWCHAR?OLED
  +--> ?PR?GETKEY?KEYSCAN
  +--> ?PR?PAGE_ALARM?ALARM
  +--> ?PR?PAGE_MUSIC?MP3
  +--> ?PR?PAGE_WEATHER_ALL?WEATHER

?PR?PAGE_ALARM?ALARM                             0001H    0019H
  +--> ?CO?ALARM
  +--> ?PR?ALARM
  +--> ?PR?OLED_CLEAR?OLED
  +--> ?PR?_DOUBLE_DIGIT_TO_STRING?DELAY
  +--> ?PR?_OLED_SHOWSTRING?OLED
  +--> ?PR?_OLED_SHOWSTRING_REVERSE?OLED
  +--> ?PR?_OLED_SHOWCHAR?OLED
  +--> ?PR?GETKEY?KEYSCAN
  +--> ?PR?_ADJUST_24?ALARM
  +--> ?PR?_ADJUST_60?ALARM
  +--> ?PR?_CHAR?DELAY
  +--> ?PR?_DELAY_MS?DELAY

?PR?_OLED_SHOWSTRING_REVERSE?OLED                001EH    0007H
  +--> ?PR?OLED
  +--> ?PR?_OLED_SHOWCHAR_REVERSE?OLED

?PR?PAGE_MUSIC?MP3                               0001H    0013H
  +--> ?CO?MP3
  +--> ?PR?MP3
  +--> ?PR?OLED_CLEAR?OLED
  +--> ?PR?_SET_VOLUME?MP3
  +--> ?PR?_OLED_SHOWSTRING?OLED
  +--> ?PR?GETKEY?KEYSCAN
  +--> ?PR?STOPMUSIC?MP3
  +--> ?PR?_PLAYMUSIC?MP3

?PR?STOPMUSIC?MP3                                -----    -----
  +--> ?PR?_SEND?MP3

?PR?_PLAYMUSIC?MP3                               0014H    0003H
  +--> ?PR?_SEND?MP3

?PR?PAGE_WEATHER_ALL?WEATHER                     0001H    0001H
BL51 BANKED LINKER/LOCATER V6.22.4.0                                                  06/10/2024  16:40:34  PAGE 10


  +--> ?PR?PAGE_WEATHER_ERROR?WEATHER
  +--> ?PR?OLED_CLEAR?OLED
  +--> ?PR?_PRINT_WEATHER_ALL?WEATHER
  +--> ?PR?GETKEY?KEYSCAN

?PR?PAGE_WEATHER_ERROR?WEATHER                   -----    -----
  +--> ?PR?OLED_CLEAR?OLED
  +--> ?CO?WEATHER
  +--> ?PR?WEATHER
  +--> ?PR?_OLED_SHOWSTRING?OLED
  +--> ?PR?GETKEY?KEYSCAN

?PR?_PRINT_WEATHER_ALL?WEATHER                   0002H    0013H
  +--> ?CO?WEATHER
  +--> ?PR?WEATHER
  +--> ?PR?_CHAR?DELAY
  +--> ?PR?_OLED_SHOWSTRING?OLED
  +--> ?PR?_OLED_SHOWCHINESESTRING?OLED

?PR?FUNCTION4?MAIN                               -----    -----
  +--> ?PR?PAGE_SETTINGS?SETTINGS

?PR?PAGE_SETTINGS?SETTINGS                       0000H    0001H
  +--> ?PR?OLED_CLEAR?OLED
  +--> ?CO?SETTINGS
  +--> ?PR?SETTINGS
  +--> ?PR?_OLED_SHOWSTRING?OLED
  +--> ?PR?_OLED_SHOWCHAR?OLED
  +--> ?PR?GETKEY?KEYSCAN
  +--> ?PR?PAGE_SET_DATE_AND_TIME?SETTINGS
  +--> ?PR?PAGE_SET_NOTIFICATION?SETTINGS
  +--> ?PR?PAGE_SET_DISPLAY?SETTINGS
  +--> ?PR?PAGE_ABOUT?SETTINGS

?PR?SETTINGS                                     -----    -----
  +--> ?CO?SETTINGS

?PR?PAGE_SET_DATE_AND_TIME?SETTINGS              0001H    001DH
  +--> ?CO?SETTINGS
  +--> ?PR?SETTINGS
  +--> ?PR?GET_INTEGER_YEAR?DS1302
  +--> ?PR?GET_INTEGER_MONTH?DS1302
  +--> ?PR?GET_INTEGER_DAY?DS1302
  +--> ?PR?GET_INTEGER_WEEKDAY?DS1302
  +--> ?PR?GET_INTEGER_HOUR?DS1302
  +--> ?PR?GET_INTEGER_MINUTE?DS1302
  +--> ?PR?GET_INTEGER_SECOND?DS1302
  +--> ?PR?_QUADRUPLE_DIGIT_TO_STRING?DELAY
  +--> ?PR?_DOUBLE_DIGIT_TO_STRING?DELAY
  +--> ?PR?_OLED_SHOWSTRING?OLED
  +--> ?PR?_CHAR?DELAY
  +--> ?PR?_OLED_SHOWCHAR?OLED
  +--> ?PR?_OLED_SHOWSTRING_REVERSE?OLED
  +--> ?PR?GETKEY?KEYSCAN
  +--> ?PR?_ADJUST_12?ALARM
  +--> ?PR?_ADJUST_30?ALARM
  +--> ?PR?_CALCULATE_WEEK_DAY?DS1302
BL51 BANKED LINKER/LOCATER V6.22.4.0                                                  06/10/2024  16:40:34  PAGE 11


  +--> ?PR?_ADJUST_24?ALARM
  +--> ?PR?_ADJUST_60?ALARM
  +--> ?PR?_WRITE_DATE_AND_TIME?DS1302
  +--> ?PR?_DELAY_MS?DELAY
  +--> ?PR?OLED_CLEAR?OLED

?PR?GET_INTEGER_WEEKDAY?DS1302                   -----    -----
  +--> ?PR?READ_DISCRETE_TIME?DS1302

?PR?GET_INTEGER_SECOND?DS1302                    -----    -----
  +--> ?PR?READ_DISCRETE_TIME?DS1302
  +--> ?PR?DS1302

?PR?_ADJUST_30?ALARM                             001EH    0004H
  +--> ?PR?_ISLEAPYEAR?DS1302
  +--> ?PR?ALARM

?PR?_WRITE_DATE_AND_TIME?DS1302                  001EH    0007H
  +--> ?PR?DS1302
  +--> ?PR?_CALCULATE_WEEK_DAY?DS1302
  +--> ?PR?DS1302_WRITE_TIME?DS1302

?PR?DS1302_WRITE_TIME?DS1302                     -----    -----
  +--> ?PR?_DS1302_WRITE_BYTE?DS1302
  +--> ?PR?DS1302

?PR?PAGE_SET_NOTIFICATION?SETTINGS               0001H    000AH
  +--> ?CO?SETTINGS
  +--> ?PR?SETTINGS
  +--> ?PR?OLED_CLEAR?OLED
  +--> ?PR?_OLED_SHOWSTRING?OLED
  +--> ?PR?GETKEY?KEYSCAN
  +--> ?PR?STOPMUSIC?MP3
  +--> ?PR?GET_VOLUME?MP3
  +--> ?PR?_SET_VOLUME?MP3
  +--> ?PR?_PLAYMUSIC?MP3

?PR?PAGE_ABOUT?SETTINGS                          -----    -----
  +--> ?PR?OLED_CLEAR?OLED
  +--> ?CO?SETTINGS
  +--> ?PR?SETTINGS
  +--> ?PR?_OLED_SHOWSTRING?OLED
  +--> ?PR?GETKEY?KEYSCAN

?PR?ALARM_TICK_TOCK?ALARM                        -----    -----
  +--> ?PR?GET_INTEGER_HOUR?DS1302
  +--> ?PR?GET_INTEGER_MINUTE?DS1302
  +--> ?PR?PAGE_RING?ALARM

?PR?PAGE_RING?ALARM                              -----    -----
  +--> ?PR?OLED_CLEAR?OLED
  +--> ?CO?ALARM
  +--> ?PR?ALARM
  +--> ?PR?_OLED_SHOWSTRING?OLED
  +--> ?PR?_SET_SINGLE_LOOP?MP3
  +--> ?PR?_PLAYMUSIC?MP3
  +--> ?PR?GETKEY?KEYSCAN
BL51 BANKED LINKER/LOCATER V6.22.4.0                                                  06/10/2024  16:40:34  PAGE 12


  +--> ?PR?GET_INTEGER_MINUTE?DS1302
  +--> ?PR?STOPMUSIC?MP3

?PR?_SET_SINGLE_LOOP?MP3                         -----    -----
  +--> ?PR?_SEND?MP3

?PR?MQ2_TICK_TOCK?MQ2                            -----    -----
  +--> ?PR?ISSMOKING?MQ2
  +--> ?PR?PAGE_SMOG_ALARM?MQ2

?PR?ISSMOKING?MQ2                                -----    -----
  +--> ?PR?DELAY_FOR_MQ2?DELAY

?PR?PAGE_SMOG_ALARM?MQ2                          0000H    0001H
  +--> ?PR?OLED_CLEAR?OLED
  +--> ?CO?MQ2
  +--> ?PR?_OLED_SHOWSTRING?OLED
  +--> ?PR?GET_VOLUME?MP3
  +--> ?PR?_SET_VOLUME?MP3
  +--> ?PR?_SENDDATA?HC08
  +--> ?PR?_SET_SINGLE_LOOP?MP3
  +--> ?PR?_PLAYMUSIC?MP3
  +--> ?PR?GETKEY?KEYSCAN
  +--> ?PR?ISSMOKING?MQ2
  +--> ?PR?STOPMUSIC?MP3

?PR?_SENDDATA?HC08                               003BH    0003H

?PR?_EVENT_TICK_TOCK?EVENT                       0000H    0002H
  +--> ?CO?EVENT
  +--> ?PR?IS_EVENT_ABOUT_TO_HAPPEN?EVENT
  +--> ?PR?_OLED_SHOWSTRING?OLED

?PR?IS_EVENT_ABOUT_TO_HAPPEN?EVENT               -----    -----
  +--> ?PR?GET_INTEGER_YEAR?DS1302
  +--> ?PR?GET_INTEGER_MONTH?DS1302
  +--> ?PR?GET_INTEGER_DAY?DS1302

?PR?_PRINT_LUNAR_AND_TERM_NOW?DS1302             0000H    0002H
  +--> ?PR?GET_INTEGER_YEAR?DS1302
  +--> ?PR?GET_INTEGER_MONTH?DS1302
  +--> ?PR?GET_INTEGER_DAY?DS1302
  +--> ?PR?_PRINT_LUNAR_AND_TERM_ANY_TIME?DS...

*** NEW ROOT ***************************************************

?PR?COM_INT?HC08                                 002DH    0001H
  +--> ?CO?HC08
  +--> ?PR?SWITCH_HOUR_TYPE?MAIN
  +--> ?PR?SET_DATE_VIA_BT?HC08
  +--> ?PR?SET_TIME_VIA_BT?HC08
  +--> ?PR?SET_ALARM_VIA_BT?HC08
  +--> ?PR?SET_VOLUME_VIA_BT?HC08
  +--> ?PR?RCV_WEATHER_ALL_VIA_BT?HC08
  +--> ?PR?SET_EVENT_VIA_BT?HC08

?PR?SET_DATE_VIA_BT?HC08                         -----    -----
BL51 BANKED LINKER/LOCATER V6.22.4.0                                                  06/10/2024  16:40:34  PAGE 13


  +--> ?PR?HC08
  +--> ?PR?_CHAR_TO_QUADRUPLE_DIGIT?DELAY
  +--> ?PR?_CHAR_TO_DOUBLE_DIGIT?DELAY
  +--> ?PR?_WRITE_DATE?DS1302

?PR?_CHAR_TO_QUADRUPLE_DIGIT?DELAY               002EH    0004H
  +--> ?PR?DELAY

?PR?_CHAR_TO_DOUBLE_DIGIT?DELAY                  -----    -----
  +--> ?PR?_TINYINT?DELAY

?PR?_WRITE_DATE?DS1302                           002EH    0003H
  +--> ?PR?DS1302_READ_TIME?DS1302
  +--> ?PR?DS1302
  +--> ?PR?_CALCULATE_WEEK_DAY?DS1302
  +--> ?PR?DS1302_WRITE_TIME?DS1302

?PR?SET_TIME_VIA_BT?HC08                         -----    -----
  +--> ?PR?HC08
  +--> ?PR?_CHAR_TO_DOUBLE_DIGIT?DELAY
  +--> ?PR?GET_INTEGER_SECOND?DS1302
  +--> ?PR?_WRITE_TIME?DS1302

?PR?_WRITE_TIME?DS1302                           -----    -----
  +--> ?PR?DS1302_READ_TIME?DS1302
  +--> ?PR?DS1302
  +--> ?PR?DS1302_WRITE_TIME?DS1302

?PR?SET_ALARM_VIA_BT?HC08                        -----    -----
  +--> ?PR?HC08
  +--> ?PR?_CHAR_TO_DOUBLE_DIGIT?DELAY
  +--> ?PR?_TINYINT?DELAY
  +--> ?PR?_SET_ALARM?ALARM

?PR?_SET_ALARM?ALARM                             002EH    0004H

?PR?SET_VOLUME_VIA_BT?HC08                       -----    -----
  +--> ?PR?_TINYINT?DELAY
  +--> ?PR?_SET_VOLUME?MP3
  +--> ?PR?HC08

?PR?RCV_WEATHER_ALL_VIA_BT?HC08                  002EH    000DH
  +--> ?CO?HC08
  +--> ?PR?_SENDDATA?HC08
  +--> ?PR?HC08
  +--> ?PR?_STRNCPY?STRNCPY
  +--> ?PR?_SET_WEATHER_FROM_STR?WEATHER

?PR?_STRNCPY?STRNCPY                             003BH    000AH

?PR?_SET_WEATHER_FROM_STR?WEATHER                003BH    0004H
  +--> ?PR?WEATHER
  +--> ?PR?_CHAR_TO_DOUBLE_DIGIT?DELAY

?PR?SET_EVENT_VIA_BT?HC08                        -----    -----
  +--> ?PR?HC08
  +--> ?PR?_SET_EVENT_CONTENT?EVENT
BL51 BANKED LINKER/LOCATER V6.22.4.0                                                  06/10/2024  16:40:34  PAGE 14


  +--> ?PR?_CHAR_TO_QUADRUPLE_DIGIT?DELAY
  +--> ?PR?_CHAR_TO_DOUBLE_DIGIT?DELAY
  +--> ?PR?_TINYINT?DELAY
  +--> ?PR?_SET_EVENT_CONTROL?EVENT
  +--> ?CO?HC08
  +--> ?PR?_SENDDATA?HC08

?PR?_SET_EVENT_CONTENT?EVENT                     002EH    0003H
  +--> ?PR?EVENT

?PR?_SET_EVENT_CONTROL?EVENT                     002EH    0005H



SYMBOL TABLE OF MODULE:  .\Objects\main (?C_STARTUP)

  VALUE           TYPE          NAME
  ----------------------------------

  -------         MODULE        ?C_STARTUP
  C:68FEH         SEGMENT       ?C_C51STARTUP
  I:0008H         SEGMENT       ?STACK
  C:0000H         PUBLIC        ?C_STARTUP
  D:00E0H         SYMBOL        ACC
  D:00F0H         SYMBOL        B
  D:0083H         SYMBOL        DPH
  D:0082H         SYMBOL        DPL
  N:0000H         SYMBOL        IBPSTACK
  N:0100H         SYMBOL        IBPSTACKTOP
  N:0080H         SYMBOL        IDATALEN
  C:6901H         SYMBOL        IDATALOOP
  N:0000H         SYMBOL        PBPSTACK
  N:0100H         SYMBOL        PBPSTACKTOP
  N:0000H         SYMBOL        PDATALEN
  N:0000H         SYMBOL        PDATASTART
  N:0000H         SYMBOL        PPAGE
  N:0000H         SYMBOL        PPAGEENABLE
  D:00A0H         SYMBOL        PPAGE_SFR
  D:0081H         SYMBOL        SP
  C:68FEH         SYMBOL        STARTUP1
  N:0000H         SYMBOL        XBPSTACK
  N:0000H         SYMBOL        XBPSTACKTOP
  N:0000H         SYMBOL        XDATALEN
  N:0000H         SYMBOL        XDATASTART
  C:0000H         LINE#         126
  C:68FEH         LINE#         133
  C:6900H         LINE#         134
  C:6901H         LINE#         135
  C:6902H         LINE#         136
  C:6904H         LINE#         185
  C:6907H         LINE#         196
  -------         ENDMOD        ?C_STARTUP

  -------         MODULE        OLED
  C:0000H         SYMBOL        _ICE_DUMMY_
  C:7CC6H         PUBLIC        OLED_Display_On
  D:0090H         PUBLIC        P1
BL51 BANKED LINKER/LOCATER V6.22.4.0                                                  06/10/2024  16:40:34  PAGE 15


  D:00B0H         PUBLIC        P3
  C:1D2AH         PUBLIC        Lunar
  D:00A8H         PUBLIC        IE
  D:00B8H         PUBLIC        IP
  C:6A16H         PUBLIC        OLED_Init
  C:7C3FH         PUBLIC        _Write_IIC_Data
  C:73EBH         PUBLIC        _OLED_ShowString
  C:7B13H         PUBLIC        _OLED_WR_Byte
  C:5F1BH         PUBLIC        _OLED_ShowChar
  C:0026H         PUBLIC        F6x8
  C:108AH         PUBLIC        Hzk
  D:0098H         PUBLIC        SCON
  B:0090H.6       PUBLIC        OLED_SDIN
  D:0088H         PUBLIC        TCON
  C:10AAH         PUBLIC        SolarTermLib
  C:0003H         PUBLIC        _Write_IIC_Byte
  C:024EH         PUBLIC        F8X16
  C:7C04H         PUBLIC        IIC_Wait_Ack
  C:7CBDH         PUBLIC        IIC_Start
  C:7992H         PUBLIC        _OLED_Set_Pos
  C:7CD8H         PUBLIC        IIC_Stop
  C:742DH         PUBLIC        _OLED_ShowString_Reverse
  D:00C8H         PUBLIC        T2CON
  C:083EH         PUBLIC        F12X24
  C:7C34H         PUBLIC        _Write_IIC_Command
  B:0090H.7       PUBLIC        OLED_SCL
  C:7054H         PUBLIC        _OLED_ShowChineseString
  C:5CA5H         PUBLIC        _OLED_ShowChar_Reverse
  C:21AAH         PUBLIC        WeatherLib
  C:674BH         PUBLIC        _OLED_ShowChinese
  C:77F9H         PUBLIC        OLED_Clear
  C:686EH         PUBLIC        _OLED_DrawBMP
  D:00D0H         PUBLIC        PSW
  C:590AH         SYMBOL        Com0073
  C:590AH         SYMBOL        L?0116
  C:5915H         SYMBOL        L?0117
  C:5918H         SYMBOL        L?0118
  C:5920H         SYMBOL        L?0119
  C:5920H         SYMBOL        L?0120
  C:5929H         SYMBOL        L?0121
  C:5933H         SYMBOL        L?0122
  C:5933H         SYMBOL        L?0123
  C:5936H         SYMBOL        L?0124
  C:593AH         SYMBOL        L?0125
  C:5946H         SYMBOL        L?0126
  C:5946H         SYMBOL        L?0127
  C:5949H         SYMBOL        L?0128
  C:594DH         SYMBOL        L?0129
  C:5954H         SYMBOL        L?0130
  C:597CH         SYMBOL        L?0132
  C:597CH         SYMBOL        L?0133
  C:5984H         SYMBOL        L?0134
  C:5997H         SYMBOL        L?0136
  C:59A4H         SYMBOL        L?0137
  C:59B1H         SYMBOL        L?0138
  C:59B4H         SYMBOL        L?0139
  C:59BAH         SYMBOL        L?0140
BL51 BANKED LINKER/LOCATER V6.22.4.0                                                  06/10/2024  16:40:34  PAGE 16


  C:59BAH         SYMBOL        L?0141
  C:59C2H         SYMBOL        L?0142
  C:59C2H         SYMBOL        L?0143
  C:59CAH         SYMBOL        L?0144
  C:59CAH         SYMBOL        L?0145
  C:59D2H         SYMBOL        L?0146
  C:59D2H         SYMBOL        L?0147
  C:59DAH         SYMBOL        L?0148
  C:59E6H         SYMBOL        L?0149
  C:59E6H         SYMBOL        L?0150
  C:59EEH         SYMBOL        L?0151
  C:59F9H         SYMBOL        L?0152
  -------         PROC          COM0073
  -------         ENDPROC       COM0073
  -------         PROC          IIC_START
  C:7CBDH         LINE#         19
  C:7CBDH         LINE#         20
  C:7CBDH         LINE#         21
  C:7CBFH         LINE#         22
  C:7CC1H         LINE#         23
  C:7CC3H         LINE#         24
  C:7CC5H         LINE#         25
  -------         ENDPROC       IIC_START
  -------         PROC          IIC_STOP
  C:7CD8H         LINE#         30
  C:7CD8H         LINE#         31
  C:7CD8H         LINE#         32
  C:7CDAH         LINE#         33
  C:7CDCH         LINE#         34
  C:7CDEH         LINE#         35
  -------         ENDPROC       IIC_STOP
  -------         PROC          L?0131
  -------         ENDPROC       L?0131
  -------         PROC          IIC_WAIT_ACK
  C:7C04H         LINE#         37
  C:7C04H         LINE#         38
  C:7C04H         LINE#         39
  C:7C06H         LINE#         40
  C:7C08H         LINE#         41
  -------         ENDPROC       IIC_WAIT_ACK
  -------         PROC          _WRITE_IIC_BYTE
  D:0007H         SYMBOL        IIC_Byte
  -------         DO            
  D:0006H         SYMBOL        i
  D:0005H         SYMBOL        m
  D:0007H         SYMBOL        da
  -------         ENDDO         
  C:0003H         LINE#         46
  C:0003H         LINE#         47
  C:0003H         LINE#         50
  C:0003H         LINE#         51
  C:0005H         LINE#         52
  C:0007H         LINE#         53
  C:0007H         LINE#         54
  C:0009H         LINE#         56
  C:000CH         LINE#         57
  C:000FH         LINE#         58
BL51 BANKED LINKER/LOCATER V6.22.4.0                                                  06/10/2024  16:40:34  PAGE 17


  C:0013H         LINE#         59
  C:0015H         LINE#         60
  C:0019H         LINE#         61
  C:001BH         LINE#         62
  C:001DH         LINE#         63
  C:0022H         LINE#         64
  -------         ENDPROC       _WRITE_IIC_BYTE
  -------         PROC          _WRITE_IIC_COMMAND
  D:0004H         SYMBOL        IIC_Command
  C:7C34H         LINE#         69
  C:7C34H         LINE#         70
  C:7C34H         LINE#         71
  C:7C34H         LINE#         72
  C:7C34H         LINE#         73
  C:7C37H         LINE#         74
  C:7C39H         LINE#         75
  C:7C39H         LINE#         76
  C:7C39H         LINE#         77
  C:7C3CH         LINE#         78
  -------         ENDPROC       _WRITE_IIC_COMMAND
  -------         PROC          _WRITE_IIC_DATA
  D:0004H         SYMBOL        IIC_Data
  C:7C3FH         LINE#         83
  C:7C3FH         LINE#         84
  C:7C3FH         LINE#         85
  C:7C3FH         LINE#         86
  C:7C3FH         LINE#         87
  C:7C42H         LINE#         88
  C:7C44H         LINE#         89
  C:7C44H         LINE#         90
  C:7C44H         LINE#         91
  C:7C47H         LINE#         92
  -------         ENDPROC       _WRITE_IIC_DATA
  -------         PROC          L?0135
  -------         ENDPROC       L?0135
  -------         PROC          _OLED_WR_BYTE
  D:0002H         SYMBOL        dat
  D:0004H         SYMBOL        cmd
  C:7B13H         LINE#         94
  C:7B17H         LINE#         95
  C:7B17H         LINE#         96
  C:7B1BH         LINE#         97
  C:7B1BH         LINE#         98
  C:7B1EH         LINE#         99
  C:7B1EH         LINE#         101
  C:7B1EH         LINE#         102
  C:7B23H         LINE#         103
  C:7B23H         LINE#         104
  -------         ENDPROC       _OLED_WR_BYTE
  -------         PROC          _OLED_SET_POS
  D:0001H         SYMBOL        x
  D:0005H         SYMBOL        y
  C:7992H         LINE#         126
  C:7994H         LINE#         127
  C:7998H         LINE#         128
  C:79A9H         LINE#         129
  -------         ENDPROC       _OLED_SET_POS
BL51 BANKED LINKER/LOCATER V6.22.4.0                                                  06/10/2024  16:40:34  PAGE 18


  -------         PROC          OLED_DISPLAY_ON
  C:7CC6H         LINE#         133
  C:7CC6H         LINE#         134
  C:7CC6H         LINE#         135
  C:7CC6H         LINE#         136
  C:7CC6H         LINE#         137
  -------         ENDPROC       OLED_DISPLAY_ON
  -------         PROC          OLED_CLEAR
  -------         DO            
  D:0001H         SYMBOL        i
  X:001EH         SYMBOL        n
  -------         ENDDO         
  C:77F9H         LINE#         149
  C:77F9H         LINE#         150
  C:77F9H         LINE#         152
  C:77FBH         LINE#         153
  C:77FBH         LINE#         154
  C:77FFH         LINE#         155
  C:7801H         LINE#         156
  C:780AH         LINE#         157
  C:7825H         LINE#         158
  C:782AH         LINE#         159
  -------         ENDPROC       OLED_CLEAR
  -------         PROC          _OLED_SHOWCHAR
  X:0025H         SYMBOL        x
  X:0026H         SYMBOL        y
  D:0003H         SYMBOL        chr
  X:0028H         SYMBOL        Char_Size
  -------         DO            
  X:0029H         SYMBOL        c
  D:0001H         SYMBOL        i
  -------         ENDDO         
  C:5F1BH         LINE#         178
  C:5F25H         LINE#         179
  C:5F25H         LINE#         180
  C:5F28H         LINE#         182
  C:5F28H         LINE#         183
  C:5F33H         LINE#         184
  C:5F3BH         LINE#         185
  C:5F3BH         LINE#         186
  C:5F3EH         LINE#         187
  C:5F55H         LINE#         188
  C:5F59H         LINE#         189
  C:5F5CH         LINE#         190
  C:5F78H         LINE#         191
  C:5F78H         LINE#         192
  C:5F80H         LINE#         193
  C:5F80H         LINE#         194
  C:5F83H         LINE#         195
  C:5F93H         LINE#         196
  C:5F93H         LINE#         197
  C:5F9BH         LINE#         198
  C:5F9BH         LINE#         199
  C:5F9EH         LINE#         200
  C:5FB2H         LINE#         201
  C:5FB6H         LINE#         202
  C:5FB9H         LINE#         203
BL51 BANKED LINKER/LOCATER V6.22.4.0                                                  06/10/2024  16:40:34  PAGE 19


  C:5FCDH         LINE#         204
  C:5FD2H         LINE#         205
  C:5FD5H         LINE#         206
  C:5FE9H         LINE#         207
  C:5FE9H         LINE#         208
  -------         ENDPROC       _OLED_SHOWCHAR
  -------         PROC          _OLED_SHOWCHAR_REVERSE
  X:0028H         SYMBOL        x
  X:0029H         SYMBOL        y
  D:0003H         SYMBOL        chr
  X:002BH         SYMBOL        Char_Size
  -------         DO            
  X:002CH         SYMBOL        c
  D:0001H         SYMBOL        i
  -------         ENDDO         
  C:5CA5H         LINE#         209
  C:5CAFH         LINE#         210
  C:5CAFH         LINE#         211
  C:5CB2H         LINE#         213
  C:5CB2H         LINE#         214
  C:5CBDH         LINE#         215
  C:5CC5H         LINE#         216
  C:5CC5H         LINE#         217
  C:5CC8H         LINE#         218
  C:5CCBH         LINE#         219
  C:5CE3H         LINE#         220
  C:5CE7H         LINE#         221
  C:5CEAH         LINE#         222
  C:5D03H         LINE#         223
  C:5D03H         LINE#         224
  C:5D0BH         LINE#         225
  C:5D0EH         LINE#         226
  C:5D11H         LINE#         227
  C:5D1EH         LINE#         229
  C:5D1EH         LINE#         230
  C:5D26H         LINE#         231
  C:5D29H         LINE#         232
  C:5D2CH         LINE#         233
  C:5D40H         LINE#         234
  C:5D44H         LINE#         235
  C:5D47H         LINE#         236
  C:5D5BH         LINE#         237
  C:5D60H         LINE#         238
  C:5D63H         LINE#         239
  C:5D77H         LINE#         240
  C:5D77H         LINE#         241
  -------         ENDPROC       _OLED_SHOWCHAR_REVERSE
  -------         PROC          _OLED_SHOWSTRING
  X:001EH         SYMBOL        x
  X:001FH         SYMBOL        y
  X:0020H         SYMBOL        chr
  X:0023H         SYMBOL        Char_Size
  -------         DO            
  X:0024H         SYMBOL        j
  -------         ENDDO         
  C:73EBH         LINE#         276
  C:73EEH         LINE#         277
BL51 BANKED LINKER/LOCATER V6.22.4.0                                                  06/10/2024  16:40:34  PAGE 20


  C:73F5H         LINE#         279
  C:7404H         LINE#         280
  C:7417H         LINE#         281
  C:7424H         LINE#         283
  C:742AH         LINE#         284
  C:742CH         LINE#         285
  -------         ENDPROC       _OLED_SHOWSTRING
  -------         PROC          _OLED_SHOWSTRING_REVERSE
  X:001EH         SYMBOL        x
  X:001FH         SYMBOL        y
  X:0020H         SYMBOL        chr
  X:0023H         SYMBOL        Char_Size
  -------         DO            
  X:0024H         SYMBOL        j
  -------         ENDDO         
  C:742DH         LINE#         287
  C:7430H         LINE#         288
  C:7437H         LINE#         290
  C:7446H         LINE#         291
  C:7459H         LINE#         292
  C:7466H         LINE#         294
  C:746CH         LINE#         295
  C:746EH         LINE#         296
  -------         ENDPROC       _OLED_SHOWSTRING_REVERSE
  -------         PROC          _OLED_SHOWCHINESE
  X:001FH         SYMBOL        x
  X:0020H         SYMBOL        y
  D:0003H         SYMBOL        sel_lib
  X:0022H         SYMBOL        num
  -------         DO            
  X:0023H         SYMBOL        t
  X:0024H         SYMBOL        adder
  X:0025H         SYMBOL        lib
  -------         ENDDO         
  C:674BH         LINE#         299
  C:6753H         LINE#         300
  C:6758H         LINE#         302
  C:6766H         LINE#         303
  C:676EH         LINE#         304
  C:6776H         LINE#         305
  C:677EH         LINE#         306
  C:678CH         LINE#         307
  C:679BH         LINE#         308
  C:679BH         LINE#         309
  C:679EH         LINE#         310
  C:67A1H         LINE#         311
  C:67AEH         LINE#         312
  C:67AEH         LINE#         313
  C:67B3H         LINE#         314
  C:67B7H         LINE#         315
  C:67BAH         LINE#         316
  C:67D7H         LINE#         317
  C:67D7H         LINE#         318
  C:67DCH         LINE#         319
  -------         ENDPROC       _OLED_SHOWCHINESE
  -------         PROC          _OLED_SHOWCHINESESTRING
  X:0017H         SYMBOL        x
BL51 BANKED LINKER/LOCATER V6.22.4.0                                                  06/10/2024  16:40:34  PAGE 21


  X:0018H         SYMBOL        y
  X:0019H         SYMBOL        sel_lib
  X:001AH         SYMBOL        chr
  X:001DH         SYMBOL        length
  -------         DO            
  X:001EH         SYMBOL        j
  -------         ENDDO         
  C:7054H         LINE#         321
  C:705FH         LINE#         322
  C:705FH         LINE#         323
  C:7064H         LINE#         325
  C:7071H         LINE#         326
  C:7090H         LINE#         327
  C:7097H         LINE#         328
  C:70A0H         LINE#         329
  C:70A8H         LINE#         330
  -------         ENDPROC       _OLED_SHOWCHINESESTRING
  -------         PROC          _OLED_DRAWBMP
  X:0000H         SYMBOL        x0
  D:0005H         SYMBOL        y0
  X:0002H         SYMBOL        x1
  X:0003H         SYMBOL        y1
  X:0004H         SYMBOL        BMP
  -------         DO            
  X:0007H         SYMBOL        j
  X:0009H         SYMBOL        x
  X:000AH         SYMBOL        y
  -------         ENDDO         
  C:686EH         LINE#         333
  C:6878H         LINE#         334
  C:6878H         LINE#         335
  C:687FH         LINE#         337
  C:6890H         LINE#         338
  C:689EH         LINE#         339
  C:68B1H         LINE#         340
  C:68B1H         LINE#         341
  C:68B9H         LINE#         342
  C:68CBH         LINE#         343
  C:68CBH         LINE#         344
  C:68EDH         LINE#         345
  C:68F5H         LINE#         346
  C:68FDH         LINE#         347
  -------         ENDPROC       _OLED_DRAWBMP
  -------         PROC          OLED_INIT
  C:6A16H         LINE#         350
  C:6A16H         LINE#         351
  C:6A16H         LINE#         353
  C:6A1BH         LINE#         354
  C:6A1FH         LINE#         355
  C:6A24H         LINE#         356
  C:6A29H         LINE#         357
  C:6A2EH         LINE#         358
  C:6A33H         LINE#         359
  C:6A38H         LINE#         360
  C:6A3DH         LINE#         361
  C:6A42H         LINE#         362
  C:6A47H         LINE#         363
BL51 BANKED LINKER/LOCATER V6.22.4.0                                                  06/10/2024  16:40:34  PAGE 22


  C:6A4CH         LINE#         364
  C:6A51H         LINE#         365
  C:6A56H         LINE#         366
  C:6A5AH         LINE#         368
  C:6A5FH         LINE#         369
  C:6A64H         LINE#         371
  C:6A69H         LINE#         372
  C:6A6EH         LINE#         374
  C:6A73H         LINE#         375
  C:6A78H         LINE#         377
  C:6A7DH         LINE#         378
  C:6A82H         LINE#         380
  C:6A87H         LINE#         381
  C:6A90H         LINE#         383
  C:6A90H         LINE#         384
  C:6A90H         LINE#         386
  -------         ENDPROC       OLED_INIT
  -------         ENDMOD        OLED

  -------         MODULE        MAIN
  C:0000H         SYMBOL        _ICE_DUMMY_
  D:0080H         PUBLIC        P0
  D:0090H         PUBLIC        P1
  D:00A0H         PUBLIC        P2
  D:00B0H         PUBLIC        P3
  D:00A8H         PUBLIC        IE
  D:00B8H         PUBLIC        IP
  C:6A99H         PUBLIC        function2
  C:5E4BH         PUBLIC        function3
  C:7CF9H         PUBLIC        function4
  C:6585H         PUBLIC        main
  D:0098H         PUBLIC        SCON
  D:0088H         PUBLIC        TCON
  C:7B57H         PUBLIC        switch_hour_type
  X:00BEH         PUBLIC        hour_type
  D:00C8H         PUBLIC        T2CON
  C:43C7H         PUBLIC        start_up
  D:00D0H         PUBLIC        PSW
  C:79DBH         SYMBOL        Com002E
  C:79DBH         SYMBOL        L?0047
  C:79DBH         SYMBOL        L?0048
  C:79E9H         SYMBOL        L?0049
  C:79EBH         SYMBOL        L?0050
  C:79F2H         SYMBOL        L?0051
  -------         PROC          COM002E
  -------         ENDPROC       COM002E
  -------         PROC          SWITCH_HOUR_TYPE
  C:7B57H         LINE#         21
  C:7B57H         LINE#         22
  C:7B63H         LINE#         23
  C:7B6DH         LINE#         24
  -------         ENDPROC       SWITCH_HOUR_TYPE
  -------         PROC          FUNCTION3
  -------         DO            
  X:0000H         SYMBOL        selection
  -------         ENDDO         
  C:5E4BH         LINE#         26
BL51 BANKED LINKER/LOCATER V6.22.4.0                                                  06/10/2024  16:40:34  PAGE 23


  C:5E4BH         LINE#         27
  C:5E50H         LINE#         28
  C:5E53H         LINE#         29
  C:5E53H         LINE#         30
  C:5E61H         LINE#         31
  C:5E6FH         LINE#         32
  C:5E7FH         LINE#         33
  C:5E8FH         LINE#         34
  C:5E98H         LINE#         35
  C:5EA0H         LINE#         36
  C:5EA9H         LINE#         37
  C:5EB5H         LINE#         38
  C:5EBBH         LINE#         39
  C:5EBEH         LINE#         40
  C:5EC6H         LINE#         41
  C:5ECFH         LINE#         42
  C:5EDBH         LINE#         43
  C:5EE1H         LINE#         44
  C:5EE4H         LINE#         45
  C:5EEAH         LINE#         46
  C:5EEDH         LINE#         47
  C:5EEDH         LINE#         48
  C:5EEDH         LINE#         49
  C:5EF8H         LINE#         50
  C:5F09H         LINE#         51
  C:5F0FH         LINE#         52
  C:5F15H         LINE#         53
  -------         ENDPROC       FUNCTION3
  -------         PROC          FUNCTION2
  -------         DO            
  X:0000H         SYMBOL        year
  X:0002H         SYMBOL        month
  X:0003H         SYMBOL        day
  -------         ENDDO         
  C:6A99H         LINE#         61
  C:6A99H         LINE#         62
  C:6AA4H         LINE#         63
  C:6AB4H         LINE#         64
  C:6AB7H         LINE#         65
  C:6AB7H         LINE#         66
  C:6ACDH         LINE#         67
  C:6AE3H         LINE#         68
  C:6AE9H         LINE#         69
  C:6AEFH         LINE#         70
  C:6AF8H         LINE#         71
  C:6AFAH         LINE#         72
  C:6B00H         LINE#         73
  C:6B06H         LINE#         74
  C:6B0FH         LINE#         75
  C:6B11H         LINE#         76
  C:6B19H         LINE#         77
  -------         ENDPROC       FUNCTION2
  -------         PROC          FUNCTION4
  C:7CF9H         LINE#         83
  C:7CF9H         LINE#         84
  -------         ENDPROC       FUNCTION4
  -------         PROC          MAIN
BL51 BANKED LINKER/LOCATER V6.22.4.0                                                  06/10/2024  16:40:34  PAGE 24


  C:6585H         LINE#         88
  C:6585H         LINE#         89
  C:658CH         LINE#         90
  C:658FH         LINE#         91
  C:6592H         LINE#         92
  C:6595H         LINE#         93
  C:6598H         LINE#         94
  C:659BH         LINE#         95
  C:65B3H         LINE#         96
  C:65BAH         LINE#         97
  C:65BDH         LINE#         98
  C:65C0H         LINE#         99
  C:65C3H         LINE#         100
  C:65C6H         LINE#         101
  C:65C6H         LINE#         102
  C:65D2H         LINE#         103
  C:65D9H         LINE#         105
  C:65E0H         LINE#         106
  C:65F2H         LINE#         107
  C:65F7H         LINE#         108
  C:65FCH         LINE#         109
  C:6601H         LINE#         110
  C:6604H         LINE#         111
  C:6604H         LINE#         112
  C:6604H         LINE#         113
  C:6607H         LINE#         114
  C:660AH         LINE#         115
  C:6611H         LINE#         116
  C:661EH         LINE#         117
  -------         ENDPROC       MAIN
  -------         ENDMOD        MAIN

  -------         MODULE        DS1302
  C:0000H         SYMBOL        _ICE_DUMMY_
  D:0090H         PUBLIC        P1
  D:00B0H         PUBLIC        P3
  C:7C9FH         PUBLIC        get_integer_minute
  D:00A8H         PUBLIC        IE
  B:00B0H.5       PUBLIC        IO
  D:00B8H         PUBLIC        IP
  C:782BH         PUBLIC        _print_lunar_and_term_now
  C:7C81H         PUBLIC        get_integer_month
  C:6B1CH         PUBLIC        _print_lunar_and_term_any_time
  C:778BH         PUBLIC        get_integer_year
  C:71E6H         PUBLIC        _write_date
  C:78BBH         PUBLIC        ds1302_read_time
  D:0098H         PUBLIC        SCON
  C:7C8BH         PUBLIC        get_integer_day
  C:7570H         PUBLIC        _ds1302_read_byte
  D:0088H         PUBLIC        TCON
  C:698AH         PUBLIC        _print_lunar
  C:7C95H         PUBLIC        get_integer_hour
  C:7CE5H         PUBLIC        ds1302_init
  C:788CH         PUBLIC        _write_time
  C:75EDH         PUBLIC        ds1302_write_time
  C:7CB3H         SYMBOL        _?ix1000
  C:7CB5H         SYMBOL        _?ix1001
BL51 BANKED LINKER/LOCATER V6.22.4.0                                                  06/10/2024  16:40:34  PAGE 25


  C:7CB7H         SYMBOL        _?ix1002
  C:76A2H         PUBLIC        _ds1302_write_byte
  C:7CBBH         SYMBOL        _?ix1003
  X:005EH         PUBLIC        time_buf
  C:6DBAH         PUBLIC        _write_date_and_time
  B:00B0H.4       PUBLIC        SCK
  C:67DDH         PUBLIC        _calculate_week_day
  C:7CCFH         PUBLIC        get_integer_weekday
  C:6172H         PUBLIC        _print_date_now
  D:00C8H         PUBLIC        T2CON
  C:6C82H         PUBLIC        read_discrete_time
  C:66B8H         PUBLIC        _print_date_any_time
  X:0066H         PUBLIC        dis_time_buf
  C:7CA9H         PUBLIC        get_integer_second
  C:796AH         PUBLIC        _isLeapYear
  C:5AF6H         PUBLIC        _print_time_now
  B:00B0H.6       PUBLIC        RST
  D:00D0H         PUBLIC        PSW
  C:5A03H         SYMBOL        Com004C
  C:5A03H         SYMBOL        L?0077
  C:5A08H         SYMBOL        L?0078
  C:5A0AH         SYMBOL        L?0079
  C:5A14H         SYMBOL        L?0080
  C:5A18H         SYMBOL        L?0081
  C:5A2BH         SYMBOL        L?0082
  C:5A2FH         SYMBOL        L?0083
  C:5A36H         SYMBOL        L?0084
  C:5A3FH         SYMBOL        L?0085
  C:5A49H         SYMBOL        L?0086
  C:5A49H         SYMBOL        L?0087
  C:5A53H         SYMBOL        L?0088
  C:5A5DH         SYMBOL        L?0089
  C:5A63H         SYMBOL        L?0090
  C:5A6BH         SYMBOL        L?0091
  C:5A6EH         SYMBOL        L?0092
  C:5A77H         SYMBOL        L?0093
  C:5A77H         SYMBOL        L?0094
  C:5A82H         SYMBOL        L?0095
  C:5A85H         SYMBOL        L?0096
  C:5A8CH         SYMBOL        L?0097
  C:5A98H         SYMBOL        L?0098
  C:5A9FH         SYMBOL        L?0099
  C:5AA3H         SYMBOL        L?0100
  C:5AAAH         SYMBOL        L?0101
  C:5AB1H         SYMBOL        L?0102
  C:5AB8H         SYMBOL        L?0103
  C:5ACBH         SYMBOL        L?0104
  C:5ACBH         SYMBOL        L?0105
  C:5AD2H         SYMBOL        L?0106
  C:5AD2H         SYMBOL        L?0107
  C:5AD9H         SYMBOL        L?0108
  C:5AE4H         SYMBOL        L?0109
  C:5AE5H         SYMBOL        L?0110
  C:5AECH         SYMBOL        L?0111
  -------         PROC          COM004C
  -------         ENDPROC       COM004C
  -------         PROC          DS1302_INIT
BL51 BANKED LINKER/LOCATER V6.22.4.0                                                  06/10/2024  16:40:34  PAGE 26


  C:7CE5H         LINE#         14
  C:7CE5H         LINE#         15
  C:7CE5H         LINE#         16
  C:7CE7H         LINE#         17
  C:7CE9H         LINE#         18
  -------         ENDPROC       DS1302_INIT
  -------         PROC          _DS1302_WRITE_BYTE
  D:0007H         SYMBOL        addr
  D:0005H         SYMBOL        d
  -------         DO            
  D:0006H         SYMBOL        i
  -------         ENDDO         
  C:76A2H         LINE#         20
  C:76A2H         LINE#         21
  C:76A2H         LINE#         23
  C:76A4H         LINE#         25
  C:76A8H         LINE#         26
  C:76AAH         LINE#         27
  C:76AEH         LINE#         28
  C:76B0H         LINE#         29
  C:76B2H         LINE#         30
  C:76B2H         LINE#         31
  C:76B4H         LINE#         32
  C:76B4H         LINE#         33
  C:76B6H         LINE#         34
  C:76B8H         LINE#         35
  C:76BCH         LINE#         36
  C:76C1H         LINE#         38
  C:76C3H         LINE#         39
  C:76C7H         LINE#         40
  C:76C9H         LINE#         41
  C:76CBH         LINE#         42
  C:76CBH         LINE#         43
  C:76CDH         LINE#         44
  C:76CDH         LINE#         45
  C:76CFH         LINE#         46
  C:76D1H         LINE#         47
  C:76D5H         LINE#         48
  C:76DAH         LINE#         49
  C:76DCH         LINE#         50
  -------         ENDPROC       _DS1302_WRITE_BYTE
  -------         PROC          _DS1302_READ_BYTE
  D:0007H         SYMBOL        addr
  -------         DO            
  D:0005H         SYMBOL        i
  D:0006H         SYMBOL        temp
  -------         ENDDO         
  C:7570H         LINE#         53
  C:7570H         LINE#         56
  C:7572H         LINE#         58
  C:7576H         LINE#         59
  C:7578H         LINE#         60
  C:757CH         LINE#         61
  C:757EH         LINE#         62
  C:7580H         LINE#         63
  C:7580H         LINE#         64
  C:7582H         LINE#         65
BL51 BANKED LINKER/LOCATER V6.22.4.0                                                  06/10/2024  16:40:34  PAGE 27


  C:7582H         LINE#         66
  C:7584H         LINE#         67
  C:7586H         LINE#         68
  C:758AH         LINE#         69
  C:758FH         LINE#         71
  C:7591H         LINE#         72
  C:7595H         LINE#         73
  C:7598H         LINE#         74
  C:759BH         LINE#         75
  C:759DH         LINE#         76
  C:759DH         LINE#         77
  C:75A1H         LINE#         78
  C:75A1H         LINE#         79
  C:75A3H         LINE#         80
  C:75A5H         LINE#         81
  C:75AAH         LINE#         82
  C:75ACH         LINE#         83
  C:75AEH         LINE#         84
  -------         ENDPROC       _DS1302_READ_BYTE
  -------         PROC          DS1302_WRITE_TIME
  C:75EDH         LINE#         86
  C:75EDH         LINE#         87
  C:75EDH         LINE#         88
  C:75F4H         LINE#         89
  C:75FBH         LINE#         91
  C:7605H         LINE#         92
  C:7607H         LINE#         93
  C:760CH         LINE#         94
  C:7611H         LINE#         95
  C:7619H         LINE#         96
  C:761BH         LINE#         97
  C:7623H         LINE#         98
  -------         ENDPROC       DS1302_WRITE_TIME
  -------         PROC          DS1302_READ_TIME
  C:78BBH         LINE#         101
  C:78BBH         LINE#         102
  C:78BBH         LINE#         103
  C:78C5H         LINE#         104
  C:78CAH         LINE#         105
  C:78CFH         LINE#         106
  C:78D4H         LINE#         107
  C:78D9H         LINE#         108
  C:78E3H         LINE#         109
  C:78E8H         LINE#         110
  -------         ENDPROC       DS1302_READ_TIME
  -------         PROC          _PRINT_TIME_NOW
  X:0000H         SYMBOL        x
  X:0001H         SYMBOL        y
  X:0002H         SYMBOL        hour_type
  -------         DO            
  D:0007H         SYMBOL        hour
  X:0003H         SYMBOL        time_to_show
  X:000CH         SYMBOL        am_or_pm
  -------         ENDDO         
  C:5AF6H         LINE#         112
  C:5AFEH         LINE#         115
  C:5B01H         LINE#         116
BL51 BANKED LINKER/LOCATER V6.22.4.0                                                  06/10/2024  16:40:34  PAGE 28


  C:5B09H         LINE#         117
  C:5B0CH         LINE#         118
  C:5B15H         LINE#         119
  C:5B17H         LINE#         120
  C:5B17H         LINE#         121
  C:5B19H         LINE#         122
  C:5B19H         LINE#         123
  C:5B1CH         LINE#         124
  C:5B20H         LINE#         125
  C:5B20H         LINE#         126
  C:5B2AH         LINE#         127
  C:5B32H         LINE#         128
  C:5B35H         LINE#         129
  C:5B37H         LINE#         130
  C:5B37H         LINE#         131
  C:5B3DH         LINE#         132
  C:5B3FH         LINE#         133
  C:5B3FH         LINE#         134
  C:5B4EH         LINE#         135
  C:5B56H         LINE#         136
  C:5B63H         LINE#         137
  C:5B67H         LINE#         138
  C:5B74H         LINE#         139
  C:5B81H         LINE#         140
  C:5B85H         LINE#         141
  C:5B92H         LINE#         142
  C:5B9FH         LINE#         143
  C:5BA2H         LINE#         144
  C:5BA6H         LINE#         145
  C:5BBBH         LINE#         146
  -------         ENDPROC       _PRINT_TIME_NOW
  -------         PROC          _PRINT_DATE_NOW
  X:0000H         SYMBOL        x
  X:0001H         SYMBOL        y
  -------         DO            
  X:0002H         SYMBOL        date_to_show
  X:000DH         SYMBOL        weekday_char
  -------         ENDDO         
  C:6172H         LINE#         149
  C:617AH         LINE#         151
  C:6185H         LINE#         152
  C:6188H         LINE#         153
  C:6195H         LINE#         154
  C:61A2H         LINE#         155
  C:61AFH         LINE#         156
  C:61BCH         LINE#         157
  C:61C0H         LINE#         158
  C:61CDH         LINE#         159
  C:61DAH         LINE#         160
  C:61DEH         LINE#         161
  C:61EBH         LINE#         162
  C:61F8H         LINE#         163
  C:61FBH         LINE#         164
  C:6208H         LINE#         165
  C:6218H         LINE#         166
  C:621AH         LINE#         167
  -------         ENDPROC       _PRINT_DATE_NOW
BL51 BANKED LINKER/LOCATER V6.22.4.0                                                  06/10/2024  16:40:34  PAGE 29


  -------         PROC          _PRINT_DATE_ANY_TIME
  X:0004H         SYMBOL        x
  X:0005H         SYMBOL        y
  X:0006H         SYMBOL        year
  X:0008H         SYMBOL        month
  X:0009H         SYMBOL        day
  -------         DO            
  X:000AH         SYMBOL        date_to_show
  X:0015H         SYMBOL        weekday_char
  -------         ENDDO         
  C:66B8H         LINE#         170
  C:66C3H         LINE#         172
  C:66CEH         LINE#         173
  C:66DFH         LINE#         174
  C:66E5H         LINE#         175
  C:66F3H         LINE#         176
  C:66F9H         LINE#         177
  C:6707H         LINE#         178
  C:670CH         LINE#         179
  C:6719H         LINE#         180
  C:672DH         LINE#         181
  C:673BH         LINE#         182
  -------         ENDPROC       _PRINT_DATE_ANY_TIME
  -------         PROC          _PRINT_LUNAR
  X:000FH         SYMBOL        x
  X:0010H         SYMBOL        y
  X:0011H         SYMBOL        month
  X:0012H         SYMBOL        day
  -------         DO            
  X:0013H         SYMBOL        lunar_date_char
  -------         ENDDO         
  C:698AH         LINE#         185
  C:6992H         LINE#         186
  C:69A5H         LINE#         187
  C:69B6H         LINE#         188
  C:69BBH         LINE#         189
  C:69C5H         LINE#         190
  C:69CBH         LINE#         191
  C:69CEH         LINE#         192
  C:69D0H         LINE#         193
  C:69D6H         LINE#         194
  C:69DBH         LINE#         195
  C:69DBH         LINE#         196
  C:69DDH         LINE#         197
  C:69E5H         LINE#         198
  C:69EAH         LINE#         199
  C:69EAH         LINE#         200
  C:69ECH         LINE#         201
  C:69F5H         LINE#         202
  C:69F7H         LINE#         203
  C:69FAH         LINE#         204
  C:69FCH         LINE#         205
  C:69FCH         LINE#         206
  C:69FFH         LINE#         207
  C:6A03H         LINE#         208
  C:6A03H         LINE#         209
  -------         ENDPROC       _PRINT_LUNAR
BL51 BANKED LINKER/LOCATER V6.22.4.0                                                  06/10/2024  16:40:34  PAGE 30


  -------         PROC          _PRINT_LUNAR_AND_TERM_NOW
  X:0000H         SYMBOL        x
  X:0001H         SYMBOL        y
  C:782BH         LINE#         212
  C:7833H         LINE#         213
  -------         ENDPROC       _PRINT_LUNAR_AND_TERM_NOW
  -------         PROC          _PRINT_LUNAR_AND_TERM_ANY_TIME
  X:0004H         SYMBOL        x
  X:0005H         SYMBOL        y
  X:0006H         SYMBOL        year
  X:0008H         SYMBOL        month
  X:0009H         SYMBOL        day
  -------         DO            
  X:000AH         SYMBOL        lunar_date
  X:000CH         SYMBOL        solar_term_char
  X:000EH         SYMBOL        num
  -------         ENDDO         
  C:6B1CH         LINE#         216
  C:6B27H         LINE#         217
  C:6B47H         LINE#         218
  C:6B61H         LINE#         219
  C:6B79H         LINE#         221
  C:6B81H         LINE#         222
  C:6B84H         LINE#         223
  -------         ENDPROC       _PRINT_LUNAR_AND_TERM_ANY_TIME
  -------         PROC          READ_DISCRETE_TIME
  C:6C82H         LINE#         226
  C:6C82H         LINE#         227
  C:6C82H         LINE#         228
  C:6C85H         LINE#         229
  C:6C8CH         LINE#         230
  C:6C8FH         LINE#         232
  C:6C96H         LINE#         233
  C:6C99H         LINE#         235
  C:6CA4H         LINE#         236
  C:6CA7H         LINE#         238
  C:6CB2H         LINE#         239
  C:6CB5H         LINE#         241
  C:6CBFH         LINE#         243
  C:6CCAH         LINE#         244
  C:6CCDH         LINE#         246
  C:6CD8H         LINE#         247
  C:6CDBH         LINE#         249
  C:6CE6H         LINE#         250
  C:6CE9H         LINE#         251
  -------         ENDPROC       READ_DISCRETE_TIME
  -------         PROC          _ISLEAPYEAR
  D:0002H         SYMBOL        year
  C:796AH         LINE#         253
  C:796EH         LINE#         254
  C:798CH         LINE#         255
  C:798FH         LINE#         256
  C:798FH         LINE#         257
  C:7991H         LINE#         258
  C:7991H         LINE#         259
  -------         ENDPROC       _ISLEAPYEAR
  -------         PROC          GET_INTEGER_YEAR
BL51 BANKED LINKER/LOCATER V6.22.4.0                                                  06/10/2024  16:40:34  PAGE 31


  C:778BH         LINE#         261
  C:778BH         LINE#         262
  C:778EH         LINE#         263
  C:77C1H         LINE#         264
  -------         ENDPROC       GET_INTEGER_YEAR
  -------         PROC          GET_INTEGER_MONTH
  C:7C81H         LINE#         266
  C:7C81H         LINE#         267
  C:7C84H         LINE#         268
  C:7C8AH         LINE#         269
  -------         ENDPROC       GET_INTEGER_MONTH
  -------         PROC          GET_INTEGER_DAY
  C:7C8BH         LINE#         271
  C:7C8BH         LINE#         272
  C:7C8EH         LINE#         273
  C:7C94H         LINE#         274
  -------         ENDPROC       GET_INTEGER_DAY
  -------         PROC          GET_INTEGER_HOUR
  C:7C95H         LINE#         276
  C:7C95H         LINE#         277
  C:7C98H         LINE#         278
  C:7C9EH         LINE#         279
  -------         ENDPROC       GET_INTEGER_HOUR
  -------         PROC          GET_INTEGER_MINUTE
  C:7C9FH         LINE#         281
  C:7C9FH         LINE#         282
  C:7CA2H         LINE#         283
  C:7CA8H         LINE#         284
  -------         ENDPROC       GET_INTEGER_MINUTE
  -------         PROC          GET_INTEGER_SECOND
  C:7CA9H         LINE#         286
  C:7CA9H         LINE#         287
  C:7CACH         LINE#         288
  C:7CB2H         LINE#         289
  -------         ENDPROC       GET_INTEGER_SECOND
  -------         PROC          GET_INTEGER_WEEKDAY
  C:7CCFH         LINE#         291
  C:7CCFH         LINE#         292
  C:7CD2H         LINE#         293
  C:7CD7H         LINE#         294
  -------         ENDPROC       GET_INTEGER_WEEKDAY
  -------         PROC          _CALCULATE_WEEK_DAY
  X:0031H         SYMBOL        year
  D:0002H         SYMBOL        month
  D:0003H         SYMBOL        day
  -------         DO            
  D:0007H         SYMBOL        iWeek
  -------         ENDDO         
  C:67DDH         LINE#         296
  C:67E7H         LINE#         298
  C:67F0H         LINE#         299
  C:67F4H         LINE#         300
  C:67FEH         LINE#         301
  C:67FEH         LINE#         302
  C:686DH         LINE#         303
  C:686DH         LINE#         304
  -------         ENDPROC       _CALCULATE_WEEK_DAY
BL51 BANKED LINKER/LOCATER V6.22.4.0                                                  06/10/2024  16:40:34  PAGE 32


  -------         PROC          _WRITE_DATE_AND_TIME
  X:001EH         SYMBOL        year
  X:0020H         SYMBOL        month
  D:0003H         SYMBOL        day
  X:0022H         SYMBOL        hour
  X:0023H         SYMBOL        minute
  X:0024H         SYMBOL        second
  C:6DBAH         LINE#         306
  C:6DC5H         LINE#         307
  C:6DD4H         LINE#         308
  C:6DE9H         LINE#         309
  C:6DEFH         LINE#         310
  C:6DF2H         LINE#         311
  C:6DFCH         LINE#         312
  C:6E06H         LINE#         313
  C:6E10H         LINE#         314
  C:6E1EH         LINE#         315
  -------         ENDPROC       _WRITE_DATE_AND_TIME
  -------         PROC          _WRITE_DATE
  X:002EH         SYMBOL        year
  X:0030H         SYMBOL        month
  D:0003H         SYMBOL        day
  C:71E6H         LINE#         318
  C:71F1H         LINE#         319
  C:71F4H         LINE#         320
  C:7203H         LINE#         321
  C:7218H         LINE#         322
  C:721EH         LINE#         323
  C:7221H         LINE#         324
  C:722FH         LINE#         325
  -------         ENDPROC       _WRITE_DATE
  -------         PROC          _WRITE_TIME
  D:0004H         SYMBOL        hour
  D:0002H         SYMBOL        minute
  D:0003H         SYMBOL        second
  C:788CH         LINE#         328
  C:7890H         LINE#         329
  C:7893H         LINE#         330
  C:78A8H         LINE#         331
  C:78B5H         LINE#         332
  C:78B8H         LINE#         333
  -------         ENDPROC       _WRITE_TIME
  -------         ENDMOD        DS1302

  -------         MODULE        DHT11
  C:0000H         SYMBOL        _ICE_DUMMY_
  C:7CFCH         PUBLIC        _DHT11_delay_us
  D:0080H         PUBLIC        P0
  D:0090H         PUBLIC        P1
  D:00B0H         PUBLIC        P3
  C:735EH         PUBLIC        _print_temp_and_hum
  X:00A6H         PUBLIC        dht11_to_show
  D:00A8H         PUBLIC        IE
  D:00B8H         PUBLIC        IP
  X:00AEH         PUBLIC        sensor
  D:0098H         PUBLIC        SCON
  D:0088H         PUBLIC        TCON
BL51 BANKED LINKER/LOCATER V6.22.4.0                                                  06/10/2024  16:40:34  PAGE 33


  C:7B6EH         PUBLIC        DHT11_start
  C:7752H         PUBLIC        _getdata
  D:00C8H         PUBLIC        T2CON
  C:7A5CH         PUBLIC        DHT11_rec_byte
  C:7A3EH         PUBLIC        _DHT11_delay_ms
  D:00D0H         PUBLIC        PSW
  B:0080H.2       PUBLIC        Data
  C:7A7AH         SYMBOL        Com001C
  C:7A7AH         SYMBOL        L?0029
  C:7A8FH         SYMBOL        L?0030
  -------         PROC          COM001C
  -------         ENDPROC       COM001C
  -------         PROC          _DHT11_DELAY_US
  D:0007H         SYMBOL        n
  C:7CFCH         LINE#         8
  C:7CFCH         LINE#         9
  C:7CFCH         LINE#         10
  C:7CFEH         LINE#         11
  -------         ENDPROC       _DHT11_DELAY_US
  -------         PROC          _DHT11_DELAY_MS
  D:0006H         SYMBOL        z
  -------         DO            
  D:0006H         SYMBOL        i
  D:0004H         SYMBOL        j
  -------         ENDDO         
  C:7A3EH         LINE#         13
  C:7A3EH         LINE#         14
  C:7A3EH         LINE#         16
  C:7A47H         LINE#         17
  C:7A5BH         LINE#         18
  -------         ENDPROC       _DHT11_DELAY_MS
  -------         PROC          DHT11_START
  C:7B6EH         LINE#         23
  C:7B6EH         LINE#         24
  C:7B70H         LINE#         25
  C:7B75H         LINE#         26
  C:7B77H         LINE#         27
  C:7B7EH         LINE#         28
  C:7B80H         LINE#         29
  -------         ENDPROC       DHT11_START
  -------         PROC          DHT11_REC_BYTE
  -------         DO            
  D:0005H         SYMBOL        i
  D:0006H         SYMBOL        dat
  -------         ENDDO         
  C:7A5CH         LINE#         35
  C:7A5CH         LINE#         36
  C:7A5CH         LINE#         37
  C:7A5EH         LINE#         38
  C:7A5FH         LINE#         39
  C:7A5FH         LINE#         40
  C:7A62H         LINE#         41
  C:7A67H         LINE#         42
  C:7A6BH         LINE#         43
  C:7A6EH         LINE#         44
  C:7A6FH         LINE#         45
  C:7A72H         LINE#         46
BL51 BANKED LINKER/LOCATER V6.22.4.0                                                  06/10/2024  16:40:34  PAGE 34


  C:7A77H         LINE#         47
  C:7A79H         LINE#         48
  -------         ENDPROC       DHT11_REC_BYTE
  -------         PROC          _GETDATA
  D:0001H         SYMBOL        sensordata
  -------         DO            
  X:0002H         SYMBOL        R_H
  X:0003H         SYMBOL        R_L
  D:0004H         SYMBOL        T_H
  X:0004H         SYMBOL        T_L
  X:0005H         SYMBOL        revise
  -------         ENDDO         
  C:7752H         LINE#         53
  C:7752H         LINE#         55
  C:7755H         LINE#         57
  C:7758H         LINE#         59
  C:775BH         LINE#         61
  C:7760H         LINE#         62
  C:7766H         LINE#         63
  C:7769H         LINE#         64
  C:776EH         LINE#         65
  C:7772H         LINE#         66
  C:7775H         LINE#         68
  C:777AH         LINE#         70
  C:7780H         LINE#         71
  C:778AH         LINE#         73
  C:778AH         LINE#         74
  -------         ENDPROC       _GETDATA
  -------         PROC          _PRINT_TEMP_AND_HUM
  X:0000H         SYMBOL        x
  X:0001H         SYMBOL        y
  C:735EH         LINE#         76
  C:7366H         LINE#         77
  C:736FH         LINE#         78
  C:7376H         LINE#         79
  C:7376H         LINE#         80
  C:737CH         LINE#         81
  C:7380H         LINE#         82
  C:7387H         LINE#         83
  C:7387H         LINE#         84
  C:738DH         LINE#         85
  C:7390H         LINE#         86
  -------         ENDPROC       _PRINT_TEMP_AND_HUM
  -------         ENDMOD        DHT11

  -------         MODULE        KEYSCAN
  C:0000H         SYMBOL        _ICE_DUMMY_
  B:00B0H.3       PUBLIC        key4
  D:0090H         PUBLIC        P1
  D:00B0H         PUBLIC        P3
  D:00A8H         PUBLIC        IE
  D:00B8H         PUBLIC        IP
  D:0098H         PUBLIC        SCON
  D:0088H         PUBLIC        TCON
  D:00C8H         PUBLIC        T2CON
  C:6E87H         PUBLIC        getKey
  D:00D0H         PUBLIC        PSW
BL51 BANKED LINKER/LOCATER V6.22.4.0                                                  06/10/2024  16:40:34  PAGE 35


  B:00B0H.0       PUBLIC        key1
  B:00B0H.1       PUBLIC        key2
  B:00B0H.2       PUBLIC        key3
  -------         PROC          GETKEY
  -------         DO            
  X:001EH         SYMBOL        key_num
  -------         ENDDO         
  C:6E87H         LINE#         4
  C:6E87H         LINE#         5
  C:6E87H         LINE#         6
  C:6E8AH         LINE#         7
  C:6E8AH         LINE#         8
  C:6E91H         LINE#         9
  C:6E94H         LINE#         10
  C:6E9AH         LINE#         12
  C:6E9CH         LINE#         13
  C:6E9FH         LINE#         14
  C:6E9FH         LINE#         15
  C:6EA6H         LINE#         16
  C:6EA9H         LINE#         17
  C:6EAFH         LINE#         19
  C:6EB1H         LINE#         20
  C:6EB4H         LINE#         21
  C:6EB4H         LINE#         22
  C:6EBBH         LINE#         23
  C:6EBEH         LINE#         24
  C:6EC4H         LINE#         26
  C:6EC6H         LINE#         27
  C:6EC9H         LINE#         28
  C:6EC9H         LINE#         29
  C:6ED0H         LINE#         30
  C:6ED3H         LINE#         31
  C:6ED9H         LINE#         33
  C:6EDBH         LINE#         34
  C:6EE0H         LINE#         35
  C:6EE5H         LINE#         36
  -------         ENDPROC       GETKEY
  -------         ENDMOD        KEYSCAN

  -------         MODULE        MP3
  C:0000H         SYMBOL        _ICE_DUMMY_
[...]
  C:7937H         LINE#         66
  C:793CH         LINE#         67
  C:793CH         LINE#         68
  C:793FH         LINE#         69
  -------         ENDPROC       SET_VOLUME_VIA_BT
  C:6C46H         SYMBOL        L?0051
  -------         PROC          RCV_WEATHER_ALL_VIA_BT
  -------         DO            
  X:0076H         SYMBOL        step
  X:002EH         SYMBOL        weather_str
  -------         ENDDO         
  C:6C13H         LINE#         71
  C:6C13H         LINE#         74
BL51 BANKED LINKER/LOCATER V6.22.4.0                                                  06/10/2024  16:40:34  PAGE 55


  C:6C1CH         LINE#         75
  C:6C21H         LINE#         76
  C:6C21H         LINE#         77
  C:6C21H         LINE#         78
  C:6C21H         LINE#         79
  C:6C21H         LINE#         80
  C:6C21H         LINE#         81
  C:6C26H         LINE#         83
  C:6C26H         LINE#         84
  C:6C2EH         LINE#         85
  C:6C2EH         LINE#         86
  C:6C2EH         LINE#         87
  C:6C2EH         LINE#         88
  C:6C2EH         LINE#         89
  C:6C2EH         LINE#         90
  C:6C34H         LINE#         91
  C:6C3DH         LINE#         93
  C:6C3DH         LINE#         94
  C:6C42H         LINE#         95
  C:6C42H         LINE#         96
  C:6C45H         LINE#         97
  -------         ENDPROC       RCV_WEATHER_ALL_VIA_BT
  -------         PROC          SET_EVENT_VIA_BT
  C:6B98H         LINE#         99
  C:6B98H         LINE#         100
  C:6BA1H         LINE#         101
  C:6BA5H         LINE#         102
  C:6BAAH         LINE#         103
  C:6BB3H         LINE#         104
  C:6BB3H         LINE#         105
  C:6BB7H         LINE#         107
  C:6BB7H         LINE#         108
  C:6BBFH         LINE#         109
  C:6BFEH         LINE#         110
  C:6BFEH         LINE#         111
  C:6C01H         LINE#         112
  C:6C0AH         LINE#         114
  C:6C0AH         LINE#         115
  C:6C0FH         LINE#         116
  C:6C0FH         LINE#         117
  C:6C12H         LINE#         118
  -------         ENDPROC       SET_EVENT_VIA_BT
  -------         PROC          COM_INT
  -------         DO            
  X:002DH         SYMBOL        i
  -------         ENDDO         
  C:622AH         LINE#         125
  C:6247H         LINE#         129
  C:6249H         LINE#         130
  C:624CH         LINE#         131
  C:624EH         LINE#         132
  C:6250H         LINE#         133
  C:6256H         LINE#         134
  C:625CH         LINE#         135
  C:6264H         LINE#         136
  C:6269H         LINE#         137
  C:6278H         LINE#         138
BL51 BANKED LINKER/LOCATER V6.22.4.0                                                  06/10/2024  16:40:34  PAGE 56


  C:6278H         LINE#         139
  C:6298H         LINE#         140
  C:6298H         LINE#         141
  C:629BH         LINE#         142
  C:62A0H         LINE#         143
  C:62A4H         LINE#         144
  C:62A6H         LINE#         145
  C:62A6H         LINE#         146
  C:62A6H         LINE#         147
  C:62A9H         LINE#         148
  C:62ABH         LINE#         149
  C:62ABH         LINE#         150
  C:62ABH         LINE#         151
  C:62AEH         LINE#         152
  C:62B0H         LINE#         153
  C:62B0H         LINE#         154
  C:62B0H         LINE#         155
  C:62B3H         LINE#         156
  C:62B5H         LINE#         157
  C:62B5H         LINE#         158
  C:62B5H         LINE#         159
  C:62B8H         LINE#         160
  C:62BAH         LINE#         161
  C:62BAH         LINE#         162
  C:62BAH         LINE#         163
  C:62BDH         LINE#         164
  C:62BFH         LINE#         165
  C:62BFH         LINE#         166
  C:62BFH         LINE#         167
  C:62C2H         LINE#         168
  C:62C2H         LINE#         169
  C:62C2H         LINE#         170
  C:62C2H         LINE#         171
  C:62C2H         LINE#         172
  C:62C2H         LINE#         173
  C:62C2H         LINE#         174
  C:62C4H         LINE#         175
  C:62C4H         LINE#         183
  C:62C6H         LINE#         184
  -------         ENDPROC       COM_INT
  -------         PROC          _SENDDATA
  X:003BH         SYMBOL        datas
  -------         DO            
  D:0007H         SYMBOL        i
  -------         ENDDO         
  C:79B8H         LINE#         186
  C:79BEH         LINE#         187
  C:79C0H         LINE#         188
  C:79D0H         LINE#         189
  C:79D2H         LINE#         190
  C:79D5H         LINE#         191
  C:79D7H         LINE#         192
  C:79DAH         LINE#         193
  -------         ENDPROC       _SENDDATA
  -------         PROC          USARTCONFIGURATION
  C:7B9BH         LINE#         202
  C:7B9BH         LINE#         203
BL51 BANKED LINKER/LOCATER V6.22.4.0                                                  06/10/2024  16:40:34  PAGE 57


  C:7B9BH         LINE#         204
  C:7B9EH         LINE#         205
  C:7BA1H         LINE#         206
  C:7BA4H         LINE#         207
  C:7BA7H         LINE#         208
  C:7BAAH         LINE#         209
  C:7BACH         LINE#         210
  C:7BAEH         LINE#         211
  C:7BB0H         LINE#         212
  -------         ENDPROC       USARTCONFIGURATION
  -------         ENDMOD        HC08

  -------         MODULE        WEATHER
  C:0000H         SYMBOL        _ICE_DUMMY_
  D:0090H         PUBLIC        P1
  C:746FH         PUBLIC        page_weather_error
  D:00B0H         PUBLIC        P3
  C:785CH         PUBLIC        weather_init
  D:00A8H         PUBLIC        IE
  C:6CEAH         PUBLIC        page_weather_all
  D:00B8H         PUBLIC        IP
  C:5796H         PUBLIC        _print_weather_all
  D:0098H         PUBLIC        SCON
  D:0088H         PUBLIC        TCON
  C:643AH         PUBLIC        _print_weather_base_now
  C:734AH         SYMBOL        _?ix1000
  C:734CH         SYMBOL        _?ix1001
  C:734EH         SYMBOL        _?ix1002
  C:7354H         SYMBOL        _?ix1003
  C:7358H         SYMBOL        _?ix1004
  C:735CH         SYMBOL        _?ix1005
  D:00C8H         PUBLIC        T2CON
  X:008EH         PUBLIC        weather
  C:638EH         PUBLIC        _set_weather_from_str
  D:00D0H         PUBLIC        PSW
  C:6620H         SYMBOL        Com0029
  C:6620H         SYMBOL        L?0042
  C:6620H         SYMBOL        L?0043
  C:6621H         SYMBOL        L?0044
  C:6622H         SYMBOL        L?0045
  C:662BH         SYMBOL        L?0047
  C:6632H         SYMBOL        L?0048
  C:663AH         SYMBOL        L?0049
  C:663EH         SYMBOL        L?0050
  C:6645H         SYMBOL        L?0051
  C:6645H         SYMBOL        L?0052
  C:6649H         SYMBOL        L?0053
  C:664FH         SYMBOL        L?0054
  C:6651H         SYMBOL        L?0055
  C:6658H         SYMBOL        L?0056
  C:665AH         SYMBOL        L?0057
  C:6669H         SYMBOL        L?0058
  C:6669H         SYMBOL        L?0059
  C:6673H         SYMBOL        L?0060
  C:667EH         SYMBOL        L?0062
  C:6682H         SYMBOL        L?0063
  C:668AH         SYMBOL        L?0064
BL51 BANKED LINKER/LOCATER V6.22.4.0                                                  06/10/2024  16:40:34  PAGE 58


  C:668AH         SYMBOL        L?0065
  C:6692H         SYMBOL        L?0066
  C:6692H         SYMBOL        L?0067
  C:669AH         SYMBOL        L?0068
  C:669AH         SYMBOL        L?0069
  C:66A2H         SYMBOL        L?0070
  C:66AEH         SYMBOL        L?0071
  -------         PROC          COM0029
  -------         ENDPROC       COM0029
  -------         PROC          WEATHER_INIT
  -------         DO            
  D:0007H         SYMBOL        i
  -------         ENDDO         
  C:785CH         LINE#         9
  C:785CH         LINE#         11
  C:785EH         LINE#         12
  C:7862H         LINE#         13
  C:7868H         LINE#         14
  C:786EH         LINE#         15
  C:7878H         LINE#         16
  C:787EH         LINE#         17
  C:7886H         LINE#         18
  C:788BH         LINE#         19
  -------         ENDPROC       WEATHER_INIT
  C:6407H         SYMBOL        L?0040
  C:6418H         SYMBOL        L?0046
  C:6429H         SYMBOL        L?0061
  -------         PROC          _SET_WEATHER_FROM_STR
  X:003BH         SYMBOL        num
  X:003CH         SYMBOL        weather_str
  C:638EH         LINE#         21
  C:6397H         LINE#         22
  C:63A6H         LINE#         23
  C:63B8H         LINE#         24
  C:63CAH         LINE#         25
  C:63E0H         LINE#         26
  C:63F2H         LINE#         27
  C:6406H         LINE#         28
  -------         ENDPROC       _SET_WEATHER_FROM_STR
  -------         PROC          PAGE_WEATHER_ERROR
  C:746FH         LINE#         30
  C:746FH         LINE#         31
  C:7472H         LINE#         32
  C:747FH         LINE#         33
  C:748DH         LINE#         34
  C:749DH         LINE#         35
  C:749DH         LINE#         36
  C:74A7H         LINE#         37
  C:74ADH         LINE#         38
  C:74B0H         LINE#         39
  C:74B0H         LINE#         40
  C:74B0H         LINE#         41
  C:74B0H         LINE#         42
  -------         ENDPROC       PAGE_WEATHER_ERROR
  -------         PROC          _PRINT_WEATHER_ALL
  X:0002H         SYMBOL        page
  -------         DO            
BL51 BANKED LINKER/LOCATER V6.22.4.0                                                  06/10/2024  16:40:34  PAGE 59


  X:0003H         SYMBOL        dayWeather_str
  X:0005H         SYMBOL        nightWeather_str
  X:0007H         SYMBOL        date_to_show
  X:000DH         SYMBOL        dayTemp_to_show
  X:0011H         SYMBOL        nightTemp_to_show
  -------         ENDDO         
  C:5796H         LINE#         44
  C:579BH         LINE#         45
  C:57B1H         LINE#         46
  C:57DAH         LINE#         47
  C:57E7H         LINE#         48
  C:57F5H         LINE#         49
  C:5809H         LINE#         50
  C:5820H         LINE#         51
  C:5839H         LINE#         52
  C:583CH         LINE#         53
  C:5849H         LINE#         54
  C:584BH         LINE#         55
  C:585FH         LINE#         56
  C:5874H         LINE#         57
  C:5888H         LINE#         58
  C:589FH         LINE#         59
  C:58AFH         LINE#         60
  C:58BFH         LINE#         61
  C:58CCH         LINE#         62
  C:58DCH         LINE#         63
  C:58ECH         LINE#         64
  C:58FAH         LINE#         65
  -------         ENDPROC       _PRINT_WEATHER_ALL
  -------         PROC          _PRINT_WEATHER_BASE_NOW
  X:00B5H         SYMBOL        x
  X:00B6H         SYMBOL        y
  -------         DO            
  X:00B7H         SYMBOL        i
  X:00B8H         SYMBOL        weather_str
  -------         ENDDO         
  C:643AH         LINE#         68
  C:6442H         LINE#         69
  C:6451H         LINE#         70
  C:6456H         LINE#         71
  C:647AH         LINE#         72
  C:6483H         LINE#         73
  C:6493H         LINE#         74
  C:6497H         LINE#         75
  C:6497H         LINE#         76
  C:6497H         LINE#         77
  C:6499H         LINE#         78
  C:64A9H         LINE#         79
  C:64ADH         LINE#         80
  C:64ADH         LINE#         81
  C:64AFH         LINE#         82
  C:64AFH         LINE#         83
  C:64BCH         LINE#         84
  C:64BFH         LINE#         85
  C:64BFH         LINE#         86
  C:64D3H         LINE#         87
  C:64D3H         LINE#         88
BL51 BANKED LINKER/LOCATER V6.22.4.0                                                  06/10/2024  16:40:34  PAGE 60


  C:64E2H         LINE#         89
  -------         ENDPROC       _PRINT_WEATHER_BASE_NOW
  -------         PROC          PAGE_WEATHER_ALL
  -------         DO            
  X:0001H         SYMBOL        page
  -------         ENDDO         
  C:6CEAH         LINE#         91
  C:6CEAH         LINE#         92
  C:6CF0H         LINE#         93
  C:6CFAH         LINE#         94
  C:6CFDH         LINE#         95
  C:6D07H         LINE#         96
  C:6D07H         LINE#         97
  C:6D0AH         LINE#         98
  C:6D0AH         LINE#         99
  C:6D12H         LINE#         100
  C:6D18H         LINE#         101
  C:6D1EH         LINE#         102
  C:6D27H         LINE#         103
  C:6D29H         LINE#         104
  C:6D2FH         LINE#         105
  C:6D35H         LINE#         106
  C:6D3EH         LINE#         107
  C:6D40H         LINE#         108
  C:6D46H         LINE#         109
  C:6D46H         LINE#         110
  C:6D48H         LINE#         111
  C:6D48H         LINE#         112
  C:6D4EH         LINE#         113
  C:6D51H         LINE#         114
  C:6D51H         LINE#         115
  C:6D51H         LINE#         116
  C:6D51H         LINE#         117
  -------         ENDPROC       PAGE_WEATHER_ALL
  -------         ENDMOD        WEATHER

  -------         MODULE        EVENT
  C:0000H         SYMBOL        _ICE_DUMMY_
  D:0090H         PUBLIC        P1
  D:00B0H         PUBLIC        P3
  C:7940H         PUBLIC        is_event_about_to_happen
  D:00A8H         PUBLIC        IE
  D:00B8H         PUBLIC        IP
  X:0045H         PUBLIC        event
  C:74F1H         PUBLIC        _set_event_content
  D:0098H         PUBLIC        SCON
  D:0088H         PUBLIC        TCON
  C:7C18H         PUBLIC        _set_event_control
  C:79FDH         PUBLIC        event_init
  C:75AFH         PUBLIC        _event_tick_tock
  D:00C8H         PUBLIC        T2CON
  D:00D0H         PUBLIC        PSW
  C:7C76H         SYMBOL        Com0011
  C:7C76H         SYMBOL        L?0018
  -------         PROC          COM0011
  -------         ENDPROC       COM0011
  -------         PROC          EVENT_INIT
BL51 BANKED LINKER/LOCATER V6.22.4.0                                                  06/10/2024  16:40:34  PAGE 61


  C:79FDH         LINE#         7
  C:79FDH         LINE#         8
  C:7A08H         LINE#         9
  C:7A10H         LINE#         10
  C:7A18H         LINE#         11
  C:7A1DH         LINE#         12
  -------         ENDPROC       EVENT_INIT
  -------         PROC          IS_EVENT_ABOUT_TO_HAPPEN
  C:7940H         LINE#         14
  C:7940H         LINE#         15
  C:7964H         LINE#         16
  C:7967H         LINE#         17
  C:7969H         LINE#         18
  -------         ENDPROC       IS_EVENT_ABOUT_TO_HAPPEN
  -------         PROC          _SET_EVENT_CONTROL
  D:0006H         SYMBOL        year
  D:0005H         SYMBOL        month
  D:0003H         SYMBOL        day
  X:0032H         SYMBOL        enable
  C:7C18H         LINE#         20
  C:7C18H         LINE#         21
  C:7C20H         LINE#         22
  C:7C23H         LINE#         23
  C:7C26H         LINE#         24
  -------         ENDPROC       _SET_EVENT_CONTROL
  -------         PROC          _SET_EVENT_CONTENT
  X:002EH         SYMBOL        content
  -------         DO            
  D:0007H         SYMBOL        i
  -------         ENDDO         
  C:74F1H         LINE#         26
  C:74F7H         LINE#         28
  C:7518H         LINE#         29
  C:7525H         LINE#         30
  C:752AH         LINE#         31
  C:7530H         LINE#         32
  -------         ENDPROC       _SET_EVENT_CONTENT
  C:75DBH         SYMBOL        L?0016
  -------         PROC          _EVENT_TICK_TOCK
  X:0000H         SYMBOL        x
  X:0001H         SYMBOL        y
  C:75AFH         LINE#         34
  C:75B7H         LINE#         35
  C:75BDH         LINE#         36
  C:75C6H         LINE#         37
  C:75CBH         LINE#         38
  C:75CBH         LINE#         39
  C:75DAH         LINE#         40
  -------         ENDPROC       _EVENT_TICK_TOCK
  -------         ENDMOD        EVENT

  -------         MODULE        ?C?COPY
  C:4897H         PUBLIC        ?C?COPY
  -------         ENDMOD        ?C?COPY

  -------         MODULE        ?C?SCDIV
  C:48BDH         PUBLIC        ?C?SCDIV
BL51 BANKED LINKER/LOCATER V6.22.4.0                                                  06/10/2024  16:40:34  PAGE 62


  -------         ENDMOD        ?C?SCDIV

  -------         MODULE        ?C?CLDPTR
  C:48DFH         PUBLIC        ?C?CLDPTR
  -------         ENDMOD        ?C?CLDPTR

  -------         MODULE        ?C?CLDOPTR
  C:48F8H         PUBLIC        ?C?CLDOPTR
  -------         ENDMOD        ?C?CLDOPTR

  -------         MODULE        ?C?CSTPTR
  C:4925H         PUBLIC        ?C?CSTPTR
  -------         ENDMOD        ?C?CSTPTR

  -------         MODULE        ?C?CSTOPTR
  C:4937H         PUBLIC        ?C?CSTOPTR
  -------         ENDMOD        ?C?CSTOPTR

  -------         MODULE        ?C?IMUL
  C:4959H         PUBLIC        ?C?IMUL
  -------         ENDMOD        ?C?IMUL

  -------         MODULE        ?C?UIDIV
  C:496BH         PUBLIC        ?C?UIDIV
  -------         ENDMOD        ?C?UIDIV

  -------         MODULE        ?C?SIDIV
  C:49C0H         PUBLIC        ?C?SIDIV
  -------         ENDMOD        ?C?SIDIV

  -------         MODULE        ?C?IILDX
  C:49F6H         PUBLIC        ?C?IILDX
  -------         ENDMOD        ?C?IILDX

  -------         MODULE        ?C?ILDIX
  C:4A0CH         PUBLIC        ?C?ILDIX
  -------         ENDMOD        ?C?ILDIX

  -------         MODULE        ?C?LAND
  C:4A22H         PUBLIC        ?C?LAND
  -------         ENDMOD        ?C?LAND

  -------         MODULE        ?C?ULCMP
  C:4A2FH         PUBLIC        ?C?ULCMP
  -------         ENDMOD        ?C?ULCMP

  -------         MODULE        ?C?ULSHR
  C:4A40H         PUBLIC        ?C?ULSHR
  -------         ENDMOD        ?C?ULSHR

  -------         MODULE        ?C?SLSHR
  C:4A53H         PUBLIC        ?C?SLSHR
  -------         ENDMOD        ?C?SLSHR

  -------         MODULE        ?C?LLDCODE
  C:4A67H         PUBLIC        ?C?LLDCODE
  -------         ENDMOD        ?C?LLDCODE
BL51 BANKED LINKER/LOCATER V6.22.4.0                                                  06/10/2024  16:40:34  PAGE 63



  -------         MODULE        ?C?LLDCODE0
  C:4A77H         PUBLIC        ?C?LLDCODE0
  -------         ENDMOD        ?C?LLDCODE0

  -------         MODULE        ?C?OFFXADD
  C:4A87H         PUBLIC        ?C?OFFXADD
  -------         ENDMOD        ?C?OFFXADD

  -------         MODULE        ?C?PLDXDATA
  C:4A93H         PUBLIC        ?C?PLDXDATA
  -------         ENDMOD        ?C?PLDXDATA

  -------         MODULE        ?C?PSTXDATA
  C:4A9CH         PUBLIC        ?C?PSTXDATA
  -------         ENDMOD        ?C?PSTXDATA

  -------         MODULE        ?C?CCASE
  C:4AA5H         PUBLIC        ?C?CCASE
  -------         ENDMOD        ?C?CCASE

  -------         MODULE        ?C?STRCPY
  C:4B97H         PUBLIC        ?C?STRCPY
  -------         ENDMOD        ?C?STRCPY

  -------         MODULE        STRNCPY
  X:003BH         PUBLIC        ?_strncpy?BYTE
  C:6D52H         PUBLIC        _strncpy
  -------         ENDMOD        STRNCPY

*** WARNING L16: UNCALLED SEGMENT, IGNORED FOR OVERLAY PROCESS
    SEGMENT: ?PR?_PRINT_WEATHER_BASE_NOW?WEATHER

*** WARNING L15: MULTIPLE CALL TO SEGMENT
    SEGMENT: ?PR?_CALCULATE_WEEK_DAY?DS1302
    CALLER1: ?C_C51STARTUP
    CALLER2: ?PR?COM_INT?HC08

*** WARNING L15: MULTIPLE CALL TO SEGMENT
    SEGMENT: ?PR?_SET_VOLUME?MP3
    CALLER1: ?C_C51STARTUP
    CALLER2: ?PR?COM_INT?HC08

*** WARNING L15: MULTIPLE CALL TO SEGMENT
    SEGMENT: ?PR?_SEND?MP3
    CALLER1: ?C_C51STARTUP
    CALLER2: ?PR?COM_INT?HC08

*** WARNING L15: MULTIPLE CALL TO SEGMENT
    SEGMENT: ?PR?_SENDDATA?HC08
    CALLER1: ?C_C51STARTUP
    CALLER2: ?PR?COM_INT?HC08

Program Size: data=9.0 xdata=192 code=32000
LINK/LOCATE RUN COMPLETE.  5 WARNING(S),  0 ERROR(S)
