BL51 BANKED LINKER/LOCATER V6.22.4.0                                                    07/03/2024  21:10:44  PAGE 1


BL51 BANKED LINKER/LOCATER V6.22.4.0, INVOKED BY:
C:\KEIL_V5\C51\BIN\BL51.EXE .\Objects\STARTUP.obj, .\Objects\oled.obj, .\Objects\main.obj, .\Objects\ds1302.obj, .\Objec
>> ts\dht11.obj, .\Objects\keyscan.obj, .\Objects\mp3.obj, .\Objects\delay.obj, .\Objects\alarm.obj, .\Objects\settings.
>> obj, .\Objects\lunar.obj, .\Objects\mq2.obj, .\Objects\hc08.obj, .\Objects\weather.obj, .\Objects\event.obj TO .\Obje
>> cts\main PRINT (.\Listings\main.m51) RAMSIZE (256)


MEMORY MODEL: LARGE


INPUT MODULES INCLUDED:
  .\Objects\STARTUP.obj (?C_STARTUP)
  .\Objects\oled.obj (OLED)
  .\Objects\main.obj (MAIN)
  .\Objects\ds1302.obj (DS1302)
  .\Objects\dht11.obj (DHT11)
  .\Objects\keyscan.obj (KEYSCAN)
  .\Objects\mp3.obj (MP3)
  .\Objects\delay.obj (DELAY)
  .\Objects\alarm.obj (ALARM)
  .\Objects\settings.obj (SETTINGS)
  .\Objects\lunar.obj (LUNAR)
  .\Objects\mq2.obj (MQ2)
  .\Objects\hc08.obj (HC08)
  .\Objects\weather.obj (WEATHER)
  .\Objects\event.obj (EVENT)
  C:\KEIL_V5\C51\LIB\C51L.LIB (?C_INIT)
  C:\KEIL_V5\C51\LIB\C51L.LIB (?C?COPY)
  C:\KEIL_V5\C51\LIB\C51L.LIB (?C?SCDIV)
  C:\KEIL_V5\C51\LIB\C51L.LIB (?C?CLDPTR)
  C:\KEIL_V5\C51\LIB\C51L.LIB (?C?CLDOPTR)
  C:\KEIL_V5\C51\LIB\C51L.LIB (?C?CSTPTR)
  C:\KEIL_V5\C51\LIB\C51L.LIB (?C?CSTOPTR)
  C:\KEIL_V5\C51\LIB\C51L.LIB (?C?IMUL)
  C:\KEIL_V5\C51\LIB\C51L.LIB (?C?UIDIV)
  C:\KEIL_V5\C51\LIB\C51L.LIB (?C?SIDIV)
  C:\KEIL_V5\C51\LIB\C51L.LIB (?C?IILDX)
  C:\KEIL_V5\C51\LIB\C51L.LIB (?C?ILDIX)
  C:\KEIL_V5\C51\LIB\C51L.LIB (?C?LAND)
  C:\KEIL_V5\C51\LIB\C51L.LIB (?C?ULCMP)
  C:\KEIL_V5\C51\LIB\C51L.LIB (?C?ULSHR)
  C:\KEIL_V5\C51\LIB\C51L.LIB (?C?SLSHR)
  C:\KEIL_V5\C51\LIB\C51L.LIB (?C?LLDCODE)
  C:\KEIL_V5\C51\LIB\C51L.LIB (?C?LLDCODE0)
  C:\KEIL_V5\C51\LIB\C51L.LIB (?C?OFFXADD)
  C:\KEIL_V5\C51\LIB\C51L.LIB (?C?PLDXDATA)
  C:\KEIL_V5\C51\LIB\C51L.LIB (?C?PSTXDATA)
  C:\KEIL_V5\C51\LIB\C51L.LIB (?C?CCASE)
  C:\KEIL_V5\C51\LIB\C51L.LIB (?C?STRCPY)
  C:\KEIL_V5\C51\LIB\C51L.LIB (STRNCPY)


LINK MAP OF MODULE:  .\Objects\main (?C_STARTUP)


            TYPE    BASE      LENGTH    RELOCATION   SEGMENT NAME
            -----------------------------------------------------

BL51 BANKED LINKER/LOCATER V6.22.4.0                                                  07/03/2024  21:10:44  PAGE 2


            * * * * * * *   D A T A   M E M O R Y   * * * * * * *
            REG     0000H     0008H     ABSOLUTE     "REG BANK 0"
            IDATA   0008H     0001H     UNIT         ?STACK

            * * * * * * *  X D A T A   M E M O R Y  * * * * * * *
            XDATA   0000H     006DH     UNIT         _XDATA_GROUP_
            XDATA   006DH     0025H     UNIT         ?XD?EVENT
            XDATA   0092H     0018H     UNIT         ?XD?DS1302
            XDATA   00AAH     0018H     UNIT         ?XD?HC08
            XDATA   00C2H     0018H     UNIT         ?XD?WEATHER
            XDATA   00DAH     000FH     UNIT         ?XD?MAIN
            XDATA   00E9H     000AH     UNIT         ?XD?DHT11
            XDATA   00F3H     0005H     UNIT         ?XD?ALARM
            XDATA   00F8H     0002H     UNIT         ?XD?LUNAR
            XDATA   00FAH     0002H     UNIT         ?XD?MQ2
            XDATA   00FCH     0001H     UNIT         ?XD?MP3

            * * * * * * *   C O D E   M E M O R Y   * * * * * * *
            CODE    0000H     0003H     ABSOLUTE     
            CODE    0003H     0020H     UNIT         ?PR?_WRITE_IIC_BYTE?OLED
            CODE    0023H     0003H     ABSOLUTE     
            CODE    0026H     5E34H     UNIT         ?CO?OLED
            CODE    5E5AH     0400H     UNIT         ?CO?MAIN
            CODE    625AH     03EDH     UNIT         ?C?LIB_CODE
            CODE    6647H     03D5H     UNIT         ?PR?PAGE_SET_DATE_AND_TIME?SETTINGS
            CODE    6A1CH     0354H     UNIT         ?CO?LUNAR
            CODE    6D70H     0345H     UNIT         ?PR?_LUNARCALENDAR?LUNAR
            CODE    70B5H     022CH     UNIT         ?PR?PAGE_ALARM?ALARM
            CODE    72E1H     0201H     UNIT         ?PR?PAGE_EVENT_VIEW?EVENT
            CODE    74E2H     01BFH     UNIT         ?PR?_PRINT_WEATHER_ALL?WEATHER
            CODE    76A1H     012DH     UNIT         ?PR?PAGE_MUSIC?MP3
            CODE    77CEH     0120H     UNIT         ?PR?PAGE_SETTINGS?SETTINGS
            CODE    78EEH     011EH     UNIT         ?PR?OLED
            CODE    7A0CH     00F3H     UNIT         ?PR?DS1302
            CODE    7AFFH     00E5H     UNIT         ?PR?PAGE_FUNCTION_MENU?MAIN
            CODE    7BE4H     00DFH     UNIT         ?PR?_OLED_SHOWCHAR_REVERSE?OLED
            CODE    7CC3H     00DBH     UNIT         ?PR?_OLED_SHOWCHAR?OLED
            CODE    7D9EH     00DBH     UNIT         ?PR?_PRINT_TIME_NOW?DS1302
            CODE    7E79H     00D3H     UNIT         ?PR?_QUADRUPLE_DIGIT_TO_STRING?DELAY
            CODE    7F4CH     00C3H     UNIT         ?PR?LUNAR
            CODE    800FH     00C2H     UNIT         ?PR?COM_INT?HC08
            CODE    80D1H     00BCH     UNIT         ?PR?_SET_WEATHER_FROM_STR?WEATHER
            CODE    818DH     00B8H     UNIT         ?PR?_PRINT_DATE_NOW?DS1302
            CODE    8245H     00B7H     UNIT         ?PR?PAGE_SET_NOTIFICATION?SETTINGS
            CODE    82FCH     00A6H     UNIT         ?PR?MAIN?MAIN
            CODE    83A2H     00A4H     UNIT         ?PR?_OLED_SHOWCHINESE_REVERSE?OLED
            CODE    8446H     009CH     UNIT         ?PR?PAGE_CALENDAR?MAIN
            CODE    84E2H     009AH     UNIT         ?PR?_OLED_SHOWCHINESE?OLED
            CODE    857CH     0095H     UNIT         ?CO?SETTINGS
            CODE    8611H     0093H     UNIT         ?PR?_PRINT_DATE_ANY_TIME?DS1302
            CODE    86A4H     0091H     UNIT         ?PR?_CALCULATE_WEEK_DAY?DS1302
            CODE    8735H     0090H     UNIT         ?PR?_ADJUST_30?ALARM
            CODE    87C5H     008CH     UNIT         ?C_C51STARTUP
            CODE    8851H     008CH     UNIT         ?PR?_OLED_DRAWBMP?OLED
            CODE    88DDH     008CH     UNIT         ?PR?_PRINT_LUNAR?DS1302
            CODE    8969H     0083H     UNIT         ?PR?OLED_INIT?OLED
            CODE    89ECH     0080H     UNIT         ?PR?SET_EVENT_VIA_BT?HC08
BL51 BANKED LINKER/LOCATER V6.22.4.0                                                  07/03/2024  21:10:44  PAGE 3


            CODE    8A6CH     007CH     UNIT         ?PR?_PRINT_LUNAR_AND_TERM_ANY_TIME?DS1302
            CODE    8AE8H     007BH     UNIT         ?PR?IS_EVENT_ABOUT_TO_HAPPEN?EVENT
            CODE    8B63H     007AH     UNIT         ?PR?PAGE_SMOG_ALARM?MQ2
            CODE    8BDDH     0077H     UNIT         ?PR?WEATHER
            CODE    8C54H     0077H     UNIT         ?PR?EVENT
            CODE    8CCBH     0075H     UNIT         ?PR?PAGE_WEATHER_ERROR?WEATHER
            CODE    8D40H     0073H     UNIT         ?PR?PAGE_EVENT_NULL?EVENT
            CODE    8DB3H     0072H     UNIT         ?PR?SETTINGS
            CODE    8E25H     0072H     UNIT         ?PR?SYNC_TIME_VIA_BT?HC08
            CODE    8E97H     006DH     UNIT         ?PR?RCV_WEATHER_ALL_VIA_BT?HC08
            CODE    8F04H     006DH     UNIT         ?PR?_DATE_SUBTRACTION_ADJUST?EVENT
            CODE    8F71H     006CH     UNIT         ?PR?ALARM
            CODE    8FDDH     0069H     UNIT         ?C_INITSEG
            CODE    9046H     0068H     UNIT         ?PR?READ_DISCRETE_TIME?DS1302
            CODE    90AEH     0068H     UNIT         ?PR?PAGE_WEATHER_ALL?WEATHER
            CODE    9116H     0068H     UNIT         ?PR?_STRNCPY?STRNCPY
            CODE    917EH     0067H     UNIT         ?PR?_WRITE_DATE_AND_TIME?DS1302
            CODE    91E5H     005FH     UNIT         ?PR?GETKEY?KEYSCAN
            CODE    9244H     005FH     UNIT         ?PR?_EVENT_TICK_TOCK?EVENT
            CODE    92A3H     005EH     UNIT         ?PR?PAGE_RING?ALARM
            CODE    9301H     005CH     UNIT         ?PR?_SEND?MP3
            CODE    935DH     005CH     UNIT         ?PR?DELAY
            CODE    93B9H     005BH     UNIT         ?PR?_SET_VOLUME?MP3
            CODE    9414H     0058H     UNIT         ?PR?_SET_EVENT_CONTROL?EVENT
            CODE    946CH     0053H     UNIT         ?PR?SET_ALARM_VIA_BT?HC08
            CODE    94BFH     0053H     UNIT         ?PR?_DATE_ADDITION_ADJUST?EVENT
            CODE    9512H     004EH     UNIT         ?PR?_GET_LUNAR_CALENDAR?LUNAR
            CODE    9560H     004DH     UNIT         ?PR?_GET_SOLAR_TERM_NUM?LUNAR
            CODE    95ADH     004CH     UNIT         ?PR?_OLED_SHOWCHINESESTRING?OLED
            CODE    95F9H     004CH     UNIT         ?PR?_OLED_SHOWCHINESESTRING_REVERSE?OLED
            CODE    9645H     004CH     UNIT         ?PR?_WRITE_DATE?DS1302
            CODE    9691H     0049H     UNIT         ?PR?_OLED_SHOWSTRING?OLED
            CODE    96DAH     0049H     UNIT         ?PR?_OLED_SHOWSTRING_REVERSE?OLED
            CODE    9723H     0049H     UNIT         ?PR?PAGE_ABOUT?SETTINGS
            CODE    976CH     0047H     UNIT         ?PR?_PRINT_TEMP_AND_HUM?DHT11
            CODE    97B3H     0046H     UNIT         ?PR?_CHAR_TO_QUADRUPLE_DIGIT?DELAY
            CODE    97F9H     0046H     UNIT         ?PR?SET_DATE_VIA_BT?HC08
            CODE    983FH     0044H     UNIT         ?PR?WEATHER_INIT?WEATHER
            CODE    9883H     0041H     UNIT         ?CO?EVENT
            CODE    98C4H     0040H     UNIT         ?PR?_PLAYMUSIC?MP3
            CODE    9904H     0040H     UNIT         ?PR?_SET_EVENT_CONTENT?EVENT
            CODE    9944H     003FH     UNIT         ?PR?_DS1302_READ_BYTE?DS1302
            CODE    9983H     003FH     UNIT         ?PR?SET_TIME_VIA_BT?HC08
            CODE    99C2H     003DH     UNIT         ?PR?DS1302_WRITE_TIME?DS1302
            CODE    99FFH     003BH     UNIT         ?PR?_DS1302_WRITE_BYTE?DS1302
            CODE    9A3AH     003AH     UNIT         ?PR?_DOUBLE_DIGIT_TO_STRING?DELAY
            CODE    9A74H     0039H     UNIT         ?PR?_GETDATA?DHT11
            CODE    9AADH     0038H     UNIT         ?PR?HC08
            CODE    9AE5H     0037H     UNIT         ?PR?MAIN
            CODE    9B1CH     0037H     UNIT         ?PR?GET_INTEGER_YEAR?DS1302
            CODE    9B53H     0032H     UNIT         ?PR?OLED_CLEAR?OLED
            CODE    9B85H     0031H     UNIT         ?PR?_PRINT_LUNAR_AND_TERM_NOW?DS1302
            CODE    9BB6H     002FH     UNIT         ?PR?_WRITE_TIME?DS1302
            CODE    9BE5H     002EH     UNIT         ?PR?DS1302_READ_TIME?DS1302
            CODE    9C13H     002CH     UNIT         ?PR?ALARM_TICK_TOCK?ALARM
            CODE    9C3FH     002BH     UNIT         ?CO?WEATHER
            CODE    9C6AH     0029H     UNIT         ?PR?SET_VOLUME_VIA_BT?HC08
BL51 BANKED LINKER/LOCATER V6.22.4.0                                                  07/03/2024  21:10:44  PAGE 4


            CODE    9C93H     0028H     UNIT         ?PR?_ISLEAPYEAR?DS1302
            CODE    9CBBH     0023H     UNIT         ?PR?_OLED_SET_POS?OLED
            CODE    9CDEH     0023H     UNIT         ?PR?_SENDDATA?HC08
            CODE    9D01H     0020H     UNIT         ?PR?ALARM_INIT?ALARM
            CODE    9D21H     001FH     UNIT         ?CO?ALARM
            CODE    9D40H     001FH     UNIT         ?PR?EVENT_INIT?EVENT
            CODE    9D5FH     001EH     UNIT         ?PR?_OLED_WR_BYTE?OLED
            CODE    9D7DH     001EH     UNIT         ?PR?_DHT11_DELAY_MS?DHT11
            CODE    9D9BH     001EH     UNIT         ?PR?DHT11_REC_BYTE?DHT11
            CODE    9DB9H     001EH     UNIT         ?PR?DHT11
            CODE    9DD7H     001EH     UNIT         ?PR?_DELAY_50MS?DELAY
            CODE    9DF5H     001EH     UNIT         ?PR?MQ2_TICK_TOCK?MQ2
            CODE    9E13H     001CH     UNIT         ?PR?MQ2
            CODE    9E2FH     001BH     UNIT         ?PR?_SET_ALARM?ALARM
            CODE    9E4AH     001AH     UNIT         ?PR?_SET_SINGLE_LOOP?MP3
            CODE    9E64H     0019H     UNIT         ?CO?HC08
            CODE    9E7DH     0017H     UNIT         ?PR?SWITCH_HOUR_TYPE?MAIN
            CODE    9E94H     0017H     UNIT         ?PR?DHT11_START?DHT11
            CODE    9EABH     0016H     UNIT         ?PR?_DELAY_MS?DELAY
            CODE    9EC1H     0016H     UNIT         ?PR?USARTCONFIGURATION?HC08
            CODE    9ED7H     0015H     UNIT         ?PR?MP3
            CODE    9EECH     0012H     UNIT         ?CO?MP3
            CODE    9EFEH     0012H     UNIT         ?PR?_CHAR_TO_DOUBLE_DIGIT?DELAY
            CODE    9F10H     0010H     UNIT         ?PR?IIC_WAIT_ACK?OLED
            CODE    9F20H     000FH     UNIT         ?PR?ISSMOKING?MQ2
            CODE    9F2FH     000FH     UNIT         ?CO?MQ2
            CODE    9F3EH     000DH     UNIT         ?PR?DELAY_FOR_MQ2?DELAY
            CODE    9F4BH     000BH     UNIT         ?PR?_WRITE_IIC_COMMAND?OLED
            CODE    9F56H     000BH     UNIT         ?PR?_WRITE_IIC_DATA?OLED
            CODE    9F61H     000BH     UNIT         ?PR?_DELAY_US?DELAY
            CODE    9F6CH     000BH     UNIT         ?PR?_ADJUST_12?ALARM
            CODE    9F77H     000BH     UNIT         ?PR?_ADJUST_24?ALARM
            CODE    9F82H     000BH     UNIT         ?PR?_ADJUST_60?ALARM
            CODE    9F8DH     000AH     UNIT         ?PR?GET_INTEGER_MONTH?DS1302
            CODE    9F97H     000AH     UNIT         ?PR?GET_INTEGER_DAY?DS1302
            CODE    9FA1H     000AH     UNIT         ?PR?GET_INTEGER_HOUR?DS1302
            CODE    9FABH     000AH     UNIT         ?PR?GET_INTEGER_MINUTE?DS1302
            CODE    9FB5H     000AH     UNIT         ?PR?GET_INTEGER_SECOND?DS1302
            CODE    9FBFH     000AH     UNIT         ?CO?DS1302
            CODE    9FC9H     0009H     UNIT         ?PR?IIC_START?OLED
            CODE    9FD2H     0009H     UNIT         ?PR?OLED_DISPLAY_ON?OLED
            CODE    9FDBH     0009H     UNIT         ?PR?GET_INTEGER_WEEKDAY?DS1302
            CODE    9FE4H     0007H     UNIT         ?PR?IIC_STOP?OLED
            CODE    9FEBH     0006H     UNIT         ?PR?GET_VOLUME?MP3
            CODE    9FF1H     0005H     UNIT         ?PR?DS1302_INIT?DS1302
            CODE    9FF6H     0005H     UNIT         ?PR?STOPMUSIC?MP3
            CODE    9FFBH     0005H     UNIT         ?PR?_CHAR?DELAY
            CODE    A000H     0005H     UNIT         ?PR?_TINYINT?DELAY
            CODE    A005H     0003H     UNIT         ?PR?_DHT11_DELAY_US?DHT11
            CODE    A008H     0001H     UNIT         ?PR?PAGE_MOD_SWITCH?SETTINGS



OVERLAY MAP OF MODULE:   .\Objects\main (?C_STARTUP)


SEGMENT                                            XDATA_GROUP
BL51 BANKED LINKER/LOCATER V6.22.4.0                                                  07/03/2024  21:10:44  PAGE 5


  +--> CALLED SEGMENT                            START    LENGTH
----------------------------------------------------------------
?C_C51STARTUP                                    -----    -----
  +--> ?PR?MAIN?MAIN
  +--> ?C_INITSEG

?PR?MAIN?MAIN                                    0000H    0001H
  +--> ?PR?_DELAY_50MS?DELAY
  +--> ?PR?DS1302_INIT?DS1302
  +--> ?PR?USARTCONFIGURATION?HC08
  +--> ?PR?OLED_INIT?OLED
  +--> ?PR?OLED_DISPLAY_ON?OLED
  +--> ?PR?OLED_CLEAR?OLED
  +--> ?CO?MAIN
  +--> ?PR?_OLED_DRAWBMP?OLED
  +--> ?PR?ALARM_INIT?ALARM
  +--> ?PR?WEATHER_INIT?WEATHER
  +--> ?PR?EVENT_INIT?EVENT
  +--> ?PR?_PRINT_TIME_NOW?DS1302
  +--> ?PR?_PRINT_DATE_NOW?DS1302
  +--> ?PR?_PRINT_TEMP_AND_HUM?DHT11
  +--> ?PR?MQ2_TICK_TOCK?MQ2
  +--> ?PR?_EVENT_TICK_TOCK?EVENT
  +--> ?PR?ALARM_TICK_TOCK?ALARM
  +--> ?PR?GETKEY?KEYSCAN
  +--> ?PR?SWITCH_HOUR_TYPE?MAIN
  +--> ?PR?PAGE_ALARM?ALARM
  +--> ?PR?PAGE_FUNCTION_MENU?MAIN
  +--> ?PR?PAGE_SETTINGS?SETTINGS

?PR?OLED_INIT?OLED                               -----    -----
  +--> ?PR?OLED
  +--> ?PR?_OLED_WR_BYTE?OLED

?PR?OLED                                         -----    -----
  +--> ?PR?_OLED_WR_BYTE?OLED
  +--> ?PR?_OLED_SET_POS?OLED
  +--> ?CO?OLED
  +--> ?PR?IIC_START?OLED
  +--> ?PR?_WRITE_IIC_BYTE?OLED
  +--> ?PR?IIC_WAIT_ACK?OLED

?PR?_OLED_WR_BYTE?OLED                           -----    -----
  +--> ?PR?_WRITE_IIC_DATA?OLED
  +--> ?PR?_WRITE_IIC_COMMAND?OLED

?PR?_WRITE_IIC_DATA?OLED                         -----    -----
  +--> ?PR?IIC_WAIT_ACK?OLED
  +--> ?PR?IIC_STOP?OLED

?PR?IIC_WAIT_ACK?OLED                            -----    -----
  +--> ?PR?_WRITE_IIC_BYTE?OLED

?PR?_WRITE_IIC_COMMAND?OLED                      -----    -----
  +--> ?PR?IIC_WAIT_ACK?OLED
  +--> ?PR?IIC_STOP?OLED

BL51 BANKED LINKER/LOCATER V6.22.4.0                                                  07/03/2024  21:10:44  PAGE 6


?PR?_OLED_SET_POS?OLED                           -----    -----
  +--> ?PR?_OLED_WR_BYTE?OLED

?PR?OLED_DISPLAY_ON?OLED                         -----    -----
  +--> ?PR?OLED
  +--> ?PR?_OLED_WR_BYTE?OLED

?PR?OLED_CLEAR?OLED                              003FH    0001H
  +--> ?PR?OLED
  +--> ?PR?_OLED_WR_BYTE?OLED

?PR?_OLED_DRAWBMP?OLED                           0001H    000BH
  +--> ?PR?_OLED_SET_POS?OLED
  +--> ?PR?_OLED_WR_BYTE?OLED

?PR?ALARM_INIT?ALARM                             -----    -----
  +--> ?PR?GET_INTEGER_HOUR?DS1302
  +--> ?PR?GET_INTEGER_MINUTE?DS1302
  +--> ?PR?_SET_VOLUME?MP3

?PR?GET_INTEGER_HOUR?DS1302                      -----    -----
  +--> ?PR?READ_DISCRETE_TIME?DS1302
  +--> ?PR?DS1302

?PR?READ_DISCRETE_TIME?DS1302                    -----    -----
  +--> ?PR?DS1302_READ_TIME?DS1302
  +--> ?PR?DS1302

?PR?DS1302_READ_TIME?DS1302                      -----    -----
  +--> ?PR?_DS1302_READ_BYTE?DS1302
  +--> ?PR?DS1302

?PR?DS1302                                       -----    -----
  +--> ?PR?_DS1302_WRITE_BYTE?DS1302
  +--> ?PR?_DS1302_READ_BYTE?DS1302

?PR?GET_INTEGER_MINUTE?DS1302                    -----    -----
  +--> ?PR?READ_DISCRETE_TIME?DS1302
  +--> ?PR?DS1302

?PR?_SET_VOLUME?MP3                              0056H    0002H
  +--> ?PR?_SEND?MP3

?PR?_SEND?MP3                                    0058H    0002H
  +--> ?PR?_DELAY_US?DELAY

?PR?WEATHER_INIT?WEATHER                         -----    -----
  +--> ?PR?WEATHER

?PR?_PRINT_TIME_NOW?DS1302                       0001H    000FH
  +--> ?PR?DS1302
  +--> ?PR?READ_DISCRETE_TIME?DS1302
  +--> ?PR?GET_INTEGER_HOUR?DS1302
  +--> ?PR?_CHAR?DELAY
  +--> ?PR?_OLED_SHOWSTRING?OLED

?PR?_OLED_SHOWSTRING?OLED                        003FH    0007H
BL51 BANKED LINKER/LOCATER V6.22.4.0                                                  07/03/2024  21:10:44  PAGE 7


  +--> ?PR?OLED
  +--> ?PR?_OLED_SHOWCHAR?OLED

?PR?_OLED_SHOWCHAR?OLED                          0046H    0005H
  +--> ?PR?OLED
  +--> ?CO?OLED
  +--> ?PR?_OLED_WR_BYTE?OLED

?PR?_PRINT_DATE_NOW?DS1302                       0001H    000FH
  +--> ?CO?DS1302
  +--> ?PR?DS1302
  +--> ?PR?READ_DISCRETE_TIME?DS1302
  +--> ?PR?_CHAR?DELAY
  +--> ?PR?_OLED_SHOWSTRING?OLED
  +--> ?PR?_OLED_SHOWCHINESESTRING?OLED

?PR?_OLED_SHOWCHINESESTRING?OLED                 003FH    0008H
  +--> ?PR?OLED
  +--> ?PR?_OLED_SHOWCHINESE?OLED

?PR?_OLED_SHOWCHINESE?OLED                       0047H    0009H
  +--> ?CO?OLED
  +--> ?PR?OLED
  +--> ?PR?_OLED_SHOWCHAR_REVERSE?OLED
  +--> ?PR?_OLED_WR_BYTE?OLED

?PR?_OLED_SHOWCHAR_REVERSE?OLED                  0050H    0005H
  +--> ?PR?OLED
  +--> ?CO?OLED
  +--> ?PR?_OLED_WR_BYTE?OLED

?PR?_PRINT_TEMP_AND_HUM?DHT11                    0001H    0002H
  +--> ?PR?_GETDATA?DHT11
  +--> ?PR?DHT11
  +--> ?PR?_OLED_SHOWSTRING?OLED

?PR?_GETDATA?DHT11                               0003H    0004H
  +--> ?PR?DHT11_START?DHT11
  +--> ?PR?_DHT11_DELAY_US?DHT11
  +--> ?PR?DHT11_REC_BYTE?DHT11
  +--> ?PR?DHT11

?PR?DHT11_START?DHT11                            -----    -----
  +--> ?PR?_DHT11_DELAY_US?DHT11
  +--> ?PR?_DHT11_DELAY_MS?DHT11

?PR?DHT11_REC_BYTE?DHT11                         -----    -----
  +--> ?PR?_DHT11_DELAY_US?DHT11

?PR?DHT11                                        -----    -----
  +--> ?PR?DHT11_REC_BYTE?DHT11

?PR?MQ2_TICK_TOCK?MQ2                            -----    -----
  +--> ?PR?ISSMOKING?MQ2
  +--> ?PR?PAGE_SMOG_ALARM?MQ2

?PR?ISSMOKING?MQ2                                -----    -----
BL51 BANKED LINKER/LOCATER V6.22.4.0                                                  07/03/2024  21:10:44  PAGE 8


  +--> ?PR?DELAY_FOR_MQ2?DELAY

?PR?PAGE_SMOG_ALARM?MQ2                          0001H    000BH
  +--> ?CO?MQ2
  +--> ?PR?MQ2
  +--> ?PR?OLED_CLEAR?OLED
  +--> ?PR?_OLED_SHOWCHINESESTRING?OLED
  +--> ?PR?GET_VOLUME?MP3
  +--> ?PR?_SET_VOLUME?MP3
  +--> ?PR?_SENDDATA?HC08
  +--> ?PR?_SET_SINGLE_LOOP?MP3
  +--> ?PR?_PLAYMUSIC?MP3
  +--> ?PR?GETKEY?KEYSCAN
  +--> ?PR?ISSMOKING?MQ2
  +--> ?PR?STOPMUSIC?MP3

?PR?_SENDDATA?HC08                               0063H    0003H

?PR?_SET_SINGLE_LOOP?MP3                         -----    -----
  +--> ?PR?_SEND?MP3

?PR?_PLAYMUSIC?MP3                               001EH    0003H
  +--> ?PR?_SEND?MP3

?PR?GETKEY?KEYSCAN                               003FH    0001H
  +--> ?PR?_DELAY_MS?DELAY

?PR?STOPMUSIC?MP3                                -----    -----
  +--> ?PR?_SEND?MP3

?PR?_EVENT_TICK_TOCK?EVENT                       0001H    0002H
  +--> ?PR?IS_EVENT_ABOUT_TO_HAPPEN?EVENT
  +--> ?CO?EVENT
  +--> ?PR?EVENT
  +--> ?PR?_OLED_SHOWSTRING?OLED
  +--> ?PR?_PRINT_LUNAR_AND_TERM_NOW?DS1302

?PR?IS_EVENT_ABOUT_TO_HAPPEN?EVENT               -----    -----
  +--> ?PR?GET_INTEGER_YEAR?DS1302
  +--> ?PR?GET_INTEGER_MONTH?DS1302
  +--> ?PR?GET_INTEGER_DAY?DS1302

?PR?GET_INTEGER_YEAR?DS1302                      -----    -----
  +--> ?PR?READ_DISCRETE_TIME?DS1302

?PR?GET_INTEGER_MONTH?DS1302                     -----    -----
  +--> ?PR?READ_DISCRETE_TIME?DS1302
  +--> ?PR?DS1302

?PR?GET_INTEGER_DAY?DS1302                       -----    -----
  +--> ?PR?READ_DISCRETE_TIME?DS1302
  +--> ?PR?DS1302

?PR?_PRINT_LUNAR_AND_TERM_NOW?DS1302             0003H    0002H
  +--> ?PR?GET_INTEGER_YEAR?DS1302
  +--> ?PR?GET_INTEGER_MONTH?DS1302
  +--> ?PR?GET_INTEGER_DAY?DS1302
BL51 BANKED LINKER/LOCATER V6.22.4.0                                                  07/03/2024  21:10:44  PAGE 9


  +--> ?PR?_PRINT_LUNAR_AND_TERM_ANY_TIME?DS...

?PR?_PRINT_LUNAR_AND_TERM_ANY_TIME?DS...         0006H    000BH
  +--> ?PR?DS1302
  +--> ?CO?DS1302
  +--> ?PR?_GET_SOLAR_TERM_NUM?LUNAR
  +--> ?PR?_GET_LUNAR_CALENDAR?LUNAR
  +--> ?PR?_PRINT_LUNAR?DS1302
  +--> ?PR?_OLED_SHOWCHINESESTRING?OLED

?PR?_GET_SOLAR_TERM_NUM?LUNAR                    -----    -----
  +--> ?PR?LUNAR

?PR?LUNAR                                        -----    -----
  +--> ?CO?LUNAR

?PR?_GET_LUNAR_CALENDAR?LUNAR                    0011H    0008H
  +--> ?PR?_LUNARCALENDAR?LUNAR
  +--> ?PR?LUNAR

?PR?_LUNARCALENDAR?LUNAR                         0019H    0010H
  +--> ?PR?LUNAR
  +--> ?CO?LUNAR

?PR?_PRINT_LUNAR?DS1302                          0011H    0008H
  +--> ?PR?DS1302
  +--> ?CO?DS1302
  +--> ?PR?_OLED_SHOWCHINESESTRING?OLED

?PR?ALARM_TICK_TOCK?ALARM                        -----    -----
  +--> ?PR?GET_INTEGER_HOUR?DS1302
  +--> ?PR?GET_INTEGER_MINUTE?DS1302
  +--> ?PR?PAGE_RING?ALARM

?PR?PAGE_RING?ALARM                              0001H    0005H
  +--> ?CO?ALARM
  +--> ?PR?ALARM
  +--> ?PR?OLED_CLEAR?OLED
  +--> ?PR?_OLED_SHOWCHINESESTRING?OLED
  +--> ?PR?_SET_SINGLE_LOOP?MP3
  +--> ?PR?_PLAYMUSIC?MP3
  +--> ?PR?GETKEY?KEYSCAN
  +--> ?PR?GET_INTEGER_MINUTE?DS1302
  +--> ?PR?STOPMUSIC?MP3

?PR?PAGE_ALARM?ALARM                             0001H    001FH
  +--> ?CO?ALARM
  +--> ?PR?ALARM
  +--> ?PR?OLED_CLEAR?OLED
  +--> ?PR?_DOUBLE_DIGIT_TO_STRING?DELAY
  +--> ?PR?_OLED_SHOWCHINESESTRING?OLED
  +--> ?PR?_OLED_SHOWSTRING_REVERSE?OLED
  +--> ?PR?_OLED_SHOWSTRING?OLED
  +--> ?PR?_OLED_SHOWCHAR?OLED
  +--> ?PR?_OLED_SHOWCHINESESTRING_REVERSE?OLED
  +--> ?PR?GETKEY?KEYSCAN
  +--> ?PR?_ADJUST_24?ALARM
BL51 BANKED LINKER/LOCATER V6.22.4.0                                                  07/03/2024  21:10:44  PAGE 10


  +--> ?PR?_ADJUST_60?ALARM
  +--> ?PR?_CHAR?DELAY
  +--> ?PR?_DELAY_MS?DELAY

?PR?_DOUBLE_DIGIT_TO_STRING?DELAY                -----    -----
  +--> ?PR?_CHAR?DELAY

?PR?_OLED_SHOWSTRING_REVERSE?OLED                003FH    0007H
  +--> ?PR?OLED
  +--> ?PR?_OLED_SHOWCHAR_REVERSE?OLED

?PR?_OLED_SHOWCHINESESTRING_REVERSE?OLED         0020H    0008H
  +--> ?PR?OLED
  +--> ?PR?_OLED_SHOWCHINESE_REVERSE?OLED

?PR?_OLED_SHOWCHINESE_REVERSE?OLED               0028H    0009H
  +--> ?CO?OLED
  +--> ?PR?OLED
  +--> ?PR?_OLED_SHOWCHAR_REVERSE?OLED
  +--> ?PR?_OLED_WR_BYTE?OLED

?PR?PAGE_FUNCTION_MENU?MAIN                      0001H    0001H
  +--> ?PR?OLED_CLEAR?OLED
  +--> ?PR?MAIN
  +--> ?PR?_OLED_SHOWCHINESESTRING?OLED
  +--> ?PR?_OLED_SHOWCHAR?OLED
  +--> ?PR?GETKEY?KEYSCAN
  +--> ?PR?PAGE_MUSIC?MP3
  +--> ?PR?PAGE_CALENDAR?MAIN
  +--> ?PR?PAGE_WEATHER_ALL?WEATHER
  +--> ?PR?PAGE_EVENT_VIEW?EVENT

?PR?PAGE_MUSIC?MP3                               0002H    0014H
  +--> ?CO?MP3
  +--> ?PR?MP3
  +--> ?PR?OLED_CLEAR?OLED
  +--> ?PR?_SET_VOLUME?MP3
  +--> ?PR?_OLED_SHOWCHINESESTRING?OLED
  +--> ?PR?_OLED_SHOWSTRING?OLED
  +--> ?PR?GETKEY?KEYSCAN
  +--> ?PR?STOPMUSIC?MP3
  +--> ?PR?_CHAR?DELAY
  +--> ?PR?_PLAYMUSIC?MP3

?PR?PAGE_CALENDAR?MAIN                           0002H    0004H
  +--> ?PR?GET_INTEGER_YEAR?DS1302
  +--> ?PR?GET_INTEGER_MONTH?DS1302
  +--> ?PR?GET_INTEGER_DAY?DS1302
  +--> ?PR?OLED_CLEAR?OLED
  +--> ?PR?MAIN
  +--> ?PR?_OLED_SHOWCHINESESTRING?OLED
  +--> ?PR?_PRINT_DATE_ANY_TIME?DS1302
  +--> ?PR?_PRINT_LUNAR_AND_TERM_ANY_TIME?DS...
  +--> ?PR?GETKEY?KEYSCAN
  +--> ?PR?_DATE_ADDITION_ADJUST?EVENT
  +--> ?PR?_DATE_SUBTRACTION_ADJUST?EVENT

BL51 BANKED LINKER/LOCATER V6.22.4.0                                                  07/03/2024  21:10:44  PAGE 11


?PR?_PRINT_DATE_ANY_TIME?DS1302                  0020H    0013H
  +--> ?PR?DS1302
  +--> ?CO?DS1302
  +--> ?PR?_QUADRUPLE_DIGIT_TO_STRING?DELAY
  +--> ?PR?_DOUBLE_DIGIT_TO_STRING?DELAY
  +--> ?PR?_OLED_SHOWSTRING?OLED
  +--> ?PR?_CALCULATE_WEEK_DAY?DS1302
  +--> ?PR?_OLED_SHOWCHINESESTRING?OLED

?PR?_QUADRUPLE_DIGIT_TO_STRING?DELAY             003FH    0005H
  +--> ?PR?DELAY
  +--> ?PR?_CHAR?DELAY

?PR?DELAY                                        -----    -----
  +--> ?PR?_CHAR?DELAY
  +--> ?PR?_TINYINT?DELAY

?PR?_CALCULATE_WEEK_DAY?DS1302                   0059H    0002H
  +--> ?PR?DS1302

?PR?_DATE_ADDITION_ADJUST?EVENT                  0006H    0007H
  +--> ?PR?EVENT
  +--> ?PR?_ADJUST_30?ALARM

?PR?_ADJUST_30?ALARM                             0066H    0005H
  +--> ?PR?_ISLEAPYEAR?DS1302
  +--> ?PR?ALARM

?PR?_DATE_SUBTRACTION_ADJUST?EVENT               005FH    0007H
  +--> ?PR?EVENT
  +--> ?PR?_ADJUST_30?ALARM

?PR?PAGE_WEATHER_ALL?WEATHER                     0002H    0001H
  +--> ?PR?PAGE_WEATHER_ERROR?WEATHER
  +--> ?PR?OLED_CLEAR?OLED
  +--> ?PR?_PRINT_WEATHER_ALL?WEATHER
  +--> ?PR?GETKEY?KEYSCAN

?PR?PAGE_WEATHER_ERROR?WEATHER                   0003H    0013H
  +--> ?CO?WEATHER
  +--> ?PR?WEATHER
  +--> ?PR?OLED_CLEAR?OLED
  +--> ?PR?_OLED_SHOWCHINESESTRING?OLED
  +--> ?PR?GETKEY?KEYSCAN

?PR?_PRINT_WEATHER_ALL?WEATHER                   0003H    0017H
  +--> ?CO?WEATHER
  +--> ?PR?WEATHER
  +--> ?PR?_CHAR?DELAY
  +--> ?PR?_OLED_SHOWCHINESESTRING?OLED
  +--> ?PR?_OLED_SHOWSTRING?OLED

?PR?PAGE_EVENT_VIEW?EVENT                        0002H    001EH
  +--> ?CO?EVENT
  +--> ?PR?EVENT
  +--> ?PR?PAGE_EVENT_NULL?EVENT
  +--> ?PR?OLED_CLEAR?OLED
BL51 BANKED LINKER/LOCATER V6.22.4.0                                                  07/03/2024  21:10:44  PAGE 12


  +--> ?PR?_OLED_SHOWSTRING?OLED
  +--> ?PR?_PRINT_DATE_ANY_TIME?DS1302
  +--> ?PR?_OLED_SHOWCHAR?OLED
  +--> ?PR?_OLED_SHOWCHINESE_REVERSE?OLED
  +--> ?PR?_OLED_SHOWCHINESE?OLED
  +--> ?PR?_OLED_SHOWCHINESESTRING_REVERSE?OLED
  +--> ?PR?_OLED_SHOWCHINESESTRING?OLED
  +--> ?PR?GETKEY?KEYSCAN
  +--> ?PR?EVENT_INIT?EVENT
  +--> ?PR?_DELAY_MS?DELAY

?PR?PAGE_EVENT_NULL?EVENT                        0020H    0012H
  +--> ?CO?EVENT
  +--> ?PR?EVENT
  +--> ?PR?OLED_CLEAR?OLED
  +--> ?PR?_OLED_SHOWCHINESESTRING?OLED
  +--> ?PR?GETKEY?KEYSCAN

?PR?PAGE_SETTINGS?SETTINGS                       0001H    0013H
  +--> ?CO?SETTINGS
  +--> ?PR?SETTINGS
  +--> ?PR?OLED_CLEAR?OLED
  +--> ?PR?_OLED_SHOWCHINESESTRING?OLED
  +--> ?PR?_OLED_SHOWCHAR?OLED
  +--> ?PR?GETKEY?KEYSCAN
  +--> ?PR?PAGE_SET_DATE_AND_TIME?SETTINGS
  +--> ?PR?PAGE_SET_NOTIFICATION?SETTINGS
  +--> ?PR?PAGE_MOD_SWITCH?SETTINGS
  +--> ?PR?PAGE_ABOUT?SETTINGS

?PR?PAGE_SET_DATE_AND_TIME?SETTINGS              0014H    002BH
  +--> ?CO?SETTINGS
  +--> ?PR?SETTINGS
  +--> ?PR?GET_INTEGER_YEAR?DS1302
  +--> ?PR?GET_INTEGER_MONTH?DS1302
  +--> ?PR?GET_INTEGER_DAY?DS1302
  +--> ?PR?GET_INTEGER_WEEKDAY?DS1302
  +--> ?PR?GET_INTEGER_HOUR?DS1302
  +--> ?PR?GET_INTEGER_MINUTE?DS1302
  +--> ?PR?GET_INTEGER_SECOND?DS1302
  +--> ?PR?OLED_CLEAR?OLED
  +--> ?PR?_QUADRUPLE_DIGIT_TO_STRING?DELAY
  +--> ?PR?_DOUBLE_DIGIT_TO_STRING?DELAY
  +--> ?PR?_OLED_SHOWCHINESESTRING?OLED
  +--> ?PR?_CALCULATE_WEEK_DAY?DS1302
  +--> ?PR?_OLED_SHOWSTRING_REVERSE?OLED
  +--> ?PR?_OLED_SHOWSTRING?OLED
  +--> ?PR?GETKEY?KEYSCAN
  +--> ?PR?_ADJUST_12?ALARM
  +--> ?PR?_ADJUST_30?ALARM
  +--> ?PR?_ADJUST_24?ALARM
  +--> ?PR?_ADJUST_60?ALARM
  +--> ?PR?_WRITE_DATE_AND_TIME?DS1302
  +--> ?PR?_DELAY_MS?DELAY
  +--> ?PR?_OLED_SHOWCHAR?OLED

?PR?GET_INTEGER_WEEKDAY?DS1302                   -----    -----
BL51 BANKED LINKER/LOCATER V6.22.4.0                                                  07/03/2024  21:10:44  PAGE 13


  +--> ?PR?READ_DISCRETE_TIME?DS1302

?PR?GET_INTEGER_SECOND?DS1302                    -----    -----
  +--> ?PR?READ_DISCRETE_TIME?DS1302
  +--> ?PR?DS1302

?PR?_WRITE_DATE_AND_TIME?DS1302                  003FH    0007H
  +--> ?PR?DS1302
  +--> ?PR?_CALCULATE_WEEK_DAY?DS1302
  +--> ?PR?DS1302_WRITE_TIME?DS1302

?PR?DS1302_WRITE_TIME?DS1302                     -----    -----
  +--> ?PR?_DS1302_WRITE_BYTE?DS1302
  +--> ?PR?DS1302

?PR?PAGE_SET_NOTIFICATION?SETTINGS               0014H    000AH
  +--> ?CO?SETTINGS
  +--> ?PR?OLED_CLEAR?OLED
  +--> ?PR?SETTINGS
  +--> ?PR?_OLED_SHOWSTRING?OLED
  +--> ?PR?GETKEY?KEYSCAN
  +--> ?PR?STOPMUSIC?MP3
  +--> ?PR?GET_VOLUME?MP3
  +--> ?PR?_SET_VOLUME?MP3
  +--> ?PR?_PLAYMUSIC?MP3

?PR?PAGE_ABOUT?SETTINGS                          -----    -----
  +--> ?PR?OLED_CLEAR?OLED
  +--> ?CO?SETTINGS
  +--> ?PR?SETTINGS
  +--> ?PR?_OLED_SHOWSTRING?OLED
  +--> ?PR?GETKEY?KEYSCAN

*** NEW ROOT ***************************************************

?PR?COM_INT?HC08                                 0055H    0001H
  +--> ?CO?HC08
  +--> ?PR?SWITCH_HOUR_TYPE?MAIN
  +--> ?PR?SET_DATE_VIA_BT?HC08
  +--> ?PR?SET_TIME_VIA_BT?HC08
  +--> ?PR?SYNC_TIME_VIA_BT?HC08
  +--> ?PR?SET_ALARM_VIA_BT?HC08
  +--> ?PR?SET_VOLUME_VIA_BT?HC08
  +--> ?PR?RCV_WEATHER_ALL_VIA_BT?HC08
  +--> ?PR?SET_EVENT_VIA_BT?HC08

?PR?SET_DATE_VIA_BT?HC08                         -----    -----
  +--> ?PR?HC08
  +--> ?PR?_CHAR_TO_QUADRUPLE_DIGIT?DELAY
  +--> ?PR?_CHAR_TO_DOUBLE_DIGIT?DELAY
  +--> ?PR?_WRITE_DATE?DS1302

?PR?_CHAR_TO_QUADRUPLE_DIGIT?DELAY               0056H    0004H
  +--> ?PR?DELAY

?PR?_CHAR_TO_DOUBLE_DIGIT?DELAY                  -----    -----
  +--> ?PR?_TINYINT?DELAY
BL51 BANKED LINKER/LOCATER V6.22.4.0                                                  07/03/2024  21:10:44  PAGE 14



?PR?_WRITE_DATE?DS1302                           0056H    0003H
  +--> ?PR?DS1302_READ_TIME?DS1302
  +--> ?PR?DS1302
  +--> ?PR?_CALCULATE_WEEK_DAY?DS1302
  +--> ?PR?DS1302_WRITE_TIME?DS1302

?PR?SET_TIME_VIA_BT?HC08                         -----    -----
  +--> ?PR?_CHAR_TO_DOUBLE_DIGIT?DELAY
  +--> ?PR?GET_INTEGER_SECOND?DS1302
  +--> ?PR?_WRITE_TIME?DS1302
  +--> ?PR?HC08

?PR?_WRITE_TIME?DS1302                           -----    -----
  +--> ?PR?DS1302_READ_TIME?DS1302
  +--> ?PR?DS1302
  +--> ?PR?DS1302_WRITE_TIME?DS1302

?PR?SYNC_TIME_VIA_BT?HC08                        -----    -----
  +--> ?PR?HC08
  +--> ?PR?_CHAR_TO_QUADRUPLE_DIGIT?DELAY
  +--> ?PR?_WRITE_DATE?DS1302
  +--> ?PR?_CHAR_TO_DOUBLE_DIGIT?DELAY
  +--> ?PR?_WRITE_TIME?DS1302

?PR?SET_ALARM_VIA_BT?HC08                        -----    -----
  +--> ?PR?_CHAR_TO_DOUBLE_DIGIT?DELAY
  +--> ?PR?_TINYINT?DELAY
  +--> ?PR?_SET_ALARM?ALARM
  +--> ?PR?HC08

?PR?_SET_ALARM?ALARM                             0056H    0004H

?PR?SET_VOLUME_VIA_BT?HC08                       -----    -----
  +--> ?PR?_TINYINT?DELAY
  +--> ?PR?_SET_VOLUME?MP3
  +--> ?PR?HC08

?PR?RCV_WEATHER_ALL_VIA_BT?HC08                  0056H    000DH
  +--> ?CO?HC08
  +--> ?PR?_SENDDATA?HC08
  +--> ?PR?HC08
  +--> ?PR?_STRNCPY?STRNCPY
  +--> ?PR?_SET_WEATHER_FROM_STR?WEATHER

?PR?_STRNCPY?STRNCPY                             0063H    000AH

?PR?_SET_WEATHER_FROM_STR?WEATHER                0063H    0004H
  +--> ?PR?WEATHER
  +--> ?PR?_CHAR_TO_DOUBLE_DIGIT?DELAY

?PR?SET_EVENT_VIA_BT?HC08                        -----    -----
  +--> ?PR?_SET_EVENT_CONTENT?EVENT
  +--> ?PR?HC08
  +--> ?PR?_CHAR_TO_QUADRUPLE_DIGIT?DELAY
  +--> ?PR?_CHAR_TO_DOUBLE_DIGIT?DELAY
  +--> ?PR?_TINYINT?DELAY
BL51 BANKED LINKER/LOCATER V6.22.4.0                                                  07/03/2024  21:10:44  PAGE 15


  +--> ?PR?_SET_EVENT_CONTROL?EVENT
  +--> ?CO?HC08
  +--> ?PR?_SENDDATA?HC08

?PR?_SET_EVENT_CONTENT?EVENT                     0056H    0003H
  +--> ?PR?EVENT

?PR?_SET_EVENT_CONTROL?EVENT                     0056H    0009H
  +--> ?PR?EVENT
  +--> ?PR?_DATE_SUBTRACTION_ADJUST?EVENT



SYMBOL TABLE OF MODULE:  .\Objects\main (?C_STARTUP)

  VALUE           TYPE          NAME
  ----------------------------------

  -------         MODULE        ?C_STARTUP
  C:87C5H         SEGMENT       ?C_C51STARTUP
  I:0008H         SEGMENT       ?STACK
  C:0000H         PUBLIC        ?C_STARTUP
  D:00E0H         SYMBOL        ACC
  D:00F0H         SYMBOL        B
  D:0083H         SYMBOL        DPH
  D:0082H         SYMBOL        DPL
  N:0000H         SYMBOL        IBPSTACK
  N:0100H         SYMBOL        IBPSTACKTOP
  N:0080H         SYMBOL        IDATALEN
  C:87C8H         SYMBOL        IDATALOOP
  N:0000H         SYMBOL        PBPSTACK
  N:0100H         SYMBOL        PBPSTACKTOP
  N:0000H         SYMBOL        PDATALEN
  N:0000H         SYMBOL        PDATASTART
  N:0000H         SYMBOL        PPAGE
  N:0000H         SYMBOL        PPAGEENABLE
  D:00A0H         SYMBOL        PPAGE_SFR
  D:0081H         SYMBOL        SP
  C:87C5H         SYMBOL        STARTUP1
  N:0000H         SYMBOL        XBPSTACK
  N:0000H         SYMBOL        XBPSTACKTOP
  N:0000H         SYMBOL        XDATALEN
  N:0000H         SYMBOL        XDATASTART
  C:0000H         LINE#         126
  C:87C5H         LINE#         133
  C:87C7H         LINE#         134
  C:87C8H         LINE#         135
  C:87C9H         LINE#         136
  C:87CBH         LINE#         185
  C:87CEH         LINE#         196
  -------         ENDMOD        ?C_STARTUP

  -------         MODULE        OLED
  C:0000H         SYMBOL        _ICE_DUMMY_
  C:9FD2H         PUBLIC        OLED_Display_On
  D:0090H         PUBLIC        P1
  D:00B0H         PUBLIC        P3
BL51 BANKED LINKER/LOCATER V6.22.4.0                                                  07/03/2024  21:10:44  PAGE 16


  C:37DAH         PUBLIC        Lunar
  D:00A8H         PUBLIC        IE
  D:00B8H         PUBLIC        IP
  C:8969H         PUBLIC        OLED_Init
  C:9F56H         PUBLIC        _Write_IIC_Data
  C:9691H         PUBLIC        _OLED_ShowString
  C:9D6CH         PUBLIC        _OLED_WR_Byte
  C:7CC3H         PUBLIC        _OLED_ShowChar
  C:95F9H         PUBLIC        _OLED_ShowChineseString_Reverse
  C:0026H         PUBLIC        F6x8
  C:159AH         PUBLIC        Hzk
  C:83A2H         PUBLIC        _OLED_ShowChinese_Reverse
  D:0098H         PUBLIC        SCON
  B:0090H.6       PUBLIC        OLED_SDIN
  D:0088H         PUBLIC        TCON
  C:2B5AH         PUBLIC        SolarTermLib
  C:0003H         PUBLIC        _Write_IIC_Byte
  C:024EH         PUBLIC        F8X16
  C:9F1BH         PUBLIC        IIC_Wait_Ack
  C:9FC9H         PUBLIC        IIC_Start
  C:9CBBH         PUBLIC        _OLED_Set_Pos
  C:9FE4H         PUBLIC        IIC_Stop
  C:96DAH         PUBLIC        _OLED_ShowString_Reverse
  D:00C8H         PUBLIC        T2CON
  C:083EH         PUBLIC        F12X24
  C:9F4BH         PUBLIC        _Write_IIC_Command
  B:0090H.7       PUBLIC        OLED_SCL
  C:95ADH         PUBLIC        _OLED_ShowChineseString
  C:7BE4H         PUBLIC        _OLED_ShowChar_Reverse
  C:3C5AH         PUBLIC        WeatherLib
  C:84E2H         PUBLIC        _OLED_ShowChinese
  C:9B53H         PUBLIC        OLED_Clear
  C:8851H         PUBLIC        _OLED_DrawBMP
  D:00D0H         PUBLIC        PSW
  C:78EEH         SYMBOL        Com0089
  C:78EEH         SYMBOL        L?0138
  C:78F9H         SYMBOL        L?0139
  C:78FCH         SYMBOL        L?0140
  C:7904H         SYMBOL        L?0145
  C:7904H         SYMBOL        L?0146
  C:7907H         SYMBOL        L?0147
  C:790BH         SYMBOL        L?0148
  C:7917H         SYMBOL        L?0149
  C:7917H         SYMBOL        L?0150
  C:791AH         SYMBOL        L?0151
  C:791EH         SYMBOL        L?0152
  C:7925H         SYMBOL        L?0153
  C:792CH         SYMBOL        L?0154
  C:7937H         SYMBOL        L?0156
  C:7940H         SYMBOL        L?0157
  C:7948H         SYMBOL        L?0158
  C:7948H         SYMBOL        L?0159
  C:7950H         SYMBOL        L?0160
  C:7963H         SYMBOL        L?0161
  C:7969H         SYMBOL        L?0162
  C:796FH         SYMBOL        L?0163
  C:7975H         SYMBOL        L?0164
BL51 BANKED LINKER/LOCATER V6.22.4.0                                                  07/03/2024  21:10:44  PAGE 17


  C:797BH         SYMBOL        L?0165
  C:798BH         SYMBOL        L?0166
  C:7998H         SYMBOL        L?0167
  C:7998H         SYMBOL        L?0168
  C:79A0H         SYMBOL        L?0169
  C:79AEH         SYMBOL        L?0170
  C:79BBH         SYMBOL        L?0171
  C:79BBH         SYMBOL        L?0172
  C:79C2H         SYMBOL        L?0173
  C:79CAH         SYMBOL        L?0174
  C:79CAH         SYMBOL        L?0175
  C:79D2H         SYMBOL        L?0176
  C:79D2H         SYMBOL        L?0177
  C:79DAH         SYMBOL        L?0178
  C:79DAH         SYMBOL        L?0179
  C:79E2H         SYMBOL        L?0180
  C:79EDH         SYMBOL        L?0181
  C:79F8H         SYMBOL        L?0182
  C:7A02H         SYMBOL        L?0183
  -------         PROC          COM0089
  -------         ENDPROC       COM0089
  -------         PROC          IIC_START
  C:9FC9H         LINE#         19
  C:9FC9H         LINE#         20
  C:9FC9H         LINE#         21
  C:9FCBH         LINE#         22
  C:9FCDH         LINE#         23
  C:9FCFH         LINE#         24
  C:9FD1H         LINE#         25
  -------         ENDPROC       IIC_START
  -------         PROC          IIC_STOP
  C:9FE4H         LINE#         30
  C:9FE4H         LINE#         31
  C:9FE4H         LINE#         32
  C:9FE6H         LINE#         33
  C:9FE8H         LINE#         34
  C:9FEAH         LINE#         35
  -------         ENDPROC       IIC_STOP
  -------         PROC          L?0155
  -------         ENDPROC       L?0155
  -------         PROC          IIC_WAIT_ACK
  C:9F1BH         LINE#         37
  C:9F1BH         LINE#         38
  C:9F1BH         LINE#         39
  C:9F1DH         LINE#         40
  C:9F1FH         LINE#         41
  -------         ENDPROC       IIC_WAIT_ACK
  -------         PROC          _WRITE_IIC_BYTE
  D:0007H         SYMBOL        IIC_Byte
  -------         DO            
  D:0006H         SYMBOL        i
  D:0005H         SYMBOL        m
  D:0007H         SYMBOL        da
  -------         ENDDO         
  C:0003H         LINE#         46
  C:0003H         LINE#         47
  C:0003H         LINE#         50
BL51 BANKED LINKER/LOCATER V6.22.4.0                                                  07/03/2024  21:10:44  PAGE 18


  C:0003H         LINE#         51
  C:0005H         LINE#         52
  C:0007H         LINE#         53
  C:0007H         LINE#         54
  C:0009H         LINE#         56
  C:000CH         LINE#         57
  C:000FH         LINE#         58
  C:0013H         LINE#         59
  C:0015H         LINE#         60
  C:0019H         LINE#         61
  C:001BH         LINE#         62
  C:001DH         LINE#         63
  C:0022H         LINE#         64
  -------         ENDPROC       _WRITE_IIC_BYTE
  -------         PROC          _WRITE_IIC_COMMAND
  D:0004H         SYMBOL        IIC_Command
  C:9F4BH         LINE#         69
  C:9F4BH         LINE#         70
  C:9F4BH         LINE#         71
  C:9F4BH         LINE#         72
  C:9F4BH         LINE#         73
  C:9F4EH         LINE#         74
  C:9F50H         LINE#         75
  C:9F50H         LINE#         76
  C:9F50H         LINE#         77
  C:9F53H         LINE#         78
  -------         ENDPROC       _WRITE_IIC_COMMAND
  -------         PROC          _WRITE_IIC_DATA
  D:0004H         SYMBOL        IIC_Data
  C:9F56H         LINE#         83
  C:9F56H         LINE#         84
  C:9F56H         LINE#         85
  C:9F56H         LINE#         86
  C:9F56H         LINE#         87
  C:9F59H         LINE#         88
  C:9F5BH         LINE#         89
  C:9F5BH         LINE#         90
  C:9F5BH         LINE#         91
  C:9F5EH         LINE#         92
  -------         ENDPROC       _WRITE_IIC_DATA
  C:9D5FH         SYMBOL        L?0142
  C:9D66H         SYMBOL        L?0143
  C:9D68H         SYMBOL        L?0144
  -------         PROC          L?0141
  -------         ENDPROC       L?0141
  C:9D5FH         SYMBOL        L?0142
  C:9D66H         SYMBOL        L?0143
  C:9D68H         SYMBOL        L?0144
  -------         PROC          _OLED_WR_BYTE
  D:0002H         SYMBOL        dat
  D:0004H         SYMBOL        cmd
  C:9D6CH         LINE#         94
  C:9D70H         LINE#         95
  C:9D70H         LINE#         96
  C:9D74H         LINE#         97
  C:9D74H         LINE#         98
  C:9D77H         LINE#         99
BL51 BANKED LINKER/LOCATER V6.22.4.0                                                  07/03/2024  21:10:44  PAGE 19


  C:9D77H         LINE#         101
  C:9D77H         LINE#         102
  C:9D7CH         LINE#         103
  C:9D7CH         LINE#         104
  -------         ENDPROC       _OLED_WR_BYTE
  -------         PROC          _OLED_SET_POS
  D:0001H         SYMBOL        x
  D:0005H         SYMBOL        y
  C:9CBBH         LINE#         126
  C:9CBDH         LINE#         127
  C:9CC1H         LINE#         128
  C:9CCFH         LINE#         129
  -------         ENDPROC       _OLED_SET_POS
  -------         PROC          OLED_DISPLAY_ON
  C:9FD2H         LINE#         133
  C:9FD2H         LINE#         134
  C:9FD2H         LINE#         135
  C:9FD2H         LINE#         136
  C:9FD2H         LINE#         137
  -------         ENDPROC       OLED_DISPLAY_ON
  -------         PROC          OLED_CLEAR
  -------         DO            
  D:0001H         SYMBOL        i
  X:003FH         SYMBOL        n
  -------         ENDDO         
  C:9B53H         LINE#         149
  C:9B53H         LINE#         150
  C:9B53H         LINE#         152
  C:9B55H         LINE#         153
  C:9B55H         LINE#         154
  C:9B59H         LINE#         155
  C:9B5BH         LINE#         156
  C:9B64H         LINE#         157
  C:9B7FH         LINE#         158
  C:9B84H         LINE#         159
  -------         ENDPROC       OLED_CLEAR
  -------         PROC          _OLED_SHOWCHAR
  X:0046H         SYMBOL        x
  X:0047H         SYMBOL        y
  D:0003H         SYMBOL        chr
  X:0049H         SYMBOL        Char_Size
  -------         DO            
  X:004AH         SYMBOL        c
  D:0001H         SYMBOL        i
  -------         ENDDO         
  C:7CC3H         LINE#         178
  C:7CCDH         LINE#         179
  C:7CD0H         LINE#         181
  C:7CD0H         LINE#         182
  C:7CDBH         LINE#         183
  C:7CE3H         LINE#         184
  C:7CE3H         LINE#         185
  C:7CE6H         LINE#         186
  C:7CFFH         LINE#         187
  C:7D03H         LINE#         188
  C:7D06H         LINE#         189
  C:7D24H         LINE#         190
BL51 BANKED LINKER/LOCATER V6.22.4.0                                                  07/03/2024  21:10:44  PAGE 20


  C:7D24H         LINE#         191
  C:7D2CH         LINE#         192
  C:7D2CH         LINE#         193
  C:7D2FH         LINE#         194
  C:7D41H         LINE#         195
  C:7D41H         LINE#         196
  C:7D49H         LINE#         197
  C:7D49H         LINE#         198
  C:7D4CH         LINE#         199
  C:7D62H         LINE#         200
  C:7D66H         LINE#         201
  C:7D69H         LINE#         202
  C:7D7FH         LINE#         203
  C:7D84H         LINE#         204
  C:7D87H         LINE#         205
  C:7D9DH         LINE#         206
  C:7D9DH         LINE#         207
  -------         ENDPROC       _OLED_SHOWCHAR
  -------         PROC          _OLED_SHOWCHAR_REVERSE
  X:0050H         SYMBOL        x
  X:0051H         SYMBOL        y
  D:0003H         SYMBOL        chr
  X:0053H         SYMBOL        Char_Size
  -------         DO            
  X:0054H         SYMBOL        c
  D:0001H         SYMBOL        i
  -------         ENDDO         
  C:7BE4H         LINE#         208
  C:7BEEH         LINE#         209
  C:7BF1H         LINE#         211
  C:7BF1H         LINE#         212
  C:7BFCH         LINE#         213
  C:7C04H         LINE#         214
  C:7C04H         LINE#         215
  C:7C07H         LINE#         216
  C:7C0AH         LINE#         217
  C:7C24H         LINE#         218
  C:7C28H         LINE#         219
  C:7C2BH         LINE#         220
  C:7C46H         LINE#         221
  C:7C46H         LINE#         222
  C:7C4EH         LINE#         223
  C:7C51H         LINE#         224
  C:7C54H         LINE#         225
  C:7C63H         LINE#         227
  C:7C63H         LINE#         228
  C:7C6BH         LINE#         229
  C:7C6EH         LINE#         230
  C:7C71H         LINE#         231
  C:7C87H         LINE#         232
  C:7C8BH         LINE#         233
  C:7C8EH         LINE#         234
  C:7CA4H         LINE#         235
  C:7CA9H         LINE#         236
  C:7CACH         LINE#         237
  C:7CC2H         LINE#         238
  C:7CC2H         LINE#         239
BL51 BANKED LINKER/LOCATER V6.22.4.0                                                  07/03/2024  21:10:44  PAGE 21


  -------         ENDPROC       _OLED_SHOWCHAR_REVERSE
  -------         PROC          _OLED_SHOWSTRING
  X:003FH         SYMBOL        x
  X:0040H         SYMBOL        y
  X:0041H         SYMBOL        chr
  X:0044H         SYMBOL        Char_Size
  -------         DO            
  X:0045H         SYMBOL        j
  -------         ENDDO         
  C:9691H         LINE#         274
  C:969AH         LINE#         275
  C:969FH         LINE#         277
  C:96B1H         LINE#         278
  C:96C4H         LINE#         279
  C:96D1H         LINE#         281
  C:96D7H         LINE#         282
  C:96D9H         LINE#         283
  -------         ENDPROC       _OLED_SHOWSTRING
  -------         PROC          _OLED_SHOWSTRING_REVERSE
  X:003FH         SYMBOL        x
  X:0040H         SYMBOL        y
  X:0041H         SYMBOL        chr
  X:0044H         SYMBOL        Char_Size
  -------         DO            
  X:0045H         SYMBOL        j
  -------         ENDDO         
  C:96DAH         LINE#         285
  C:96E3H         LINE#         286
  C:96E8H         LINE#         288
  C:96FAH         LINE#         289
  C:970DH         LINE#         290
  C:971AH         LINE#         292
  C:9720H         LINE#         293
  C:9722H         LINE#         294
  -------         ENDPROC       _OLED_SHOWSTRING_REVERSE
  -------         PROC          _OLED_SHOWCHINESE
  X:0047H         SYMBOL        x
  X:0048H         SYMBOL        y
  D:0003H         SYMBOL        sel_lib
  X:004AH         SYMBOL        num
  -------         DO            
  X:004BH         SYMBOL        t
  X:004CH         SYMBOL        adder
  X:004DH         SYMBOL        lib
  -------         ENDDO         
  C:84E2H         LINE#         297
  C:84EAH         LINE#         298
  C:84EFH         LINE#         300
  C:84FDH         LINE#         301
  C:8505H         LINE#         302
  C:850DH         LINE#         303
  C:8515H         LINE#         304
  C:8523H         LINE#         305
  C:852CH         LINE#         306
  C:852CH         LINE#         307
  C:852FH         LINE#         308
  C:8536H         LINE#         309
BL51 BANKED LINKER/LOCATER V6.22.4.0                                                  07/03/2024  21:10:44  PAGE 22


  C:854AH         LINE#         310
  C:854AH         LINE#         311
  C:854FH         LINE#         312
  C:8552H         LINE#         313
  C:8559H         LINE#         314
  C:8576H         LINE#         315
  C:8576H         LINE#         316
  C:857BH         LINE#         317
  -------         ENDPROC       _OLED_SHOWCHINESE
  -------         PROC          _OLED_SHOWCHINESE_REVERSE
  X:0028H         SYMBOL        x
  X:0029H         SYMBOL        y
  D:0003H         SYMBOL        sel_lib
  X:002BH         SYMBOL        num
  -------         DO            
  X:002CH         SYMBOL        t
  X:002DH         SYMBOL        adder
  X:002EH         SYMBOL        lib
  -------         ENDDO         
  C:83A2H         LINE#         319
  C:83AAH         LINE#         320
  C:83AFH         LINE#         322
  C:83BDH         LINE#         323
  C:83C5H         LINE#         324
  C:83CDH         LINE#         325
  C:83D5H         LINE#         326
  C:83E3H         LINE#         327
  C:83ECH         LINE#         328
  C:83ECH         LINE#         329
  C:83EFH         LINE#         330
  C:83F6H         LINE#         331
  C:840CH         LINE#         332
  C:840CH         LINE#         333
  C:8414H         LINE#         334
  C:8417H         LINE#         335
  C:841EH         LINE#         336
  C:843DH         LINE#         337
  C:843DH         LINE#         338
  C:8445H         LINE#         339
  -------         ENDPROC       _OLED_SHOWCHINESE_REVERSE
  -------         PROC          _OLED_SHOWCHINESESTRING
  X:003FH         SYMBOL        x
  X:0040H         SYMBOL        y
  X:0041H         SYMBOL        sel_lib
  X:0042H         SYMBOL        chr
  X:0045H         SYMBOL        length
  -------         DO            
  X:0046H         SYMBOL        j
  -------         ENDDO         
  C:95ADH         LINE#         341
  C:95B5H         LINE#         342
  C:95B5H         LINE#         343
  C:95BAH         LINE#         345
  C:95C7H         LINE#         346
  C:95E0H         LINE#         347
  C:95E7H         LINE#         348
  C:95F0H         LINE#         349
BL51 BANKED LINKER/LOCATER V6.22.4.0                                                  07/03/2024  21:10:44  PAGE 23


  C:95F8H         LINE#         350
  -------         ENDPROC       _OLED_SHOWCHINESESTRING
  -------         PROC          _OLED_SHOWCHINESESTRING_REVERSE
  X:0020H         SYMBOL        x
  X:0021H         SYMBOL        y
  X:0022H         SYMBOL        sel_lib
  X:0023H         SYMBOL        chr
  X:0026H         SYMBOL        length
  -------         DO            
  X:0027H         SYMBOL        j
  -------         ENDDO         
  C:95F9H         LINE#         352
  C:9601H         LINE#         353
  C:9601H         LINE#         354
  C:9606H         LINE#         356
  C:9613H         LINE#         357
  C:962CH         LINE#         358
  C:9633H         LINE#         359
  C:963CH         LINE#         360
  C:9644H         LINE#         361
  -------         ENDPROC       _OLED_SHOWCHINESESTRING_REVERSE
  -------         PROC          _OLED_DRAWBMP
  X:0001H         SYMBOL        x0
  D:0005H         SYMBOL        y0
  X:0003H         SYMBOL        x1
  X:0004H         SYMBOL        y1
  X:0005H         SYMBOL        BMP
  -------         DO            
  X:0008H         SYMBOL        j
  X:000AH         SYMBOL        x
  X:000BH         SYMBOL        y
  -------         ENDDO         
  C:8851H         LINE#         364
  C:885BH         LINE#         365
  C:885BH         LINE#         366
  C:8862H         LINE#         368
  C:8873H         LINE#         369
  C:8881H         LINE#         370
  C:8894H         LINE#         371
  C:8894H         LINE#         372
  C:889CH         LINE#         373
  C:88AEH         LINE#         374
  C:88AEH         LINE#         375
  C:88CCH         LINE#         376
  C:88D4H         LINE#         377
  C:88DCH         LINE#         378
  -------         ENDPROC       _OLED_DRAWBMP
  -------         PROC          OLED_INIT
  C:8969H         LINE#         381
  C:8969H         LINE#         382
  C:8969H         LINE#         384
  C:896EH         LINE#         385
  C:8972H         LINE#         386
  C:8977H         LINE#         387
  C:897CH         LINE#         388
  C:8981H         LINE#         389
  C:8986H         LINE#         390
BL51 BANKED LINKER/LOCATER V6.22.4.0                                                  07/03/2024  21:10:44  PAGE 24


  C:898BH         LINE#         391
  C:8990H         LINE#         392
  C:8995H         LINE#         393
  C:899AH         LINE#         394
  C:899FH         LINE#         395
  C:89A4H         LINE#         396
  C:89A9H         LINE#         397
  C:89ADH         LINE#         399
  C:89B2H         LINE#         400
  C:89B7H         LINE#         402
  C:89BCH         LINE#         403
  C:89C1H         LINE#         405
  C:89C6H         LINE#         406
  C:89CBH         LINE#         408
  C:89D0H         LINE#         409
  C:89D5H         LINE#         411
  C:89DAH         LINE#         412
  C:89E3H         LINE#         414
  C:89E3H         LINE#         415
  C:89E3H         LINE#         417
  -------         ENDPROC       OLED_INIT
  -------         ENDMOD        OLED

  -------         MODULE        MAIN
  C:0000H         SYMBOL        _ICE_DUMMY_
  D:0080H         PUBLIC        P0
  D:0090H         PUBLIC        P1
  D:00A0H         PUBLIC        P2
  D:00B0H         PUBLIC        P3
  C:7AFFH         PUBLIC        page_function_menu
  X:00DAH         SYMBOL        calendar_chinese
  D:00A8H         PUBLIC        IE
  D:00B8H         PUBLIC        IP
  C:82FCH         PUBLIC        main
  D:0098H         PUBLIC        SCON
  D:0088H         PUBLIC        TCON
  X:00DDH         SYMBOL        weather_chinese
  C:8446H         PUBLIC        page_calendar
  C:9E7DH         PUBLIC        switch_hour_type
  X:00DFH         PUBLIC        hour_type
  D:00C8H         PUBLIC        T2CON
  X:00E0H         SYMBOL        music_chinese
  X:00E5H         SYMBOL        event_chinese
  C:5E5AH         PUBLIC        start_up
  D:00D0H         PUBLIC        PSW
  C:9AE5H         SYMBOL        Com002E
  C:9AE5H         SYMBOL        L?0047
  C:9AE9H         SYMBOL        L?0048
  C:9AEBH         SYMBOL        L?0049
  C:9AF5H         SYMBOL        L?0050
  C:9AF5H         SYMBOL        L?0051
  C:9B03H         SYMBOL        L?0052
  C:9B11H         SYMBOL        L?0053
  -------         PROC          COM002E
  -------         ENDPROC       COM002E
  -------         PROC          SWITCH_HOUR_TYPE
  C:9E7DH         LINE#         21
BL51 BANKED LINKER/LOCATER V6.22.4.0                                                  07/03/2024  21:10:44  PAGE 25


  C:9E7DH         LINE#         22
  C:9E89H         LINE#         23
  C:9E93H         LINE#         24
  -------         ENDPROC       SWITCH_HOUR_TYPE
  -------         PROC          PAGE_CALENDAR
  -------         DO            
  X:0002H         SYMBOL        date
  -------         ENDDO         
  C:8446H         LINE#         26
  C:8446H         LINE#         28
  C:8451H         LINE#         29
  C:8459H         LINE#         30
  C:8461H         LINE#         31
  C:8464H         LINE#         32
  C:8472H         LINE#         33
  C:8472H         LINE#         34
  C:8488H         LINE#         35
  C:849EH         LINE#         36
  C:84B0H         LINE#         37
  C:84CFH         LINE#         38
  C:84DFH         LINE#         39
  -------         ENDPROC       PAGE_CALENDAR
  C:7BD9H         SYMBOL        L?0054
  -------         PROC          PAGE_FUNCTION_MENU
  -------         DO            
  X:0001H         SYMBOL        selection
  -------         ENDDO         
  C:7AFFH         LINE#         45
  C:7AFFH         LINE#         46
  C:7B04H         LINE#         47
  C:7B07H         LINE#         48
  C:7B07H         LINE#         49
  C:7B19H         LINE#         50
  C:7B28H         LINE#         51
  C:7B3DH         LINE#         52
  C:7B52H         LINE#         57
  C:7B5BH         LINE#         58
  C:7B63H         LINE#         59
  C:7B66H         LINE#         60
  C:7B71H         LINE#         61
  C:7B77H         LINE#         62
  C:7B7AH         LINE#         63
  C:7B82H         LINE#         64
  C:7B85H         LINE#         65
  C:7B90H         LINE#         66
  C:7B96H         LINE#         67
  C:7B99H         LINE#         68
  C:7B9FH         LINE#         69
  C:7BA2H         LINE#         70
  C:7BA2H         LINE#         71
  C:7BA2H         LINE#         72
  C:7BADH         LINE#         73
  C:7BC1H         LINE#         74
  C:7BC7H         LINE#         75
  C:7BCDH         LINE#         76
  C:7BD3H         LINE#         77
  C:7BD9H         LINE#         78
BL51 BANKED LINKER/LOCATER V6.22.4.0                                                  07/03/2024  21:10:44  PAGE 26


  C:7BD9H         LINE#         79
  C:7BD9H         LINE#         80
  C:7BD9H         LINE#         81
  C:7BD9H         LINE#         82
  -------         ENDPROC       PAGE_FUNCTION_MENU
  -------         PROC          MAIN
  -------         DO            
  X:0000H         SYMBOL        index
  -------         ENDDO         
  C:82FCH         LINE#         85
  C:82FCH         LINE#         86
  C:8302H         LINE#         87
  C:8308H         LINE#         88
  C:830BH         LINE#         89
  C:830EH         LINE#         90
  C:8311H         LINE#         91
  C:8314H         LINE#         92
  C:8317H         LINE#         93
  C:832FH         LINE#         94
  C:8336H         LINE#         95
  C:8339H         LINE#         96
  C:833CH         LINE#         97
  C:833FH         LINE#         98
  C:8342H         LINE#         99
  C:8342H         LINE#         100
  C:834EH         LINE#         101
  C:8355H         LINE#         102
  C:8369H         LINE#         103
  C:8372H         LINE#         104
  C:8379H         LINE#         105
  C:837CH         LINE#         106
  C:838EH         LINE#         107
  C:8393H         LINE#         108
  C:8398H         LINE#         109
  C:839DH         LINE#         110
  -------         ENDPROC       MAIN
  -------         ENDMOD        MAIN

  -------         MODULE        DS1302
  C:0000H         SYMBOL        _ICE_DUMMY_
  D:0090H         PUBLIC        P1
  D:00B0H         PUBLIC        P3
  C:9FABH         PUBLIC        get_integer_minute
  D:00A8H         PUBLIC        IE
  B:00B0H.5       PUBLIC        IO
  D:00B8H         PUBLIC        IP
  C:9B85H         PUBLIC        _print_lunar_and_term_now
  C:9F8DH         PUBLIC        get_integer_month
  C:8A6CH         PUBLIC        _print_lunar_and_term_any_time
  C:9B1CH         PUBLIC        get_integer_year
  C:9645H         PUBLIC        _write_date
  C:9BE5H         PUBLIC        ds1302_read_time
  D:0098H         PUBLIC        SCON
  C:9F97H         PUBLIC        get_integer_day
  C:9944H         PUBLIC        _ds1302_read_byte
  D:0088H         PUBLIC        TCON
  C:88DDH         PUBLIC        _print_lunar
BL51 BANKED LINKER/LOCATER V6.22.4.0                                                  07/03/2024  21:10:44  PAGE 27


  C:9FA1H         PUBLIC        get_integer_hour
  C:9FF1H         PUBLIC        ds1302_init
  C:9BB6H         PUBLIC        _write_time
  C:99C2H         PUBLIC        ds1302_write_time
  C:9FBFH         SYMBOL        _?ix1000
  C:9FC1H         SYMBOL        _?ix1001
  C:9FC3H         SYMBOL        _?ix1002
  C:99FFH         PUBLIC        _ds1302_write_byte
  C:9FC7H         SYMBOL        _?ix1003
  X:0092H         PUBLIC        time_buf
  C:917EH         PUBLIC        _write_date_and_time
  B:00B0H.4       PUBLIC        SCK
  C:86A4H         PUBLIC        _calculate_week_day
  C:9FDBH         PUBLIC        get_integer_weekday
  C:818DH         PUBLIC        _print_date_now
  D:00C8H         PUBLIC        T2CON
  C:9046H         PUBLIC        read_discrete_time
  C:8611H         PUBLIC        _print_date_any_time
  X:009AH         PUBLIC        dis_time_buf
  C:9FB5H         PUBLIC        get_integer_second
  C:9C93H         PUBLIC        _isLeapYear
  C:7D9EH         PUBLIC        _print_time_now
  B:00B0H.6       PUBLIC        RST
  D:00D0H         PUBLIC        PSW
  C:7A0CH         SYMBOL        Com004C
  C:7A0CH         SYMBOL        L?0077
  C:7A11H         SYMBOL        L?0078
  C:7A13H         SYMBOL        L?0079
  C:7A1DH         SYMBOL        L?0080
  C:7A21H         SYMBOL        L?0081
  C:7A34H         SYMBOL        L?0082
  C:7A38H         SYMBOL        L?0083
  C:7A3FH         SYMBOL        L?0084
  C:7A48H         SYMBOL        L?0085
  C:7A52H         SYMBOL        L?0086
  C:7A52H         SYMBOL        L?0087
  C:7A5CH         SYMBOL        L?0088
  C:7A66H         SYMBOL        L?0089
  C:7A6CH         SYMBOL        L?0090
  C:7A74H         SYMBOL        L?0091
  C:7A77H         SYMBOL        L?0092
  C:7A80H         SYMBOL        L?0093
  C:7A80H         SYMBOL        L?0094
  C:7A8BH         SYMBOL        L?0095
  C:7A8EH         SYMBOL        L?0096
  C:7A95H         SYMBOL        L?0097
  C:7AA1H         SYMBOL        L?0098
  C:7AA8H         SYMBOL        L?0099
  C:7AACH         SYMBOL        L?0100
  C:7AB3H         SYMBOL        L?0101
  C:7ABAH         SYMBOL        L?0102
  C:7AC1H         SYMBOL        L?0103
  C:7AD4H         SYMBOL        L?0104
  C:7AD4H         SYMBOL        L?0105
  C:7ADBH         SYMBOL        L?0106
  C:7ADBH         SYMBOL        L?0107
  C:7AE2H         SYMBOL        L?0108
BL51 BANKED LINKER/LOCATER V6.22.4.0                                                  07/03/2024  21:10:44  PAGE 28


  C:7AEDH         SYMBOL        L?0109
  C:7AEEH         SYMBOL        L?0110
  C:7AF5H         SYMBOL        L?0111
  -------         PROC          COM004C
  -------         ENDPROC       COM004C
  -------         PROC          DS1302_INIT
  C:9FF1H         LINE#         14
  C:9FF1H         LINE#         15
  C:9FF1H         LINE#         16
  C:9FF3H         LINE#         17
  C:9FF5H         LINE#         18
  -------         ENDPROC       DS1302_INIT
  -------         PROC          _DS1302_WRITE_BYTE
  D:0007H         SYMBOL        addr
  D:0005H         SYMBOL        d
  -------         DO            
  D:0006H         SYMBOL        i
  -------         ENDDO         
  C:99FFH         LINE#         20
  C:99FFH         LINE#         21
  C:99FFH         LINE#         23
  C:9A01H         LINE#         25
  C:9A05H         LINE#         26
  C:9A07H         LINE#         27
  C:9A0BH         LINE#         28
  C:9A0DH         LINE#         29
  C:9A0FH         LINE#         30
  C:9A0FH         LINE#         31
  C:9A11H         LINE#         32
  C:9A11H         LINE#         33
  C:9A13H         LINE#         34
  C:9A15H         LINE#         35
  C:9A19H         LINE#         36
  C:9A1EH         LINE#         38
  C:9A20H         LINE#         39
  C:9A24H         LINE#         40
  C:9A26H         LINE#         41
  C:9A28H         LINE#         42
  C:9A28H         LINE#         43
  C:9A2AH         LINE#         44
  C:9A2AH         LINE#         45
  C:9A2CH         LINE#         46
  C:9A2EH         LINE#         47
  C:9A32H         LINE#         48
  C:9A37H         LINE#         49
  C:9A39H         LINE#         50
  -------         ENDPROC       _DS1302_WRITE_BYTE
  -------         PROC          _DS1302_READ_BYTE
  D:0007H         SYMBOL        addr
  -------         DO            
  D:0005H         SYMBOL        i
  D:0006H         SYMBOL        temp
  -------         ENDDO         
  C:9944H         LINE#         53
  C:9944H         LINE#         56
  C:9946H         LINE#         58
  C:994AH         LINE#         59
BL51 BANKED LINKER/LOCATER V6.22.4.0                                                  07/03/2024  21:10:44  PAGE 29


  C:994CH         LINE#         60
  C:9950H         LINE#         61
  C:9952H         LINE#         62
  C:9954H         LINE#         63
  C:9954H         LINE#         64
  C:9956H         LINE#         65
  C:9956H         LINE#         66
  C:9958H         LINE#         67
  C:995AH         LINE#         68
  C:995EH         LINE#         69
  C:9963H         LINE#         71
  C:9965H         LINE#         72
  C:9969H         LINE#         73
  C:996CH         LINE#         74
  C:996FH         LINE#         75
  C:9971H         LINE#         76
  C:9971H         LINE#         77
  C:9975H         LINE#         78
  C:9975H         LINE#         79
  C:9977H         LINE#         80
  C:9979H         LINE#         81
  C:997EH         LINE#         82
  C:9980H         LINE#         83
  C:9982H         LINE#         84
  -------         ENDPROC       _DS1302_READ_BYTE
  -------         PROC          DS1302_WRITE_TIME
  C:99C2H         LINE#         86
  C:99C2H         LINE#         87
  C:99C2H         LINE#         88
  C:99C9H         LINE#         89
  C:99D0H         LINE#         91
  C:99DAH         LINE#         92
  C:99DCH         LINE#         93
  C:99E1H         LINE#         94
  C:99E6H         LINE#         95
  C:99EEH         LINE#         96
  C:99F0H         LINE#         97
  C:99F8H         LINE#         98
  -------         ENDPROC       DS1302_WRITE_TIME
  -------         PROC          DS1302_READ_TIME
  C:9BE5H         LINE#         101
  C:9BE5H         LINE#         102
  C:9BE5H         LINE#         103
  C:9BEFH         LINE#         104
  C:9BF4H         LINE#         105
  C:9BF9H         LINE#         106
  C:9BFEH         LINE#         107
  C:9C03H         LINE#         108
  C:9C0DH         LINE#         109
  C:9C12H         LINE#         110
  -------         ENDPROC       DS1302_READ_TIME
  -------         PROC          _PRINT_TIME_NOW
  X:0001H         SYMBOL        x
  X:0002H         SYMBOL        y
  X:0003H         SYMBOL        hour_type
  -------         DO            
  D:0007H         SYMBOL        hour
BL51 BANKED LINKER/LOCATER V6.22.4.0                                                  07/03/2024  21:10:44  PAGE 30


  X:0004H         SYMBOL        time_to_show
  X:000DH         SYMBOL        am_or_pm
  -------         ENDDO         
  C:7D9EH         LINE#         112
  C:7DA6H         LINE#         115
  C:7DA9H         LINE#         116
  C:7DB1H         LINE#         117
  C:7DB4H         LINE#         118
  C:7DBDH         LINE#         119
  C:7DBFH         LINE#         120
  C:7DBFH         LINE#         121
  C:7DC1H         LINE#         122
  C:7DC1H         LINE#         123
  C:7DC4H         LINE#         124
  C:7DC8H         LINE#         125
  C:7DC8H         LINE#         126
  C:7DD2H         LINE#         127
  C:7DDAH         LINE#         128
  C:7DDDH         LINE#         129
  C:7DDFH         LINE#         130
  C:7DDFH         LINE#         131
  C:7DE5H         LINE#         132
  C:7DE7H         LINE#         133
  C:7DE7H         LINE#         134
  C:7DF6H         LINE#         135
  C:7DFEH         LINE#         136
  C:7E0BH         LINE#         137
  C:7E0FH         LINE#         138
  C:7E1CH         LINE#         139
  C:7E29H         LINE#         140
  C:7E2DH         LINE#         141
  C:7E3AH         LINE#         142
  C:7E47H         LINE#         143
  C:7E4AH         LINE#         144
  C:7E4EH         LINE#         145
  C:7E63H         LINE#         146
  -------         ENDPROC       _PRINT_TIME_NOW
  -------         PROC          _PRINT_DATE_NOW
  X:0001H         SYMBOL        x
  X:0002H         SYMBOL        y
  -------         DO            
  X:0003H         SYMBOL        date_to_show
  X:000EH         SYMBOL        weekday_char
  -------         ENDDO         
  C:818DH         LINE#         149
  C:8195H         LINE#         151
  C:81A0H         LINE#         152
  C:81A3H         LINE#         153
  C:81B0H         LINE#         154
  C:81BDH         LINE#         155
  C:81CAH         LINE#         156
  C:81D7H         LINE#         157
  C:81DBH         LINE#         158
  C:81E8H         LINE#         159
  C:81F5H         LINE#         160
  C:81F9H         LINE#         161
  C:8206H         LINE#         162
BL51 BANKED LINKER/LOCATER V6.22.4.0                                                  07/03/2024  21:10:44  PAGE 31


  C:8213H         LINE#         163
  C:8216H         LINE#         164
  C:8223H         LINE#         165
  C:8233H         LINE#         166
  C:8235H         LINE#         167
  -------         ENDPROC       _PRINT_DATE_NOW
  -------         PROC          _PRINT_DATE_ANY_TIME
  X:0020H         SYMBOL        x
  X:0021H         SYMBOL        y
  X:0022H         SYMBOL        year
  X:0024H         SYMBOL        month
  X:0025H         SYMBOL        day
  -------         DO            
  X:0026H         SYMBOL        date_to_show
  X:0031H         SYMBOL        weekday_char
  -------         ENDDO         
  C:8611H         LINE#         170
  C:861CH         LINE#         172
  C:8627H         LINE#         173
  C:8638H         LINE#         174
  C:863EH         LINE#         175
  C:864CH         LINE#         176
  C:8652H         LINE#         177
  C:8660H         LINE#         178
  C:8665H         LINE#         179
  C:8672H         LINE#         180
  C:8686H         LINE#         181
  C:8694H         LINE#         182
  -------         ENDPROC       _PRINT_DATE_ANY_TIME
  -------         PROC          _PRINT_LUNAR
  X:0011H         SYMBOL        x
  X:0012H         SYMBOL        y
  X:0013H         SYMBOL        month
  X:0014H         SYMBOL        day
  -------         DO            
  X:0015H         SYMBOL        lunar_date_char
  -------         ENDDO         
  C:88DDH         LINE#         185
  C:88E5H         LINE#         186
  C:88F8H         LINE#         187
  C:8909H         LINE#         188
  C:890EH         LINE#         189
  C:8918H         LINE#         190
  C:891EH         LINE#         191
  C:8921H         LINE#         192
  C:8923H         LINE#         193
  C:8929H         LINE#         194
  C:892EH         LINE#         195
  C:892EH         LINE#         196
  C:8930H         LINE#         197
  C:8938H         LINE#         198
  C:893DH         LINE#         199
  C:893DH         LINE#         200
  C:893FH         LINE#         201
  C:8948H         LINE#         202
  C:894AH         LINE#         203
  C:894DH         LINE#         204
BL51 BANKED LINKER/LOCATER V6.22.4.0                                                  07/03/2024  21:10:44  PAGE 32


  C:894FH         LINE#         205
  C:894FH         LINE#         206
  C:8952H         LINE#         207
  C:8956H         LINE#         208
  C:8956H         LINE#         209
  -------         ENDPROC       _PRINT_LUNAR
  -------         PROC          _PRINT_LUNAR_AND_TERM_NOW
  X:0003H         SYMBOL        x
  X:0004H         SYMBOL        y
  C:9B85H         LINE#         212
  C:9B8DH         LINE#         213
  -------         ENDPROC       _PRINT_LUNAR_AND_TERM_NOW
  -------         PROC          _PRINT_LUNAR_AND_TERM_ANY_TIME
  X:0006H         SYMBOL        x
  X:0007H         SYMBOL        y
  X:0008H         SYMBOL        year
  X:000AH         SYMBOL        month
  X:000BH         SYMBOL        day
  -------         DO            
  X:000CH         SYMBOL        lunar_date
  X:000EH         SYMBOL        solar_term_char
  X:0010H         SYMBOL        num
  -------         ENDDO         
  C:8A6CH         LINE#         216
  C:8A77H         LINE#         217
  C:8A97H         LINE#         218
  C:8AB1H         LINE#         219
  C:8AC9H         LINE#         221
  C:8AD1H         LINE#         222
  C:8AD4H         LINE#         223
  -------         ENDPROC       _PRINT_LUNAR_AND_TERM_ANY_TIME
  -------         PROC          READ_DISCRETE_TIME
  C:9046H         LINE#         226
  C:9046H         LINE#         227
  C:9046H         LINE#         228
  C:9049H         LINE#         229
  C:9050H         LINE#         230
  C:9053H         LINE#         232
  C:905AH         LINE#         233
  C:905DH         LINE#         235
  C:9068H         LINE#         236
  C:906BH         LINE#         238
  C:9076H         LINE#         239
  C:9079H         LINE#         241
  C:9083H         LINE#         243
  C:908EH         LINE#         244
  C:9091H         LINE#         246
  C:909CH         LINE#         247
  C:909FH         LINE#         249
  C:90AAH         LINE#         250
  C:90ADH         LINE#         251
  -------         ENDPROC       READ_DISCRETE_TIME
  -------         PROC          _ISLEAPYEAR
  D:0002H         SYMBOL        year
  C:9C93H         LINE#         253
  C:9C97H         LINE#         254
  C:9CB5H         LINE#         255
BL51 BANKED LINKER/LOCATER V6.22.4.0                                                  07/03/2024  21:10:44  PAGE 33


  C:9CB8H         LINE#         256
  C:9CB8H         LINE#         257
  C:9CBAH         LINE#         258
  C:9CBAH         LINE#         259
  -------         ENDPROC       _ISLEAPYEAR
  -------         PROC          GET_INTEGER_YEAR
  C:9B1CH         LINE#         261
  C:9B1CH         LINE#         262
  C:9B1FH         LINE#         263
  C:9B52H         LINE#         264
  -------         ENDPROC       GET_INTEGER_YEAR
  -------         PROC          GET_INTEGER_MONTH
  C:9F8DH         LINE#         266
  C:9F8DH         LINE#         267
  C:9F90H         LINE#         268
  C:9F96H         LINE#         269
  -------         ENDPROC       GET_INTEGER_MONTH
  -------         PROC          GET_INTEGER_DAY
  C:9F97H         LINE#         271
  C:9F97H         LINE#         272
  C:9F9AH         LINE#         273
  C:9FA0H         LINE#         274
  -------         ENDPROC       GET_INTEGER_DAY
  -------         PROC          GET_INTEGER_HOUR
  C:9FA1H         LINE#         276
  C:9FA1H         LINE#         277
  C:9FA4H         LINE#         278
  C:9FAAH         LINE#         279
  -------         ENDPROC       GET_INTEGER_HOUR
  -------         PROC          GET_INTEGER_MINUTE
  C:9FABH         LINE#         281
  C:9FABH         LINE#         282
  C:9FAEH         LINE#         283
  C:9FB4H         LINE#         284
  -------         ENDPROC       GET_INTEGER_MINUTE
  -------         PROC          GET_INTEGER_SECOND
  C:9FB5H         LINE#         286
  C:9FB5H         LINE#         287
  C:9FB8H         LINE#         288
  C:9FBEH         LINE#         289
  -------         ENDPROC       GET_INTEGER_SECOND
  -------         PROC          GET_INTEGER_WEEKDAY
  C:9FDBH         LINE#         291
  C:9FDBH         LINE#         292
  C:9FDEH         LINE#         293
  C:9FE3H         LINE#         294
  -------         ENDPROC       GET_INTEGER_WEEKDAY
  -------         PROC          _CALCULATE_WEEK_DAY
  X:0059H         SYMBOL        year
  D:0002H         SYMBOL        month
  D:0003H         SYMBOL        day
  -------         DO            
  D:0007H         SYMBOL        iWeek
  -------         ENDDO         
  C:86A4H         LINE#         296
  C:86AEH         LINE#         298
  C:86B7H         LINE#         299
BL51 BANKED LINKER/LOCATER V6.22.4.0                                                  07/03/2024  21:10:44  PAGE 34


  C:86BBH         LINE#         300
  C:86C5H         LINE#         301
  C:86C5H         LINE#         302
  C:8734H         LINE#         303
  C:8734H         LINE#         304
  -------         ENDPROC       _CALCULATE_WEEK_DAY
  -------         PROC          _WRITE_DATE_AND_TIME
  X:003FH         SYMBOL        year
  X:0041H         SYMBOL        month
  D:0003H         SYMBOL        day
  X:0043H         SYMBOL        hour
  X:0044H         SYMBOL        minute
  X:0045H         SYMBOL        second
  C:917EH         LINE#         306
  C:9189H         LINE#         307
  C:9198H         LINE#         308
  C:91ADH         LINE#         309
  C:91B3H         LINE#         310
  C:91B6H         LINE#         311
  C:91C0H         LINE#         312
  C:91CAH         LINE#         313
  C:91D4H         LINE#         314
  C:91E2H         LINE#         315
  -------         ENDPROC       _WRITE_DATE_AND_TIME
  -------         PROC          _WRITE_DATE
  X:0056H         SYMBOL        year
  X:0058H         SYMBOL        month
  D:0003H         SYMBOL        day
  C:9645H         LINE#         318
  C:9650H         LINE#         319
  C:9653H         LINE#         320
  C:9662H         LINE#         321
  C:9677H         LINE#         322
  C:967DH         LINE#         323
  C:9680H         LINE#         324
  C:968EH         LINE#         325
  -------         ENDPROC       _WRITE_DATE
  -------         PROC          _WRITE_TIME
  D:0004H         SYMBOL        hour
  D:0002H         SYMBOL        minute
  D:0003H         SYMBOL        second
  C:9BB6H         LINE#         328
  C:9BBAH         LINE#         329
  C:9BBDH         LINE#         330
  C:9BD2H         LINE#         331
  C:9BDFH         LINE#         332
  C:9BE2H         LINE#         333
  -------         ENDPROC       _WRITE_TIME
  -------         ENDMOD        DS1302

  -------         MODULE        DHT11
  C:0000H         SYMBOL        _ICE_DUMMY_
  C:A005H         PUBLIC        _DHT11_delay_us
  D:0080H         PUBLIC        P0
  D:0090H         PUBLIC        P1
  D:00B0H         PUBLIC        P3
  C:976CH         PUBLIC        _print_temp_and_hum
BL51 BANKED LINKER/LOCATER V6.22.4.0                                                  07/03/2024  21:10:44  PAGE 35


  X:00E9H         PUBLIC        dht11_to_show
  D:00A8H         PUBLIC        IE
  D:00B8H         PUBLIC        IP
  X:00F1H         PUBLIC        sensor
  D:0098H         PUBLIC        SCON
  D:0088H         PUBLIC        TCON
  C:9E94H         PUBLIC        DHT11_start
  C:9A74H         PUBLIC        _getdata
  D:00C8H         PUBLIC        T2CON
  C:9D9BH         PUBLIC        DHT11_rec_byte
  C:9D7DH         PUBLIC        _DHT11_delay_ms
  D:00D0H         PUBLIC        PSW
  B:0080H.2       PUBLIC        Data
  C:9DB9H         SYMBOL        Com001C
  C:9DB9H         SYMBOL        L?0029
  C:9DCEH         SYMBOL        L?0030
  -------         PROC          COM001C
  -------         ENDPROC       COM001C
  -------         PROC          _DHT11_DELAY_US
  D:0007H         SYMBOL        n
  C:A005H         LINE#         8
  C:A005H         LINE#         9
  C:A005H         LINE#         10
  C:A007H         LINE#         11
  -------         ENDPROC       _DHT11_DELAY_US
  -------         PROC          _DHT11_DELAY_MS
  D:0006H         SYMBOL        z
  -------         DO            
  D:0006H         SYMBOL        i
  D:0004H         SYMBOL        j
  -------         ENDDO         
  C:9D7DH         LINE#         13
  C:9D7DH         LINE#         14
[...]
  C:8C19H         SYMBOL        L?0043
  C:8C1DH         SYMBOL        L?0044
  C:8C23H         SYMBOL        L?0045
  C:8C23H         SYMBOL        L?0046
  C:8C2DH         SYMBOL        L?0048
  C:8C38H         SYMBOL        L?0051
  C:8C3AH         SYMBOL        L?0052
  C:8C41H         SYMBOL        L?0053
  C:8C4BH         SYMBOL        L?0054
  -------         PROC          COM001D
  -------         ENDPROC       COM001D
  -------         PROC          WEATHER_INIT
  -------         DO            
  D:0007H         SYMBOL        i
  -------         ENDDO         
  C:983FH         LINE#         9
  C:983FH         LINE#         11
  C:9841H         LINE#         12
  C:984DH         LINE#         13
  C:9857H         LINE#         14
  C:9861H         LINE#         15
  C:986BH         LINE#         16
  C:9875H         LINE#         17
  C:987DH         LINE#         18
BL51 BANKED LINKER/LOCATER V6.22.4.0                                                  07/03/2024  21:10:44  PAGE 62


  C:9882H         LINE#         19
  -------         ENDPROC       WEATHER_INIT
  C:815AH         SYMBOL        L?0028
  C:816BH         SYMBOL        L?0038
  C:817CH         SYMBOL        L?0049
  -------         PROC          _SET_WEATHER_FROM_STR
  X:0063H         SYMBOL        num
  X:0064H         SYMBOL        weather_str
  C:80D1H         LINE#         21
  C:80DAH         LINE#         22
  C:80EDH         LINE#         23
  C:8103H         LINE#         24
  C:8119H         LINE#         25
  C:812FH         LINE#         26
  C:8145H         LINE#         27
  C:8159H         LINE#         28
  -------         ENDPROC       _SET_WEATHER_FROM_STR
  -------         PROC          PAGE_WEATHER_ERROR
  -------         DO            
  X:0003H         SYMBOL        connect_ble_chinese
  X:0008H         SYMBOL        waiting_chinese
  X:0010H         SYMBOL        press_key_cancel_chinese
  -------         ENDDO         
  C:8CCBH         LINE#         30
  C:8CCBH         LINE#         31
  C:8CF0H         LINE#         32
  C:8CF3H         LINE#         33
  C:8D05H         LINE#         34
  C:8D17H         LINE#         35
  C:8D2CH         LINE#         39
  C:8D2CH         LINE#         40
  C:8D36H         LINE#         41
  C:8D3CH         LINE#         42
  C:8D3FH         LINE#         43
  C:8D3FH         LINE#         44
  C:8D3FH         LINE#         45
  C:8D3FH         LINE#         46
  -------         ENDPROC       PAGE_WEATHER_ERROR
  C:7686H         SYMBOL        L?0047
  C:7699H         SYMBOL        L?0050
  -------         PROC          _PRINT_WEATHER_ALL
  X:0003H         SYMBOL        page
  -------         DO            
  X:0004H         SYMBOL        day_chinese
  X:0006H         SYMBOL        night_chinese
  X:0008H         SYMBOL        dayWeather_str
  X:000AH         SYMBOL        nightWeather_str
  X:000CH         SYMBOL        date_to_show
  X:0012H         SYMBOL        dayTemp_to_show
  X:0016H         SYMBOL        nightTemp_to_show
  -------         ENDDO         
  C:74E2H         LINE#         48
  C:74E7H         LINE#         49
  C:74FDH         LINE#         50
  C:751BH         LINE#         51
  C:753CH         LINE#         52
  C:7549H         LINE#         53
BL51 BANKED LINKER/LOCATER V6.22.4.0                                                  07/03/2024  21:10:44  PAGE 63


  C:7557H         LINE#         54
  C:756BH         LINE#         55
  C:7582H         LINE#         56
  C:759BH         LINE#         57
  C:759EH         LINE#         58
  C:75B3H         LINE#         59
  C:75B5H         LINE#         60
  C:75C9H         LINE#         61
  C:75DEH         LINE#         62
  C:75F2H         LINE#         63
  C:7609H         LINE#         64
  C:7612H         LINE#         65
  C:7621H         LINE#         66
  C:7626H         LINE#         67
  C:763BH         LINE#         68
  C:7649H         LINE#         69
  C:7657H         LINE#         70
  C:7661H         LINE#         71
  C:7676H         LINE#         72
  C:7686H         LINE#         73
  -------         ENDPROC       _PRINT_WEATHER_ALL
  -------         PROC          PAGE_WEATHER_ALL
  -------         DO            
  X:0002H         SYMBOL        page
  -------         ENDDO         
  C:90AEH         LINE#         98
  C:90AEH         LINE#         99
  C:90B4H         LINE#         100
  C:90BEH         LINE#         101
  C:90C1H         LINE#         102
  C:90CBH         LINE#         103
  C:90CBH         LINE#         104
  C:90CEH         LINE#         105
  C:90CEH         LINE#         106
  C:90D6H         LINE#         107
  C:90DCH         LINE#         108
  C:90E2H         LINE#         109
  C:90EBH         LINE#         110
  C:90EDH         LINE#         111
  C:90F3H         LINE#         112
  C:90F9H         LINE#         113
  C:9102H         LINE#         114
  C:9104H         LINE#         115
  C:910AH         LINE#         116
  C:910AH         LINE#         117
  C:910CH         LINE#         118
  C:910CH         LINE#         119
  C:9112H         LINE#         120
  C:9115H         LINE#         121
  C:9115H         LINE#         122
  C:9115H         LINE#         123
  C:9115H         LINE#         124
  -------         ENDPROC       PAGE_WEATHER_ALL
  -------         ENDMOD        WEATHER

  -------         MODULE        EVENT
  C:0000H         SYMBOL        _ICE_DUMMY_
BL51 BANKED LINKER/LOCATER V6.22.4.0                                                  07/03/2024  21:10:44  PAGE 64


  D:0090H         PUBLIC        P1
  D:00A0H         PUBLIC        P2
  D:00B0H         PUBLIC        P3
  C:8AE8H         PUBLIC        is_event_about_to_happen
  X:006DH         PUBLIC        redraw
  D:00A8H         PUBLIC        IE
  D:00B8H         PUBLIC        IP
  X:006EH         PUBLIC        today
  X:0072H         PUBLIC        event
  C:8F04H         PUBLIC        _date_subtraction_adjust
  C:9904H         PUBLIC        _set_event_content
  D:0098H         PUBLIC        SCON
  D:0088H         PUBLIC        TCON
  C:9414H         PUBLIC        _set_event_control
  C:9D40H         PUBLIC        event_init
  C:94BFH         PUBLIC        _date_addition_adjust
  C:9894H         SYMBOL        _?ix1000
  C:8D40H         PUBLIC        page_event_null
  C:72E1H         PUBLIC        page_event_view
  C:98C2H         SYMBOL        _?ix1010
  C:989BH         SYMBOL        _?ix1001
  C:98A0H         SYMBOL        _?ix1002
  C:98A6H         SYMBOL        _?ix1003
  C:98A8H         SYMBOL        _?ix1004
  X:008FH         PUBLIC        event_status_temp
  C:9244H         PUBLIC        _event_tick_tock
  C:98ABH         SYMBOL        _?ix1005
  C:98B2H         SYMBOL        _?ix1006
  C:98B7H         SYMBOL        _?ix1007
  C:98BEH         SYMBOL        _?ix1008
  C:98C0H         SYMBOL        _?ix1009
  D:00C8H         PUBLIC        T2CON
  X:0090H         PUBLIC        event_about_to_happen_old
  X:0091H         PUBLIC        event_about_to_happen_new
  D:00D0H         PUBLIC        PSW
  C:8C54H         SYMBOL        Com003D
  C:8C54H         SYMBOL        L?0062
  C:8C56H         SYMBOL        L?0063
  C:8C60H         SYMBOL        L?0064
  C:8C64H         SYMBOL        L?0065
  C:8C6BH         SYMBOL        L?0066
  C:8C6FH         SYMBOL        L?0067
  C:8C76H         SYMBOL        L?0068
  C:8C7EH         SYMBOL        L?0069
  C:8C85H         SYMBOL        L?0070
  C:8C90H         SYMBOL        L?0072
  C:8C90H         SYMBOL        L?0073
  C:8C99H         SYMBOL        L?0074
  C:8CA4H         SYMBOL        L?0075
  C:8CADH         SYMBOL        L?0076
  C:8CB7H         SYMBOL        L?0077
  C:8CC1H         SYMBOL        L?0078
  -------         PROC          COM003D
  -------         ENDPROC       COM003D
  -------         PROC          EVENT_INIT
  C:9D40H         LINE#         11
  C:9D40H         LINE#         12
BL51 BANKED LINKER/LOCATER V6.22.4.0                                                  07/03/2024  21:10:44  PAGE 65


  C:9D47H         LINE#         13
  C:9D4AH         LINE#         14
  C:9D4DH         LINE#         15
  C:9D54H         LINE#         16
  C:9D57H         LINE#         17
  C:9D59H         LINE#         18
  C:9D5EH         LINE#         19
  -------         ENDPROC       EVENT_INIT
  -------         PROC          _DATE_ADDITION_ADJUST
  X:0006H         SYMBOL        year_num
  X:0008H         SYMBOL        month_num
  D:0003H         SYMBOL        day_num
  -------         DO            
  X:0009H         SYMBOL        correct_date
  -------         ENDDO         
  C:94BFH         LINE#         21
  C:94C5H         LINE#         23
  C:94CFH         LINE#         24
  C:94D9H         LINE#         25
  C:94E4H         LINE#         26
  C:94E7H         LINE#         27
  C:94F1H         LINE#         28
  C:94F1H         LINE#         29
  C:9500H         LINE#         30
  C:9508H         LINE#         31
  C:950BH         LINE#         32
  C:9511H         LINE#         33
  -------         ENDPROC       _DATE_ADDITION_ADJUST
  -------         PROC          _DATE_SUBTRACTION_ADJUST
  X:005FH         SYMBOL        year_num
  X:0061H         SYMBOL        month_num
  D:0003H         SYMBOL        day_num
  -------         DO            
  X:0062H         SYMBOL        correct_date
  -------         ENDDO         
  C:8F04H         LINE#         35
  C:8F0AH         LINE#         37
  C:8F15H         LINE#         38
  C:8F20H         LINE#         39
  C:8F2AH         LINE#         40
  C:8F30H         LINE#         41
  C:8F30H         LINE#         42
  C:8F50H         LINE#         43
  C:8F5FH         LINE#         44
  C:8F67H         LINE#         45
  C:8F6AH         LINE#         46
  C:8F70H         LINE#         47
  -------         ENDPROC       _DATE_SUBTRACTION_ADJUST
  -------         PROC          IS_EVENT_ABOUT_TO_HAPPEN
  C:8AE8H         LINE#         49
  C:8AE8H         LINE#         50
  C:8AF3H         LINE#         51
  C:8AFBH         LINE#         52
  C:8B03H         LINE#         53
  C:8B33H         LINE#         54
  C:8B60H         LINE#         55
  C:8B62H         LINE#         56
BL51 BANKED LINKER/LOCATER V6.22.4.0                                                  07/03/2024  21:10:44  PAGE 66


  -------         ENDPROC       IS_EVENT_ABOUT_TO_HAPPEN
  -------         PROC          _SET_EVENT_CONTROL
  D:0006H         SYMBOL        year
  D:0005H         SYMBOL        month
  D:0003H         SYMBOL        day
  X:005AH         SYMBOL        status
  -------         DO            
  X:005BH         SYMBOL        last_day
  -------         ENDDO         
  C:9414H         LINE#         58
  C:9414H         LINE#         60
  C:9417H         LINE#         61
  C:941AH         LINE#         62
  C:941DH         LINE#         63
  C:9425H         LINE#         64
  C:9444H         LINE#         65
  C:9453H         LINE#         66
  C:945BH         LINE#         67
  C:9463H         LINE#         68
  C:946BH         LINE#         69
  -------         ENDPROC       _SET_EVENT_CONTROL
  -------         PROC          _SET_EVENT_CONTENT
  X:0056H         SYMBOL        content
  -------         DO            
  D:0007H         SYMBOL        i
  -------         ENDDO         
  C:9904H         LINE#         71
  C:990AH         LINE#         73
  C:992BH         LINE#         74
  C:9938H         LINE#         75
  C:993DH         LINE#         76
  C:9943H         LINE#         77
  -------         ENDPROC       _SET_EVENT_CONTENT
  -------         PROC          _EVENT_TICK_TOCK
  X:0001H         SYMBOL        x
  X:0002H         SYMBOL        y
  C:9244H         LINE#         79
  C:924CH         LINE#         80
  C:9254H         LINE#         81
  C:925BH         LINE#         82
  C:9261H         LINE#         83
  C:9269H         LINE#         84
  C:9269H         LINE#         85
  C:926FH         LINE#         86
  C:927BH         LINE#         87
  C:9280H         LINE#         88
  C:9280H         LINE#         89
  C:928CH         LINE#         90
  C:9298H         LINE#         91
  C:9298H         LINE#         92
  C:9298H         LINE#         93
  C:92A2H         LINE#         94
  C:92A2H         LINE#         95
  -------         ENDPROC       _EVENT_TICK_TOCK
  -------         PROC          PAGE_EVENT_NULL
  -------         DO            
  X:0020H         SYMBOL        ble_add_chinese
BL51 BANKED LINKER/LOCATER V6.22.4.0                                                  07/03/2024  21:10:44  PAGE 67


  X:0027H         SYMBOL        no_event_chinese
  X:002CH         SYMBOL        press_key_cancel_chinese
  -------         ENDDO         
  C:8D40H         LINE#         97
  C:8D40H         LINE#         98
  C:8D63H         LINE#         99
  C:8D66H         LINE#         100
  C:8D78H         LINE#         101
  C:8D8BH         LINE#         102
  C:8DA0H         LINE#         103
  C:8DA0H         LINE#         104
  C:8DB0H         LINE#         105
  -------         ENDPROC       PAGE_EVENT_NULL
  C:74D3H         SYMBOL        L?0071
  C:74DBH         SYMBOL        L?0079
  -------         PROC          PAGE_EVENT_VIEW
  -------         DO            
  X:0002H         SYMBOL        remind_chinese
  X:0004H         SYMBOL        only_same_chinese
  X:0007H         SYMBOL        same_and_in_advance_chinese
  X:000EH         SYMBOL        saved_chinese
  X:0013H         SYMBOL        if_sure_to_clear_chinese
  X:001AH         SYMBOL        cancel_chinese
  X:001CH         SYMBOL        sure_chinese
  X:001EH         SYMBOL        weekday_char
  -------         ENDDO         
  C:72E1H         LINE#         111
  C:72E1H         LINE#         112
  C:7304H         LINE#         113
  C:7338H         LINE#         114
  C:7347H         LINE#         115
  C:734AH         LINE#         116
  C:734AH         LINE#         117
  C:7354H         LINE#         118
  C:7357H         LINE#         119
  C:7364H         LINE#         120
  C:7364H         LINE#         121
  C:736AH         LINE#         122
  C:736DH         LINE#         123
  C:7372H         LINE#         124
  C:7372H         LINE#         125
  C:7381H         LINE#         126
  C:739EH         LINE#         127
  C:73AFH         LINE#         128
  C:73BEH         LINE#         129
  C:73CFH         LINE#         130
  C:73D8H         LINE#         131
  C:73F0H         LINE#         132
  C:73F9H         LINE#         133
  C:7417H         LINE#         134
  C:7422H         LINE#         135
  C:742AH         LINE#         136
  C:742DH         LINE#         137
  C:743EH         LINE#         138
  C:744FH         LINE#         139
  C:7464H         LINE#         140
  C:7464H         LINE#         141
BL51 BANKED LINKER/LOCATER V6.22.4.0                                                  07/03/2024  21:10:44  PAGE 68


  C:746CH         LINE#         142
  C:7472H         LINE#         143
  C:7475H         LINE#         144
  C:7475H         LINE#         145
  C:7475H         LINE#         146
  C:7475H         LINE#         147
  C:7478H         LINE#         148
  C:747BH         LINE#         149
  C:7481H         LINE#         150
  C:7487H         LINE#         151
  C:7492H         LINE#         152
  C:7495H         LINE#         153
  C:749BH         LINE#         154
  C:749BH         LINE#         155
  C:749DH         LINE#         156
  C:749DH         LINE#         157
  C:74A8H         LINE#         158
  C:74ABH         LINE#         159
  C:74B3H         LINE#         160
  C:74C8H         LINE#         162
  C:74CFH         LINE#         163
  C:74D2H         LINE#         164
  C:74D2H         LINE#         165
  C:74D2H         LINE#         166
  C:74D2H         LINE#         167
  -------         ENDPROC       PAGE_EVENT_VIEW
  -------         ENDMOD        EVENT

  -------         MODULE        ?C?COPY
  C:632AH         PUBLIC        ?C?COPY
  -------         ENDMOD        ?C?COPY

  -------         MODULE        ?C?SCDIV
  C:6350H         PUBLIC        ?C?SCDIV
  -------         ENDMOD        ?C?SCDIV

  -------         MODULE        ?C?CLDPTR
  C:6372H         PUBLIC        ?C?CLDPTR
  -------         ENDMOD        ?C?CLDPTR

  -------         MODULE        ?C?CLDOPTR
  C:638BH         PUBLIC        ?C?CLDOPTR
  -------         ENDMOD        ?C?CLDOPTR

  -------         MODULE        ?C?CSTPTR
  C:63B8H         PUBLIC        ?C?CSTPTR
  -------         ENDMOD        ?C?CSTPTR

  -------         MODULE        ?C?CSTOPTR
  C:63CAH         PUBLIC        ?C?CSTOPTR
  -------         ENDMOD        ?C?CSTOPTR

  -------         MODULE        ?C?IMUL
  C:63ECH         PUBLIC        ?C?IMUL
  -------         ENDMOD        ?C?IMUL

  -------         MODULE        ?C?UIDIV
BL51 BANKED LINKER/LOCATER V6.22.4.0                                                  07/03/2024  21:10:44  PAGE 69


  C:63FEH         PUBLIC        ?C?UIDIV
  -------         ENDMOD        ?C?UIDIV

  -------         MODULE        ?C?SIDIV
  C:6453H         PUBLIC        ?C?SIDIV
  -------         ENDMOD        ?C?SIDIV

  -------         MODULE        ?C?IILDX
  C:6489H         PUBLIC        ?C?IILDX
  -------         ENDMOD        ?C?IILDX

  -------         MODULE        ?C?ILDIX
  C:649FH         PUBLIC        ?C?ILDIX
  -------         ENDMOD        ?C?ILDIX

  -------         MODULE        ?C?LAND
  C:64B5H         PUBLIC        ?C?LAND
  -------         ENDMOD        ?C?LAND

  -------         MODULE        ?C?ULCMP
  C:64C2H         PUBLIC        ?C?ULCMP
  -------         ENDMOD        ?C?ULCMP

  -------         MODULE        ?C?ULSHR
  C:64D3H         PUBLIC        ?C?ULSHR
  -------         ENDMOD        ?C?ULSHR

  -------         MODULE        ?C?SLSHR
  C:64E6H         PUBLIC        ?C?SLSHR
  -------         ENDMOD        ?C?SLSHR

  -------         MODULE        ?C?LLDCODE
  C:64FAH         PUBLIC        ?C?LLDCODE
  -------         ENDMOD        ?C?LLDCODE

  -------         MODULE        ?C?LLDCODE0
  C:650AH         PUBLIC        ?C?LLDCODE0
  -------         ENDMOD        ?C?LLDCODE0

  -------         MODULE        ?C?OFFXADD
  C:651AH         PUBLIC        ?C?OFFXADD
  -------         ENDMOD        ?C?OFFXADD

  -------         MODULE        ?C?PLDXDATA
  C:6526H         PUBLIC        ?C?PLDXDATA
  -------         ENDMOD        ?C?PLDXDATA

  -------         MODULE        ?C?PSTXDATA
  C:652FH         PUBLIC        ?C?PSTXDATA
  -------         ENDMOD        ?C?PSTXDATA

  -------         MODULE        ?C?CCASE
  C:6538H         PUBLIC        ?C?CCASE
  -------         ENDMOD        ?C?CCASE

  -------         MODULE        ?C?STRCPY
  C:662AH         PUBLIC        ?C?STRCPY
BL51 BANKED LINKER/LOCATER V6.22.4.0                                                  07/03/2024  21:10:44  PAGE 70


  -------         ENDMOD        ?C?STRCPY

  -------         MODULE        STRNCPY
  X:0063H         PUBLIC        ?_strncpy?BYTE
  C:9116H         PUBLIC        _strncpy
  -------         ENDMOD        STRNCPY

*** WARNING L15: MULTIPLE CALL TO SEGMENT
    SEGMENT: ?PR?_CALCULATE_WEEK_DAY?DS1302
    CALLER1: ?C_C51STARTUP
    CALLER2: ?PR?COM_INT?HC08

*** WARNING L15: MULTIPLE CALL TO SEGMENT
    SEGMENT: ?PR?_SET_VOLUME?MP3
    CALLER1: ?C_C51STARTUP
    CALLER2: ?PR?COM_INT?HC08

*** WARNING L15: MULTIPLE CALL TO SEGMENT
    SEGMENT: ?PR?_SEND?MP3
    CALLER1: ?C_C51STARTUP
    CALLER2: ?PR?COM_INT?HC08

*** WARNING L15: MULTIPLE CALL TO SEGMENT
    SEGMENT: ?PR?_SENDDATA?HC08
    CALLER1: ?C_C51STARTUP
    CALLER2: ?PR?COM_INT?HC08

*** WARNING L15: MULTIPLE CALL TO SEGMENT
    SEGMENT: ?PR?_DATE_SUBTRACTION_ADJUST?EVENT
    CALLER1: ?C_C51STARTUP
    CALLER2: ?PR?COM_INT?HC08

*** WARNING L15: MULTIPLE CALL TO SEGMENT
    SEGMENT: ?PR?_ADJUST_30?ALARM
    CALLER1: ?C_C51STARTUP
    CALLER2: ?PR?COM_INT?HC08

Program Size: data=9.0 xdata=253 code=40969
LINK/LOCATE RUN COMPLETE.  6 WARNING(S),  0 ERROR(S)
