C51 COMPILER V9.60.7.0   MQ2                                                               05/29/2024 21:24:33 PAGE 1   


C51 COMPILER V9.60.7.0, COMPILATION OF MODULE MQ2
OBJECT MODULE PLACED IN .\Objects\mq2.obj
COMPILER INVOKED BY: C:\Keil_v5\C51\BIN\C51.EXE mq2.c LARGE WARNINGLEVEL(1) OPTIMIZE(9,SIZE) BROWSE DEBUG OBJECTEXTEND P
                    -RINT(.\Listings\mq2.lst) TABS(2) OBJECT(.\Objects\mq2.obj)

line level    source

   1          #include "delay.h"
   2          #include "mq2.h"
   3          #include "mp3.h"
   4          #include "oled.h"
   5          #include "keyscan.h"
   6          
   7          uchar smog_alarm_enable = 1;
   8          uchar smog_alarm_suspend = 0;
   9          
  10          uchar isSmoking(){
  11   1        if(mq2 == 0){
  12   2          delay_for_mq2();
  13   2          if(mq2 == 0) return 1;
  14   2        }
  15   1        return 0;
  16   1      }
  17          
  18          void page_smog_alarm(){
  19   1        char vol_init;
  20   1        OLED_Clear();
  21   1        OLED_ShowString(0,2,"Smog Detected!",16);
  22   1        vol_init = get_volume();
  23   1        set_volume(30);
  24   1        set_single_loop(1);
  25   1        playmusic(19);
  26   1        while(1){
  27   2          if(getKey()){
  28   3            stopmusic();
  29   3            set_single_loop(0);
  30   3            set_volume(vol_init);
  31   3            smog_alarm_suspend = 1;
  32   3            OLED_Clear();
  33   3            break;
  34   3          }
  35   2        }
  36   1      }
  37          
  38          void mq2_tick_tock(){
  39   1        if(smog_alarm_enable){
  40   2          if(isSmoking()){
  41   3            if(!smog_alarm_suspend) page_smog_alarm();
  42   3          }
  43   2          else{
  44   3            if(smog_alarm_suspend) smog_alarm_suspend = 0;
  45   3          }
  46   2        }
  47   1      }


MODULE INFORMATION:   STATIC OVERLAYABLE
   CODE SIZE        =    121    ----
   CONSTANT SIZE    =     15    ----
   XDATA SIZE       =      2       1
   PDATA SIZE       =   ----    ----
C51 COMPILER V9.60.7.0   MQ2                                                               05/29/2024 21:24:33 PAGE 2   

   DATA SIZE        =   ----    ----
   IDATA SIZE       =   ----    ----
   BIT SIZE         =   ----    ----
END OF MODULE INFORMATION.


C51 COMPILATION COMPLETE.  0 WARNING(S),  0 ERROR(S)
