C51 COMPILER V9.60.7.0   MQ2                                                               07/04/2024 19:58:40 PAGE 1   


C51 COMPILER V9.60.7.0, COMPILATION OF MODULE MQ2
OBJECT MODULE PLACED IN .\Objects\mq2.obj
COMPILER INVOKED BY: C:\Keil_v5\C51\BIN\C51.EXE mq2.c LARGE WARNINGLEVEL(1) OPTIMIZE(9,SIZE) BROWSE DEBUG OBJECTEXTEND P
                    -RINT(.\Listings\mq2.lst) TABS(2) OBJECT(.\Objects\mq2.obj)

line level    source

   1          #include "delay.h"
   2          #include "mq2.h"
   3          #include "mp3.h"
   4          #include "oled.h"
   5          #include "keyscan.h"
   6          #include "hc08.h"
   7          #include "bmp.h"
   8          
   9          uchar mq2_enabled = 1;
  10          uchar smog_alarm_suspend = 0;
  11          
  12          uchar isSmoking(){
  13   1        if(!mq2_enabled) return 0;
  14   1        if(mq2 == 0){
  15   2          delay_for_mq2();
  16   2          if(mq2 == 0) return 1;
  17   2        }
  18   1        return 0;
  19   1      }
  20          
  21          void page_smog_alarm(){
  22   1        char smog_detected_chinese[] = {38,39,40,41,42,43,46,47}, press_key_cancel_chinese[] = {58,59,60,61,62,63
             -};
  23   1        OLED_Clear();
  24   1        OLED_DrawBMP(0, 0, 128, 4, fire_icon);
  25   1        OLED_ShowChineseString(0,4,0,smog_detected_chinese,8);
  26   1        OLED_ShowChineseString(16,6,0,press_key_cancel_chinese,6);
  27   1      //  OLED_ShowString(0,2,"Smog Detected!",16);
  28   1        send_volume(get_alert_volume());
  29   1        sendData("FIRE");
  30   1        set_single_loop(1);
  31   1        playmusic(19);
  32   1        while(1){
  33   2          if(getKey() || !isSmoking()){
  34   3            stopmusic();
  35   3            set_single_loop(0);
  36   3            send_volume(get_notification_volume());
  37   3            smog_alarm_suspend = 1;
  38   3            OLED_Clear();
  39   3            break;
  40   3          }
  41   2        }
  42   1      }
  43          
  44          void mq2_tick_tock(){
  45   1        if(!mq2_enabled) return;
  46   1        if(isSmoking()){
  47   2          if(!smog_alarm_suspend) page_smog_alarm();
  48   2        }
  49   1        else{
  50   2          if(smog_alarm_suspend) smog_alarm_suspend = 0;
  51   2        }
  52   1      }

C51 COMPILER V9.60.7.0   MQ2                                                               07/04/2024 19:58:40 PAGE 2   


MODULE INFORMATION:   STATIC OVERLAYABLE
   CODE SIZE        =    224    ----
   CONSTANT SIZE    =     19    ----
   XDATA SIZE       =      2      14
   PDATA SIZE       =   ----    ----
   DATA SIZE        =   ----    ----
   IDATA SIZE       =   ----    ----
   BIT SIZE         =   ----    ----
END OF MODULE INFORMATION.


C51 COMPILATION COMPLETE.  0 WARNING(S),  0 ERROR(S)
