BL51 BANKED LINKER/LOCATER V6.22.4.0                                                    05/29/2024  21:33:52  PAGE 1


BL51 BANKED LINKER/LOCATER V6.22.4.0, INVOKED BY:
C:\KEIL_V5\C51\BIN\BL51.EXE .\Objects\STARTUP.obj, .\Objects\oled.obj, .\Objects\main.obj, .\Objects\ds1302.obj, .\Objec
>> ts\dht11.obj, .\Objects\keyscan.obj, .\Objects\mp3.obj, .\Objects\delay.obj, .\Objects\alarm.obj, .\Objects\settings.
>> obj, .\Objects\lunar.obj, .\Objects\mq2.obj TO .\Objects\oled PRINT (.\Listings\oled.m51) RAMSIZE (256)


MEMORY MODEL: LARGE


INPUT MODULES INCLUDED:
  .\Objects\STARTUP.obj (?C_STARTUP)
  .\Objects\oled.obj (OLED)
  .\Objects\main.obj (MAIN)
  .\Objects\ds1302.obj (DS1302)
  .\Objects\dht11.obj (DHT11)
  .\Objects\keyscan.obj (KEYSCAN)
  .\Objects\mp3.obj (MP3)
  .\Objects\delay.obj (DELAY)
  .\Objects\alarm.obj (ALARM)
  .\Objects\settings.obj (SETTINGS)
  .\Objects\lunar.obj (LUNAR)
  .\Objects\mq2.obj (MQ2)
  C:\KEIL_V5\C51\LIB\C51L.LIB (?C_INIT)
  C:\KEIL_V5\C51\LIB\C51L.LIB (?C?COPY)
  C:\KEIL_V5\C51\LIB\C51L.LIB (?C?SCDIV)
  C:\KEIL_V5\C51\LIB\C51L.LIB (?C?CLDPTR)
  C:\KEIL_V5\C51\LIB\C51L.LIB (?C?CLDOPTR)
  C:\KEIL_V5\C51\LIB\C51L.LIB (?C?CSTPTR)
  C:\KEIL_V5\C51\LIB\C51L.LIB (?C?CSTOPTR)
  C:\KEIL_V5\C51\LIB\C51L.LIB (?C?IMUL)
  C:\KEIL_V5\C51\LIB\C51L.LIB (?C?UIDIV)
  C:\KEIL_V5\C51\LIB\C51L.LIB (?C?SIDIV)
  C:\KEIL_V5\C51\LIB\C51L.LIB (?C?IILDX)
  C:\KEIL_V5\C51\LIB\C51L.LIB (?C?ILDIX)
  C:\KEIL_V5\C51\LIB\C51L.LIB (?C?LAND)
  C:\KEIL_V5\C51\LIB\C51L.LIB (?C?ULCMP)
  C:\KEIL_V5\C51\LIB\C51L.LIB (?C?ULSHR)
  C:\KEIL_V5\C51\LIB\C51L.LIB (?C?SLSHR)
  C:\KEIL_V5\C51\LIB\C51L.LIB (?C?LLDCODE)
  C:\KEIL_V5\C51\LIB\C51L.LIB (?C?LLDCODE0)
  C:\KEIL_V5\C51\LIB\C51L.LIB (?C?OFFXADD)
  C:\KEIL_V5\C51\LIB\C51L.LIB (?C?PLDXDATA)
  C:\KEIL_V5\C51\LIB\C51L.LIB (?C?PSTXDATA)


LINK MAP OF MODULE:  .\Objects\oled (?C_STARTUP)


            TYPE    BASE      LENGTH    RELOCATION   SEGMENT NAME
            -----------------------------------------------------

            * * * * * * *   D A T A   M E M O R Y   * * * * * * *
            REG     0000H     0008H     ABSOLUTE     "REG BANK 0"
            IDATA   0008H     0001H     UNIT         ?STACK

            * * * * * * *  X D A T A   M E M O R Y  * * * * * * *
            XDATA   0000H     002BH     UNIT         _XDATA_GROUP_
            XDATA   002BH     0018H     UNIT         ?XD?DS1302
BL51 BANKED LINKER/LOCATER V6.22.4.0                                                  05/29/2024  21:33:52  PAGE 2


            XDATA   0043H     0014H     UNIT         ?XD?MAIN
            XDATA   0057H     000BH     UNIT         ?XD?_OLED_DRAWBMP?OLED
            XDATA   0062H     0009H     UNIT         ?XD?_OLED_SHOWNUM?OLED
            XDATA   006BH     0002H     UNIT         ?XD?_FILL_PICTURE?OLED
            XDATA   006DH     0002H     UNIT         ?XD?LUNAR
            XDATA   006FH     0002H     UNIT         ?XD?MQ2
            XDATA   0071H     0001H     UNIT         ?XD?OLED_ON?OLED
            XDATA   0072H     0001H     UNIT         ?XD?_OLED_POW?OLED
            XDATA   0073H     0001H     UNIT         ?XD?MP3

            * * * * * * *   C O D E   M E M O R Y   * * * * * * *
            CODE    0000H     0003H     ABSOLUTE     
            CODE    0003H     1A84H     UNIT         ?CO?OLED
            CODE    1A87H     0354H     UNIT         ?CO?LUNAR
            CODE    1DDBH     0353H     UNIT         ?PR?PAGE_SET_DATE_AND_TIME?SETTINGS
            CODE    212EH     0345H     UNIT         ?PR?_LUNARCALENDAR?LUNAR
            CODE    2473H     02DEH     UNIT         ?C?LIB_CODE
            CODE    2751H     01F9H     UNIT         ?PR?PAGE_ALARM?ALARM
            CODE    294AH     011CH     UNIT         ?PR?_QUADRUPLE_DIGIT_TO_STRING?OLED
            CODE    2A66H     010AH     UNIT         ?PR?OLED
            CODE    2B70H     00CEH     UNIT         ?PR?FUNCTION2?MAIN
            CODE    2C3EH     00C3H     UNIT         ?PR?LUNAR
            CODE    2D01H     00C1H     UNIT         ?PR?PAGE_SETTINGS?SETTINGS
            CODE    2DC2H     00C0H     UNIT         ?PR?PAGE_MUSIC?MP3
            CODE    2E82H     00ADH     UNIT         ?PR?PAGE_SET_NOTIFICATION?SETTINGS
            CODE    2F2FH     00ACH     UNIT         ?PR?_PRINT_TIME_NOW?DS1302
            CODE    2FDBH     00A0H     UNIT         ?PR?MAIN?MAIN
            CODE    307BH     009FH     UNIT         ?PR?_PRINT_DATE_NOW?DS1302
            CODE    311AH     009EH     UNIT         ?PR?_OLED_SHOWNUM?OLED
            CODE    31B8H     0091H     UNIT         ?PR?_OLED_SHOWCHAR_REVERSE?OLED
            CODE    3249H     0090H     UNIT         ?PR?_OLED_SHOWCHINESE?OLED
            CODE    32D9H     008FH     UNIT         ?PR?_WRITE_TIME_TO_BUFFER?DS1302
            CODE    3368H     008CH     UNIT         ?C_C51STARTUP
            CODE    33F4H     008CH     UNIT         ?PR?_PRINT_LUNAR?DS1302
            CODE    3480H     008BH     UNIT         ?PR?_CALCULATE_WEEK_DAY?DS1302
            CODE    350BH     008AH     UNIT         ?PR?DS1302
            CODE    3595H     0089H     UNIT         ?PR?_OLED_DRAWBMP?OLED
            CODE    361EH     0089H     UNIT         ?PR?OLED_INIT?OLED
            CODE    36A7H     007CH     UNIT         ?PR?_OLED_SHOWCHAR?OLED
            CODE    3723H     0068H     UNIT         ?PR?READ_DISCRETE_TIME?DS1302
            CODE    378BH     0068H     UNIT         ?CO?SETTINGS
            CODE    37F3H     0066H     UNIT         ?PR?_ADJUST_30?ALARM
            CODE    3859H     0062H     UNIT         ?PR?_DOUBLE_DIGIT_TO_STRING?OLED
            CODE    38BBH     005FH     UNIT         ?PR?GETKEY?KEYSCAN
            CODE    391AH     005DH     UNIT         ?PR?_OLED_SHOWCHINESESTRING?OLED
            CODE    3977H     005CH     UNIT         ?PR?_SEND?MP3
            CODE    39D3H     005BH     UNIT         ?PR?_SET_VOLUME?MP3
            CODE    3A2EH     0050H     UNIT         ?PR?_OLED_SHOWSTRING?OLED
            CODE    3A7EH     0050H     UNIT         ?PR?_OLED_SHOWSTRING_REVERSE?OLED
            CODE    3ACEH     004EH     UNIT         ?PR?_GET_LUNAR_CALENDAR?LUNAR
            CODE    3B1CH     004DH     UNIT         ?PR?_GET_SOLAR_TERM_NUM?LUNAR
            CODE    3B69H     004CH     UNIT         ?PR?SETTINGS
            CODE    3BB5H     004CH     UNIT         ?PR?PAGE_SMOG_ALARM?MQ2
            CODE    3C01H     0046H     UNIT         ?PR?_PRINT_LUNAR_NOW?DS1302
            CODE    3C47H     0046H     UNIT         ?PR?_PRINT_SOLAR_TERM_NOW?DS1302
            CODE    3C8DH     0040H     UNIT         ?PR?_PLAYMUSIC?MP3
            CODE    3CCDH     003FH     UNIT         ?PR?_DS1302_READ_BYTE?DS1302
BL51 BANKED LINKER/LOCATER V6.22.4.0                                                  05/29/2024  21:33:52  PAGE 3


            CODE    3D0CH     003DH     UNIT         ?PR?DS1302_WRITE_TIME?DS1302
            CODE    3D49H     003CH     UNIT         ?PR?ALARM
            CODE    3D85H     003BH     UNIT         ?PR?_DS1302_WRITE_BYTE?DS1302
            CODE    3DC0H     003BH     UNIT         ?CO?ALARM
            CODE    3DFBH     0039H     UNIT         ?PR?_GETDATA?DHT11
            CODE    3E34H     0037H     UNIT         ?C_INITSEG
            CODE    3E6BH     0037H     UNIT         ?PR?GET_INTEGER_YEAR?DS1302
            CODE    3EA2H     0034H     UNIT         ?PR?PAGE_RING?ALARM
            CODE    3ED6H     002FH     UNIT         ?PR?_OLED_SET_POS?OLED
            CODE    3F05H     002EH     UNIT         ?PR?DS1302_READ_TIME?DS1302
            CODE    3F33H     002CH     UNIT         ?PR?MAIN
            CODE    3F5FH     0028H     UNIT         ?PR?_ISLEAPYEAR?DS1302
            CODE    3F87H     0025H     UNIT         ?PR?OLED_ON?OLED
            CODE    3FACH     0024H     UNIT         ?PR?_FILL_PICTURE?OLED
            CODE    3FD0H     0024H     UNIT         ?PR?OLED_CLEAR?OLED
            CODE    3FF4H     0020H     UNIT         ?PR?_WRITE_IIC_BYTE?OLED
            CODE    4014H     001EH     UNIT         ?PR?_OLED_POW?OLED
            CODE    4032H     001EH     UNIT         ?PR?_DHT11_DELAY_MS?DHT11
            CODE    4050H     001EH     UNIT         ?PR?DHT11_REC_BYTE?DHT11
            CODE    406EH     001EH     UNIT         ?PR?_DELAY_50MS?DELAY
            CODE    408CH     001EH     UNIT         ?PR?ALARM_TICK_TOCK?ALARM
            CODE    40AAH     001EH     UNIT         ?PR?MQ2_TICK_TOCK?MQ2
            CODE    40C8H     001DH     UNIT         ?CO?MAIN
            CODE    40E5H     001CH     UNIT         ?PR?_OLED_WR_BYTE?OLED
            CODE    4101H     001AH     UNIT         ?PR?_SET_SINGLE_LOOP?MP3
            CODE    411BH     001AH     UNIT         ?PR?ALARM_INIT?ALARM
            CODE    4135H     0017H     UNIT         ?PR?FUNCTION1?MAIN
            CODE    414CH     0017H     UNIT         ?PR?DHT11_START?DHT11
            CODE    4163H     0016H     UNIT         ?PR?_DELAY_MS?DELAY
            CODE    4179H     0013H     UNIT         ?PR?OLED_DISPLAY_OFF?OLED
            CODE    418CH     0012H     UNIT         ?PR?MP3
            CODE    419EH     0011H     UNIT         ?CO?MP3
            CODE    41AFH     0010H     UNIT         ?PR?IIC_WAIT_ACK?OLED
            CODE    41BFH     0010H     UNIT         ?PR?OLED_DISPLAY_ON?OLED
            CODE    41CFH     000FH     UNIT         ?PR?ISSMOKING?MQ2
            CODE    41DEH     000FH     UNIT         ?CO?MQ2
            CODE    41EDH     000DH     UNIT         ?PR?DELAY_FOR_MQ2?DELAY
            CODE    41FAH     000BH     UNIT         ?PR?_WRITE_IIC_COMMAND?OLED
            CODE    4205H     000BH     UNIT         ?PR?_WRITE_IIC_DATA?OLED
            CODE    4210H     000BH     UNIT         ?PR?_DELAY_US?DELAY
            CODE    421BH     000BH     UNIT         ?PR?_ADJUST_12?ALARM
            CODE    4226H     000BH     UNIT         ?PR?_ADJUST_24?ALARM
            CODE    4231H     000BH     UNIT         ?PR?_ADJUST_60?ALARM
            CODE    423CH     000AH     UNIT         ?PR?GET_INTEGER_MONTH?DS1302
            CODE    4246H     000AH     UNIT         ?PR?GET_INTEGER_DAY?DS1302
            CODE    4250H     000AH     UNIT         ?PR?GET_INTEGER_HOUR?DS1302
            CODE    425AH     000AH     UNIT         ?PR?GET_INTEGER_MINUTE?DS1302
            CODE    4264H     000AH     UNIT         ?PR?GET_INTEGER_SECOND?DS1302
            CODE    426EH     0009H     UNIT         ?PR?IIC_START?OLED
            CODE    4277H     0009H     UNIT         ?PR?GET_INTEGER_WEEKDAY?DS1302
            CODE    4280H     0009H     UNIT         ?PR?DHT11
            CODE    4289H     0008H     UNIT         ?CO?DS1302
            CODE    4291H     0007H     UNIT         ?PR?IIC_STOP?OLED
            CODE    4298H     0006H     UNIT         ?PR?GET_VOLUME?MP3
            CODE    429EH     0005H     UNIT         ?PR?DS1302_INIT?DS1302
            CODE    42A3H     0005H     UNIT         ?PR?STOPMUSIC?MP3
            CODE    42A8H     0005H     UNIT         ?PR?_CHAR?DELAY
BL51 BANKED LINKER/LOCATER V6.22.4.0                                                  05/29/2024  21:33:52  PAGE 4


            CODE    42ADH     0003H     UNIT         ?PR?_DHT11_DELAY_US?DHT11
            CODE    42B0H     0001H     UNIT         ?PR?FUNCTION3?MAIN
            CODE    42B1H     0001H     UNIT         ?PR?FUNCTION4?MAIN



OVERLAY MAP OF MODULE:   .\Objects\oled (?C_STARTUP)


SEGMENT                                       XDATA_GROUP
  +--> CALLED SEGMENT                       START    LENGTH
-----------------------------------------------------------
?C_C51STARTUP                               -----    -----
  +--> ?PR?MAIN?MAIN
  +--> ?C_INITSEG

?PR?MAIN?MAIN                               -----    -----
  +--> ?PR?_DELAY_50MS?DELAY
  +--> ?PR?DS1302_INIT?DS1302
  +--> ?PR?OLED_INIT?OLED
  +--> ?PR?OLED_DISPLAY_ON?OLED
  +--> ?PR?OLED_CLEAR?OLED
  +--> ?PR?ALARM_INIT?ALARM
  +--> ?PR?_PRINT_TIME_NOW?DS1302
  +--> ?PR?_PRINT_DATE_NOW?DS1302
  +--> ?PR?_PRINT_LUNAR_NOW?DS1302
  +--> ?PR?_PRINT_SOLAR_TERM_NOW?DS1302
  +--> ?PR?_GETDATA?DHT11
  +--> ?PR?MAIN
  +--> ?PR?_OLED_SHOWSTRING?OLED
  +--> ?PR?GETKEY?KEYSCAN
  +--> ?PR?FUNCTION1?MAIN
  +--> ?PR?FUNCTION2?MAIN
  +--> ?PR?FUNCTION3?MAIN
  +--> ?PR?FUNCTION4?MAIN
  +--> ?PR?ALARM_TICK_TOCK?ALARM
  +--> ?PR?MQ2_TICK_TOCK?MQ2

?PR?OLED_INIT?OLED                          -----    -----
  +--> ?PR?OLED
  +--> ?PR?_OLED_WR_BYTE?OLED

?PR?OLED                                    -----    -----
  +--> ?PR?_OLED_WR_BYTE?OLED
  +--> ?PR?_OLED_SET_POS?OLED
  +--> ?CO?OLED
  +--> ?PR?IIC_START?OLED
  +--> ?PR?_WRITE_IIC_BYTE?OLED
  +--> ?PR?IIC_WAIT_ACK?OLED

?PR?_OLED_WR_BYTE?OLED                      -----    -----
  +--> ?PR?_WRITE_IIC_DATA?OLED
  +--> ?PR?_WRITE_IIC_COMMAND?OLED

?PR?_WRITE_IIC_DATA?OLED                    -----    -----
  +--> ?PR?IIC_WAIT_ACK?OLED
  +--> ?PR?IIC_STOP?OLED
BL51 BANKED LINKER/LOCATER V6.22.4.0                                                  05/29/2024  21:33:52  PAGE 5



?PR?IIC_WAIT_ACK?OLED                       -----    -----
  +--> ?PR?_WRITE_IIC_BYTE?OLED

?PR?_WRITE_IIC_COMMAND?OLED                 -----    -----
  +--> ?PR?IIC_WAIT_ACK?OLED
  +--> ?PR?IIC_STOP?OLED

?PR?_OLED_SET_POS?OLED                      -----    -----
  +--> ?PR?_OLED_WR_BYTE?OLED

?PR?OLED_DISPLAY_ON?OLED                    -----    -----
  +--> ?PR?OLED
  +--> ?PR?_OLED_WR_BYTE?OLED

?PR?OLED_CLEAR?OLED                         001FH    0001H
  +--> ?PR?OLED
  +--> ?PR?_OLED_WR_BYTE?OLED

?PR?ALARM_INIT?ALARM                        -----    -----
  +--> ?PR?GET_INTEGER_HOUR?DS1302
  +--> ?PR?GET_INTEGER_MINUTE?DS1302

?PR?GET_INTEGER_HOUR?DS1302                 -----    -----
  +--> ?PR?READ_DISCRETE_TIME?DS1302
  +--> ?PR?DS1302

?PR?READ_DISCRETE_TIME?DS1302               -----    -----
  +--> ?PR?DS1302_READ_TIME?DS1302
  +--> ?PR?DS1302

?PR?DS1302_READ_TIME?DS1302                 -----    -----
  +--> ?PR?_DS1302_READ_BYTE?DS1302
  +--> ?PR?DS1302

?PR?DS1302                                  -----    -----
  +--> ?PR?_DS1302_WRITE_BYTE?DS1302
  +--> ?PR?_DS1302_READ_BYTE?DS1302

?PR?GET_INTEGER_MINUTE?DS1302               -----    -----
  +--> ?PR?READ_DISCRETE_TIME?DS1302
  +--> ?PR?DS1302

?PR?_PRINT_TIME_NOW?DS1302                  0000H    000EH
  +--> ?PR?READ_DISCRETE_TIME?DS1302
  +--> ?PR?GET_INTEGER_HOUR?DS1302
  +--> ?PR?DS1302
  +--> ?PR?_OLED_SHOWSTRING?OLED

?PR?_OLED_SHOWSTRING?OLED                   001FH    0007H
  +--> ?PR?OLED
  +--> ?PR?_OLED_SHOWCHAR?OLED

?PR?_OLED_SHOWCHAR?OLED                     0026H    0005H
  +--> ?PR?OLED
  +--> ?CO?OLED
  +--> ?PR?_OLED_WR_BYTE?OLED
BL51 BANKED LINKER/LOCATER V6.22.4.0                                                  05/29/2024  21:33:52  PAGE 6



?PR?_PRINT_DATE_NOW?DS1302                  0000H    000FH
  +--> ?CO?DS1302
  +--> ?PR?DS1302
  +--> ?PR?READ_DISCRETE_TIME?DS1302
  +--> ?PR?_OLED_SHOWSTRING?OLED
  +--> ?PR?_OLED_SHOWCHINESESTRING?OLED

?PR?_OLED_SHOWCHINESESTRING?OLED            000FH    0008H
  +--> ?PR?OLED
  +--> ?PR?_OLED_SHOWCHINESE?OLED

?PR?_OLED_SHOWCHINESE?OLED                  0017H    0009H
  +--> ?PR?OLED
  +--> ?CO?OLED
  +--> ?PR?_OLED_SHOWCHAR_REVERSE?OLED
  +--> ?PR?_OLED_WR_BYTE?OLED

?PR?_OLED_SHOWCHAR_REVERSE?OLED             0026H    0005H
  +--> ?PR?OLED
  +--> ?CO?OLED
  +--> ?PR?_OLED_WR_BYTE?OLED

?PR?_PRINT_LUNAR_NOW?DS1302                 0000H    0004H
  +--> ?PR?GET_INTEGER_YEAR?DS1302
  +--> ?PR?GET_INTEGER_MONTH?DS1302
  +--> ?PR?GET_INTEGER_DAY?DS1302
  +--> ?PR?_GET_LUNAR_CALENDAR?LUNAR
  +--> ?PR?_PRINT_LUNAR?DS1302

?PR?GET_INTEGER_YEAR?DS1302                 -----    -----
  +--> ?PR?READ_DISCRETE_TIME?DS1302

?PR?GET_INTEGER_MONTH?DS1302                -----    -----
  +--> ?PR?READ_DISCRETE_TIME?DS1302
  +--> ?PR?DS1302

?PR?GET_INTEGER_DAY?DS1302                  -----    -----
  +--> ?PR?READ_DISCRETE_TIME?DS1302
  +--> ?PR?DS1302

?PR?_GET_LUNAR_CALENDAR?LUNAR               0004H    0008H
  +--> ?PR?_LUNARCALENDAR?LUNAR
  +--> ?PR?LUNAR

?PR?_LUNARCALENDAR?LUNAR                    000CH    0010H
  +--> ?PR?LUNAR
  +--> ?CO?LUNAR

?PR?LUNAR                                   -----    -----
  +--> ?CO?LUNAR

?PR?_PRINT_LUNAR?DS1302                     0004H    0008H
  +--> ?CO?DS1302
  +--> ?PR?DS1302
  +--> ?PR?_OLED_SHOWCHINESESTRING?OLED

BL51 BANKED LINKER/LOCATER V6.22.4.0                                                  05/29/2024  21:33:52  PAGE 7


?PR?_PRINT_SOLAR_TERM_NOW?DS1302            0000H    0004H
  +--> ?CO?DS1302
  +--> ?PR?DS1302
  +--> ?PR?GET_INTEGER_YEAR?DS1302
  +--> ?PR?GET_INTEGER_MONTH?DS1302
  +--> ?PR?GET_INTEGER_DAY?DS1302
  +--> ?PR?_GET_SOLAR_TERM_NUM?LUNAR
  +--> ?PR?_OLED_SHOWCHINESESTRING?OLED

?PR?_GET_SOLAR_TERM_NUM?LUNAR               -----    -----
  +--> ?PR?LUNAR

?PR?_GETDATA?DHT11                          0000H    0004H
  +--> ?PR?DHT11_START?DHT11
  +--> ?PR?_DHT11_DELAY_US?DHT11
  +--> ?PR?DHT11_REC_BYTE?DHT11
  +--> ?PR?DHT11

?PR?DHT11_START?DHT11                       -----    -----
  +--> ?PR?_DHT11_DELAY_US?DHT11
  +--> ?PR?_DHT11_DELAY_MS?DHT11

?PR?DHT11_REC_BYTE?DHT11                    -----    -----
  +--> ?PR?_DHT11_DELAY_US?DHT11

?PR?DHT11                                   -----    -----
  +--> ?PR?DHT11_REC_BYTE?DHT11

?PR?GETKEY?KEYSCAN                          001FH    0001H
  +--> ?PR?_DELAY_MS?DELAY

?PR?FUNCTION2?MAIN                          0000H    0001H
  +--> ?PR?OLED_CLEAR?OLED
  +--> ?CO?MAIN
  +--> ?PR?MAIN
  +--> ?PR?_OLED_SHOWSTRING?OLED
  +--> ?PR?_OLED_SHOWCHAR?OLED
  +--> ?PR?GETKEY?KEYSCAN
  +--> ?PR?PAGE_ALARM?ALARM
  +--> ?PR?PAGE_MUSIC?MP3
  +--> ?PR?PAGE_SETTINGS?SETTINGS

?PR?PAGE_ALARM?ALARM                        0001H    0019H
  +--> ?CO?ALARM
  +--> ?PR?ALARM
  +--> ?PR?OLED_CLEAR?OLED
  +--> ?PR?_DOUBLE_DIGIT_TO_STRING?OLED
  +--> ?PR?_OLED_SHOWSTRING?OLED
  +--> ?PR?_OLED_SHOWSTRING_REVERSE?OLED
  +--> ?PR?_OLED_SHOWCHAR?OLED
  +--> ?PR?GETKEY?KEYSCAN
  +--> ?PR?_ADJUST_24?ALARM
  +--> ?PR?_ADJUST_60?ALARM
  +--> ?PR?_CHAR?DELAY
  +--> ?PR?_DELAY_MS?DELAY

?PR?_DOUBLE_DIGIT_TO_STRING?OLED            001FH    0004H
BL51 BANKED LINKER/LOCATER V6.22.4.0                                                  05/29/2024  21:33:52  PAGE 8


  +--> ?PR?_CHAR?DELAY

?PR?_OLED_SHOWSTRING_REVERSE?OLED           001FH    0007H
  +--> ?PR?OLED
  +--> ?PR?_OLED_SHOWCHAR_REVERSE?OLED

?PR?PAGE_MUSIC?MP3                          0001H    0012H
  +--> ?CO?MP3
  +--> ?PR?MP3
  +--> ?PR?OLED_CLEAR?OLED
  +--> ?PR?_SET_VOLUME?MP3
  +--> ?PR?_OLED_SHOWSTRING?OLED
  +--> ?PR?GETKEY?KEYSCAN
  +--> ?PR?STOPMUSIC?MP3
  +--> ?PR?_PLAYMUSIC?MP3

?PR?_SET_VOLUME?MP3                         0013H    0002H
  +--> ?PR?_SEND?MP3

?PR?_SEND?MP3                               0016H    0002H
  +--> ?PR?_DELAY_US?DELAY

?PR?STOPMUSIC?MP3                           -----    -----
  +--> ?PR?_SEND?MP3

?PR?_PLAYMUSIC?MP3                          0013H    0003H
  +--> ?PR?_SEND?MP3

?PR?PAGE_SETTINGS?SETTINGS                  0001H    0001H
  +--> ?PR?OLED_CLEAR?OLED
  +--> ?CO?SETTINGS
  +--> ?PR?SETTINGS
  +--> ?PR?_OLED_SHOWSTRING?OLED
  +--> ?PR?_OLED_SHOWCHAR?OLED
  +--> ?PR?GETKEY?KEYSCAN
  +--> ?PR?PAGE_SET_DATE_AND_TIME?SETTINGS
  +--> ?PR?PAGE_SET_NOTIFICATION?SETTINGS

?PR?SETTINGS                                -----    -----
  +--> ?CO?SETTINGS

?PR?PAGE_SET_DATE_AND_TIME?SETTINGS         0002H    001DH
  +--> ?CO?SETTINGS
  +--> ?PR?SETTINGS
  +--> ?PR?GET_INTEGER_YEAR?DS1302
  +--> ?PR?GET_INTEGER_MONTH?DS1302
  +--> ?PR?GET_INTEGER_DAY?DS1302
  +--> ?PR?GET_INTEGER_WEEKDAY?DS1302
  +--> ?PR?GET_INTEGER_HOUR?DS1302
  +--> ?PR?GET_INTEGER_MINUTE?DS1302
  +--> ?PR?GET_INTEGER_SECOND?DS1302
  +--> ?PR?_QUADRUPLE_DIGIT_TO_STRING?OLED
  +--> ?PR?_DOUBLE_DIGIT_TO_STRING?OLED
  +--> ?PR?_OLED_SHOWSTRING?OLED
  +--> ?PR?_CHAR?DELAY
  +--> ?PR?_OLED_SHOWCHAR?OLED
  +--> ?PR?_OLED_SHOWSTRING_REVERSE?OLED
BL51 BANKED LINKER/LOCATER V6.22.4.0                                                  05/29/2024  21:33:52  PAGE 9


  +--> ?PR?GETKEY?KEYSCAN
  +--> ?PR?_ADJUST_12?ALARM
  +--> ?PR?_ADJUST_30?ALARM
  +--> ?PR?_CALCULATE_WEEK_DAY?DS1302
  +--> ?PR?_ADJUST_24?ALARM
  +--> ?PR?_ADJUST_60?ALARM
  +--> ?PR?_WRITE_TIME_TO_BUFFER?DS1302
  +--> ?PR?_DELAY_MS?DELAY
  +--> ?PR?OLED_CLEAR?OLED

?PR?GET_INTEGER_WEEKDAY?DS1302              -----    -----
  +--> ?PR?READ_DISCRETE_TIME?DS1302

?PR?GET_INTEGER_SECOND?DS1302               -----    -----
  +--> ?PR?READ_DISCRETE_TIME?DS1302
  +--> ?PR?DS1302

?PR?_QUADRUPLE_DIGIT_TO_STRING?OLED         001FH    0005H
  +--> ?PR?OLED
  +--> ?PR?_CHAR?DELAY

?PR?_ADJUST_30?ALARM                        001FH    0004H
  +--> ?PR?_ISLEAPYEAR?DS1302
  +--> ?PR?ALARM

?PR?_CALCULATE_WEEK_DAY?DS1302              001FH    0002H
  +--> ?PR?DS1302

?PR?_WRITE_TIME_TO_BUFFER?DS1302            001FH    0008H
  +--> ?PR?DS1302
  +--> ?PR?DS1302_WRITE_TIME?DS1302

?PR?DS1302_WRITE_TIME?DS1302                -----    -----
  +--> ?PR?_DS1302_WRITE_BYTE?DS1302
  +--> ?PR?DS1302

?PR?PAGE_SET_NOTIFICATION?SETTINGS          0002H    000AH
  +--> ?CO?SETTINGS
  +--> ?PR?SETTINGS
  +--> ?PR?OLED_CLEAR?OLED
  +--> ?PR?_OLED_SHOWSTRING?OLED
  +--> ?PR?GETKEY?KEYSCAN
  +--> ?PR?STOPMUSIC?MP3
  +--> ?PR?GET_VOLUME?MP3
  +--> ?PR?_SET_VOLUME?MP3
  +--> ?PR?_PLAYMUSIC?MP3

?PR?ALARM_TICK_TOCK?ALARM                   -----    -----
  +--> ?PR?GET_INTEGER_HOUR?DS1302
  +--> ?PR?GET_INTEGER_MINUTE?DS1302
  +--> ?PR?PAGE_RING?ALARM

?PR?PAGE_RING?ALARM                         -----    -----
  +--> ?PR?OLED_CLEAR?OLED
  +--> ?CO?ALARM
  +--> ?PR?ALARM
  +--> ?PR?_OLED_SHOWSTRING?OLED
BL51 BANKED LINKER/LOCATER V6.22.4.0                                                  05/29/2024  21:33:52  PAGE 10


  +--> ?PR?_SET_SINGLE_LOOP?MP3
  +--> ?PR?_PLAYMUSIC?MP3
  +--> ?PR?GETKEY?KEYSCAN
  +--> ?PR?STOPMUSIC?MP3

?PR?_SET_SINGLE_LOOP?MP3                    -----    -----
  +--> ?PR?_SEND?MP3

?PR?MQ2_TICK_TOCK?MQ2                       -----    -----
  +--> ?PR?ISSMOKING?MQ2
  +--> ?PR?PAGE_SMOG_ALARM?MQ2

?PR?ISSMOKING?MQ2                           -----    -----
  +--> ?PR?DELAY_FOR_MQ2?DELAY

?PR?PAGE_SMOG_ALARM?MQ2                     0000H    0001H
  +--> ?PR?OLED_CLEAR?OLED
  +--> ?CO?MQ2
  +--> ?PR?_OLED_SHOWSTRING?OLED
  +--> ?PR?GET_VOLUME?MP3
  +--> ?PR?_SET_VOLUME?MP3
  +--> ?PR?_SET_SINGLE_LOOP?MP3
  +--> ?PR?_PLAYMUSIC?MP3
  +--> ?PR?GETKEY?KEYSCAN
  +--> ?PR?STOPMUSIC?MP3



SYMBOL TABLE OF MODULE:  .\Objects\oled (?C_STARTUP)

  VALUE           TYPE          NAME
  ----------------------------------

  -------         MODULE        ?C_STARTUP
  C:3368H         SEGMENT       ?C_C51STARTUP
  I:0008H         SEGMENT       ?STACK
  C:0000H         PUBLIC        ?C_STARTUP
  D:00E0H         SYMBOL        ACC
  D:00F0H         SYMBOL        B
  D:0083H         SYMBOL        DPH
  D:0082H         SYMBOL        DPL
  N:0000H         SYMBOL        IBPSTACK
  N:0100H         SYMBOL        IBPSTACKTOP
  N:0080H         SYMBOL        IDATALEN
  C:336BH         SYMBOL        IDATALOOP
  N:0000H         SYMBOL        PBPSTACK
  N:0100H         SYMBOL        PBPSTACKTOP
  N:0000H         SYMBOL        PDATALEN
  N:0000H         SYMBOL        PDATASTART
  N:0000H         SYMBOL        PPAGE
  N:0000H         SYMBOL        PPAGEENABLE
  D:00A0H         SYMBOL        PPAGE_SFR
  D:0081H         SYMBOL        SP
  C:3368H         SYMBOL        STARTUP1
  N:0000H         SYMBOL        XBPSTACK
  N:0000H         SYMBOL        XBPSTACKTOP
  N:0000H         SYMBOL        XDATALEN
BL51 BANKED LINKER/LOCATER V6.22.4.0                                                  05/29/2024  21:33:52  PAGE 11


  N:0000H         SYMBOL        XDATASTART
  C:0000H         LINE#         126
  C:3368H         LINE#         133
  C:336AH         LINE#         134
  C:336BH         LINE#         135
  C:336CH         LINE#         136
  C:336EH         LINE#         185
  C:3371H         LINE#         196
  -------         ENDMOD        ?C_STARTUP

  -------         MODULE        OLED
  C:0000H         SYMBOL        _ICE_DUMMY_
  C:41BFH         PUBLIC        OLED_Display_On
  D:0080H         PUBLIC        P0
  D:0090H         PUBLIC        P1
  D:00B0H         PUBLIC        P3
  C:1647H         PUBLIC        Lunar
  C:3FACH         PUBLIC        _fill_picture
  D:00A8H         PUBLIC        IE
  C:294AH         PUBLIC        _quadruple_digit_to_string
  D:00B8H         PUBLIC        IP
  C:361EH         PUBLIC        OLED_Init
  C:4205H         PUBLIC        _Write_IIC_Data
  C:3A2EH         PUBLIC        _OLED_ShowString
  C:40F0H         PUBLIC        _OLED_WR_Byte
  C:36A7H         PUBLIC        _OLED_ShowChar
  C:0003H         PUBLIC        F6x8
  C:09A7H         PUBLIC        Hzk
  C:3859H         PUBLIC        _double_digit_to_string
  D:0098H         PUBLIC        SCON
  B:0080H.1       PUBLIC        OLED_SDIN
  D:0088H         PUBLIC        TCON
  C:09C7H         PUBLIC        SolarTermLib
  C:3FF4H         PUBLIC        _Write_IIC_Byte
  C:022BH         PUBLIC        F8X16
  C:41BAH         PUBLIC        IIC_Wait_Ack
  C:3F87H         PUBLIC        OLED_On
  C:426EH         PUBLIC        IIC_Start
  C:3ED6H         PUBLIC        _OLED_Set_Pos
  C:311AH         PUBLIC        _OLED_ShowNum
  C:4179H         PUBLIC        OLED_Display_Off
  C:4014H         PUBLIC        _oled_pow
  C:4291H         PUBLIC        IIC_Stop
  C:3A7EH         PUBLIC        _OLED_ShowString_Reverse
  D:00C8H         PUBLIC        T2CON
  C:081BH         PUBLIC        F12X24
  C:41FAH         PUBLIC        _Write_IIC_Command
  B:0080H.0       PUBLIC        OLED_SCL
  C:391AH         PUBLIC        _OLED_ShowChineseString
  C:31B8H         PUBLIC        _OLED_ShowChar_Reverse
  C:3249H         PUBLIC        _OLED_ShowChinese
  C:3FD0H         PUBLIC        OLED_Clear
  C:3595H         PUBLIC        _OLED_DrawBMP
  D:00D0H         PUBLIC        PSW
  C:2A66H         SYMBOL        Com0085
  C:2A66H         SYMBOL        L?0134
  C:2A66H         SYMBOL        L?0135
BL51 BANKED LINKER/LOCATER V6.22.4.0                                                  05/29/2024  21:33:52  PAGE 12


  C:2A75H         SYMBOL        L?0136
  C:2A78H         SYMBOL        L?0137
  C:2A80H         SYMBOL        L?0143
  C:2A85H         SYMBOL        L?0144
  C:2A92H         SYMBOL        L?0145
  C:2A95H         SYMBOL        L?0146
  C:2AA5H         SYMBOL        L?0147
  C:2AA8H         SYMBOL        L?0148
  C:2AACH         SYMBOL        L?0149
  C:2AB3H         SYMBOL        L?0150
  C:2ABBH         SYMBOL        L?0151
  C:2AC1H         SYMBOL        L?0153
  C:2AC1H         SYMBOL        L?0154
  C:2AC9H         SYMBOL        L?0155
  C:2ADCH         SYMBOL        L?0156
  C:2AEDH         SYMBOL        L?0157
  C:2AFEH         SYMBOL        L?0158
  C:2AFEH         SYMBOL        L?0159
  C:2B08H         SYMBOL        L?0160
  C:2B15H         SYMBOL        L?0161
  C:2B15H         SYMBOL        L?0162
  C:2B1CH         SYMBOL        L?0163
  C:2B1FH         SYMBOL        L?0164
  C:2B25H         SYMBOL        L?0166
  C:2B25H         SYMBOL        L?0167
  C:2B2DH         SYMBOL        L?0168
  C:2B2DH         SYMBOL        L?0169
  C:2B35H         SYMBOL        L?0170
  C:2B41H         SYMBOL        L?0171
  C:2B41H         SYMBOL        L?0172
  C:2B49H         SYMBOL        L?0173
  C:2B55H         SYMBOL        L?0174
  C:2B5FH         SYMBOL        L?0175
  C:2B5FH         SYMBOL        L?0176
  C:2B66H         SYMBOL        L?0177
  -------         PROC          COM0085
  -------         ENDPROC       COM0085
  -------         PROC          IIC_START
  C:426EH         LINE#         19
  C:426EH         LINE#         20
  C:426EH         LINE#         21
  C:4270H         LINE#         22
  C:4272H         LINE#         23
  C:4274H         LINE#         24
  C:4276H         LINE#         25
  -------         ENDPROC       IIC_START
  -------         PROC          IIC_STOP
  C:4291H         LINE#         30
  C:4291H         LINE#         31
  C:4291H         LINE#         32
  C:4293H         LINE#         33
  C:4295H         LINE#         34
  C:4297H         LINE#         35
  -------         ENDPROC       IIC_STOP
  -------         PROC          L?0152
  -------         ENDPROC       L?0152
  -------         PROC          IIC_WAIT_ACK
BL51 BANKED LINKER/LOCATER V6.22.4.0                                                  05/29/2024  21:33:52  PAGE 13


  C:41BAH         LINE#         37
  C:41BAH         LINE#         38
  C:41BAH         LINE#         39
  C:41BCH         LINE#         40
  C:41BEH         LINE#         41
  -------         ENDPROC       IIC_WAIT_ACK
  -------         PROC          _WRITE_IIC_BYTE
  D:0007H         SYMBOL        IIC_Byte
  -------         DO            
  D:0006H         SYMBOL        i
  D:0005H         SYMBOL        m
  D:0007H         SYMBOL        da
  -------         ENDDO         
  C:3FF4H         LINE#         46
  C:3FF4H         LINE#         47
  C:3FF4H         LINE#         50
  C:3FF4H         LINE#         51
  C:3FF6H         LINE#         52
  C:3FF8H         LINE#         53
  C:3FF8H         LINE#         54
  C:3FFAH         LINE#         56
  C:3FFDH         LINE#         57
  C:4000H         LINE#         58
  C:4004H         LINE#         59
  C:4006H         LINE#         60
  C:400AH         LINE#         61
  C:400CH         LINE#         62
  C:400EH         LINE#         63
  C:4013H         LINE#         64
  -------         ENDPROC       _WRITE_IIC_BYTE
  -------         PROC          _WRITE_IIC_COMMAND
  D:0004H         SYMBOL        IIC_Command
  C:41FAH         LINE#         69
  C:41FAH         LINE#         70
  C:41FAH         LINE#         71
  C:41FAH         LINE#         72
  C:41FAH         LINE#         73
  C:41FDH         LINE#         74
  C:41FFH         LINE#         75
  C:41FFH         LINE#         76
  C:41FFH         LINE#         77
  C:4202H         LINE#         78
  -------         ENDPROC       _WRITE_IIC_COMMAND
  -------         PROC          _WRITE_IIC_DATA
  D:0004H         SYMBOL        IIC_Data
  C:4205H         LINE#         83
  C:4205H         LINE#         84
  C:4205H         LINE#         85
  C:4205H         LINE#         86
  C:4205H         LINE#         87
  C:4208H         LINE#         88
  C:420AH         LINE#         89
  C:420AH         LINE#         90
  C:420AH         LINE#         91
  C:420DH         LINE#         92
  -------         ENDPROC       _WRITE_IIC_DATA
  C:40E5H         SYMBOL        L?0140
BL51 BANKED LINKER/LOCATER V6.22.4.0                                                  05/29/2024  21:33:52  PAGE 14


  C:40E9H         SYMBOL        L?0141
  C:40ECH         SYMBOL        L?0142
  -------         PROC          L?0139
  -------         ENDPROC       L?0139
  C:40E5H         SYMBOL        L?0140
  C:40E9H         SYMBOL        L?0141
  C:40ECH         SYMBOL        L?0142
  -------         PROC          _OLED_WR_BYTE
  D:0002H         SYMBOL        dat
  D:0004H         SYMBOL        cmd
  C:40F0H         LINE#         94
  C:40F4H         LINE#         95
  C:40F4H         LINE#         96
  C:40F8H         LINE#         97
  C:40F8H         LINE#         98
  C:40FBH         LINE#         99
  C:40FBH         LINE#         101
  C:40FBH         LINE#         102
  C:4100H         LINE#         103
  C:4100H         LINE#         104
  -------         ENDPROC       _OLED_WR_BYTE
  -------         PROC          _FILL_PICTURE
  X:006BH         SYMBOL        fill_Data
  -------         DO            
  D:0001H         SYMBOL        m
  X:006CH         SYMBOL        n
  -------         ENDDO         
  C:3FACH         LINE#         109
  C:3FB1H         LINE#         110
  C:3FB1H         LINE#         112
  C:3FB3H         LINE#         113
  C:3FB3H         LINE#         114
  C:3FB3H         LINE#         115
  C:3FB3H         LINE#         116
  C:3FB6H         LINE#         117
  C:3FBDH         LINE#         118
  C:3FBDH         LINE#         119
  C:3FC4H         LINE#         120
  C:3FCAH         LINE#         121
  C:3FCFH         LINE#         122
  -------         ENDPROC       _FILL_PICTURE
  -------         PROC          _OLED_SET_POS
  D:0001H         SYMBOL        x
  D:0005H         SYMBOL        y
  C:3ED6H         LINE#         126
  C:3ED8H         LINE#         127
  C:3EE5H         LINE#         128
  C:3EF6H         LINE#         129
  -------         ENDPROC       _OLED_SET_POS
  -------         PROC          OLED_DISPLAY_ON
  C:41BFH         LINE#         133
  C:41BFH         LINE#         134
  C:41BFH         LINE#         135
  C:41C1H         LINE#         136
  C:41C6H         LINE#         137
  -------         ENDPROC       OLED_DISPLAY_ON
  -------         PROC          OLED_DISPLAY_OFF
BL51 BANKED LINKER/LOCATER V6.22.4.0                                                  05/29/2024  21:33:52  PAGE 15


  C:4179H         LINE#         141
  C:4179H         LINE#         142
  C:4179H         LINE#         143
  C:417EH         LINE#         144
  C:4183H         LINE#         145
  -------         ENDPROC       OLED_DISPLAY_OFF
  -------         PROC          OLED_CLEAR
  -------         DO            
  D:0001H         SYMBOL        i
  X:001FH         SYMBOL        n
  -------         ENDDO         
  C:3FD0H         LINE#         149
  C:3FD0H         LINE#         150
  C:3FD0H         LINE#         152
  C:3FD2H         LINE#         153
  C:3FD2H         LINE#         154
  C:3FD2H         LINE#         155
  C:3FD2H         LINE#         156
  C:3FD5H         LINE#         157
  C:3FEEH         LINE#         158
  C:3FF3H         LINE#         159
  -------         ENDPROC       OLED_CLEAR
  -------         PROC          OLED_ON
  -------         DO            
  D:0001H         SYMBOL        i
  X:0071H         SYMBOL        n
  -------         ENDDO         
  C:3F87H         LINE#         161
  C:3F87H         LINE#         162
  C:3F87H         LINE#         164
  C:3F89H         LINE#         165
  C:3F89H         LINE#         166
  C:3F89H         LINE#         167
  C:3F89H         LINE#         168
  C:3F8CH         LINE#         169
  C:3FA6H         LINE#         170
  C:3FABH         LINE#         171
  -------         ENDPROC       OLED_ON
  -------         PROC          _OLED_SHOWCHAR
  X:0026H         SYMBOL        x
  X:0027H         SYMBOL        y
  D:0003H         SYMBOL        chr
  X:0029H         SYMBOL        Char_Size
  -------         DO            
  X:002AH         SYMBOL        c
  D:0001H         SYMBOL        i
  -------         ENDDO         
  C:36A7H         LINE#         178
  C:36AAH         LINE#         179
  C:36AAH         LINE#         180
  C:36B2H         LINE#         181
  C:36B9H         LINE#         182
  C:36C0H         LINE#         183
  C:36CCH         LINE#         184
  C:36D4H         LINE#         185
  C:36D4H         LINE#         186
  C:36D4H         LINE#         187
BL51 BANKED LINKER/LOCATER V6.22.4.0                                                  05/29/2024  21:33:52  PAGE 16


  C:36D7H         LINE#         188
  C:36EAH         LINE#         189
  C:36F2H         LINE#         190
  C:36F5H         LINE#         191
  C:3709H         LINE#         192
  C:3709H         LINE#         193
  C:3711H         LINE#         194
  C:3711H         LINE#         195
  C:3714H         LINE#         196
  C:3722H         LINE#         198
  C:3722H         LINE#         212
  -------         ENDPROC       _OLED_SHOWCHAR
  -------         PROC          _OLED_SHOWCHAR_REVERSE
  X:0026H         SYMBOL        x
  X:0027H         SYMBOL        y
  D:0003H         SYMBOL        chr
  X:0029H         SYMBOL        Char_Size
  -------         DO            
  X:002AH         SYMBOL        c
  D:0001H         SYMBOL        i
  -------         ENDDO         
  C:31B8H         LINE#         213
  C:31BBH         LINE#         214
  C:31BBH         LINE#         215
  C:31C3H         LINE#         216
  C:31CAH         LINE#         217
  C:31D1H         LINE#         218
  C:31DDH         LINE#         219
  C:31E5H         LINE#         220
  C:31E5H         LINE#         221
  C:31E8H         LINE#         222
  C:31EBH         LINE#         223
  C:3204H         LINE#         224
  C:320CH         LINE#         225
  C:320FH         LINE#         226
  C:3229H         LINE#         227
  C:3229H         LINE#         228
  C:3231H         LINE#         229
  C:3234H         LINE#         230
  C:3237H         LINE#         231
  C:3248H         LINE#         233
  C:3248H         LINE#         247
  -------         ENDPROC       _OLED_SHOWCHAR_REVERSE
  -------         PROC          _OLED_POW
  X:0072H         SYMBOL        m
  D:0001H         SYMBOL        n
  -------         DO            
  D:0006H         SYMBOL        result
  -------         ENDDO         
  C:4014H         LINE#         249
  C:401BH         LINE#         250
  C:401BH         LINE#         251
  C:401FH         LINE#         252
  C:4031H         LINE#         253
  C:4031H         LINE#         254
  -------         ENDPROC       _OLED_POW
  -------         PROC          _OLED_SHOWNUM
BL51 BANKED LINKER/LOCATER V6.22.4.0                                                  05/29/2024  21:33:52  PAGE 17


  X:0062H         SYMBOL        x
  X:0063H         SYMBOL        y
  X:0064H         SYMBOL        num
  X:0066H         SYMBOL        len
  X:0067H         SYMBOL        size2
  -------         DO            
  X:0068H         SYMBOL        t
  X:0069H         SYMBOL        temp
  X:006AH         SYMBOL        enshow
  -------         ENDDO         
  C:311AH         LINE#         262
  C:3125H         LINE#         263
  C:3125H         LINE#         265
  C:312AH         LINE#         266
  C:313CH         LINE#         267
  C:313CH         LINE#         268
  C:315CH         LINE#         269
  C:316FH         LINE#         270
  C:316FH         LINE#         271
  C:3173H         LINE#         272
  C:3173H         LINE#         273
  C:3186H         LINE#         274
  C:3188H         LINE#         275
  C:318EH         LINE#         277
  C:318EH         LINE#         278
  C:31AEH         LINE#         279
  C:31B7H         LINE#         280
  -------         ENDPROC       _OLED_SHOWNUM
  -------         PROC          _OLED_SHOWSTRING
  X:001FH         SYMBOL        x
  X:0020H         SYMBOL        y
  X:0021H         SYMBOL        chr
  X:0024H         SYMBOL        Char_Size
  -------         DO            
  X:0025H         SYMBOL        j
  -------         ENDDO         
  C:3A2EH         LINE#         283
  C:3A37H         LINE#         284
  C:3A37H         LINE#         285
  C:3A3CH         LINE#         286
  C:3A43H         LINE#         287
  C:3A52H         LINE#         288
  C:3A65H         LINE#         289
  C:3A6CH         LINE#         290
  C:3A75H         LINE#         291
  C:3A7BH         LINE#         292
  C:3A7DH         LINE#         293
  -------         ENDPROC       _OLED_SHOWSTRING
  -------         PROC          _OLED_SHOWSTRING_REVERSE
  X:001FH         SYMBOL        x
  X:0020H         SYMBOL        y
  X:0021H         SYMBOL        chr
  X:0024H         SYMBOL        Char_Size
  -------         DO            
  X:0025H         SYMBOL        j
  -------         ENDDO         
  C:3A7EH         LINE#         295
BL51 BANKED LINKER/LOCATER V6.22.4.0                                                  05/29/2024  21:33:52  PAGE 18


  C:3A87H         LINE#         296
  C:3A87H         LINE#         297
  C:3A8CH         LINE#         298
  C:3A93H         LINE#         299
  C:3AA2H         LINE#         300
  C:3AB5H         LINE#         301
  C:3ABCH         LINE#         302
  C:3AC5H         LINE#         303
  C:3ACBH         LINE#         304
  C:3ACDH         LINE#         305
  -------         ENDPROC       _OLED_SHOWSTRING_REVERSE
  -------         PROC          _OLED_SHOWCHINESE
  X:0017H         SYMBOL        x
  X:0018H         SYMBOL        y
  D:0003H         SYMBOL        sel_lib
  X:001AH         SYMBOL        num
  -------         DO            
  X:001BH         SYMBOL        t
  X:001CH         SYMBOL        adder
  X:001DH         SYMBOL        lib
  -------         ENDDO         
  C:3249H         LINE#         307
  C:324CH         LINE#         308
  C:3253H         LINE#         310
  C:325EH         LINE#         311
  C:3266H         LINE#         312
  C:326EH         LINE#         313
  C:327CH         LINE#         314
  C:328BH         LINE#         315
  C:328BH         LINE#         316
  C:328EH         LINE#         317
  C:3291H         LINE#         318
  C:32A4H         LINE#         319
  C:32A4H         LINE#         320
  C:32A9H         LINE#         321
  C:32ADH         LINE#         322
  C:32B0H         LINE#         323
  C:32D3H         LINE#         324
  C:32D3H         LINE#         325
  C:32D8H         LINE#         326
  -------         ENDPROC       _OLED_SHOWCHINESE
  -------         PROC          _OLED_SHOWCHINESESTRING
  X:000FH         SYMBOL        x
  X:0010H         SYMBOL        y
  X:0011H         SYMBOL        sel_lib
  X:0012H         SYMBOL        chr
  X:0015H         SYMBOL        length
  -------         DO            
  X:0016H         SYMBOL        j
  -------         ENDDO         
  C:391AH         LINE#         328
  C:3922H         LINE#         329
  C:3922H         LINE#         330
  C:3927H         LINE#         331
  C:392EH         LINE#         332
  C:393FH         LINE#         333
  C:395EH         LINE#         334
BL51 BANKED LINKER/LOCATER V6.22.4.0                                                  05/29/2024  21:33:52  PAGE 19


  C:3965H         LINE#         335
  C:396EH         LINE#         336
  C:3976H         LINE#         337
  -------         ENDPROC       _OLED_SHOWCHINESESTRING
  -------         PROC          _OLED_DRAWBMP
  X:0057H         SYMBOL        x0
  D:0005H         SYMBOL        y0
  X:0059H         SYMBOL        x1
  X:005AH         SYMBOL        y1
  X:005BH         SYMBOL        BMP
  -------         DO            
  X:005EH         SYMBOL        j
  X:0060H         SYMBOL        x
  X:0061H         SYMBOL        y
  -------         ENDDO         
  C:3595H         LINE#         340
  C:359FH         LINE#         341
  C:359FH         LINE#         342
  C:35A6H         LINE#         345
  C:35B7H         LINE#         346
  C:35C5H         LINE#         347
  C:35D8H         LINE#         348
  C:35D8H         LINE#         349
  C:35E0H         LINE#         350
  C:35F2H         LINE#         351
  C:35F2H         LINE#         352
  C:360DH         LINE#         353
  C:3615H         LINE#         354
  C:361DH         LINE#         355
  -------         ENDPROC       _OLED_DRAWBMP
  -------         PROC          OLED_INIT
  C:361EH         LINE#         358
  C:361EH         LINE#         359
  C:361EH         LINE#         361
  C:3623H         LINE#         362
  C:3627H         LINE#         363
  C:362CH         LINE#         364
  C:3631H         LINE#         365
  C:3636H         LINE#         366
  C:363BH         LINE#         367
  C:3640H         LINE#         368
  C:3645H         LINE#         369
  C:364AH         LINE#         370
  C:364FH         LINE#         371
  C:3654H         LINE#         372
  C:3659H         LINE#         373
  C:365EH         LINE#         374
  C:3662H         LINE#         376
  C:3667H         LINE#         377
  C:366CH         LINE#         379
  C:3671H         LINE#         380
  C:3676H         LINE#         382
  C:367BH         LINE#         383
  C:3680H         LINE#         385
  C:3685H         LINE#         386
  C:368AH         LINE#         388
  C:368FH         LINE#         389
BL51 BANKED LINKER/LOCATER V6.22.4.0                                                  05/29/2024  21:33:52  PAGE 20


  C:3694H         LINE#         391
  C:3699H         LINE#         392
  C:369EH         LINE#         394
  -------         ENDPROC       OLED_INIT
  C:2A1EH         SYMBOL        L?0138
  -------         PROC          _QUADRUPLE_DIGIT_TO_STRING
  X:001FH         SYMBOL        num
  X:0021H         SYMBOL        str
  C:294AH         LINE#         397
  C:2958H         LINE#         398
  C:2960H         LINE#         399
  C:2961H         LINE#         400
  C:296CH         LINE#         401
  C:2974H         LINE#         402
  C:297AH         LINE#         403
  C:297DH         LINE#         404
  C:298CH         LINE#         405
  C:298FH         LINE#         406
  C:2997H         LINE#         407
  C:29A4H         LINE#         408
  C:29A9H         LINE#         409
  C:29ACH         LINE#         410
  C:29BBH         LINE#         411
  C:29C3H         LINE#         412
  C:29C8H         LINE#         413
  C:29C8H         LINE#         414
  C:29CDH         LINE#         415
  C:29D0H         LINE#         416
  C:29E0H         LINE#         417
  C:29F1H         LINE#         418
  C:2A02H         LINE#         419
  C:2A02H         LINE#         420
  C:2A14H         LINE#         421
  C:2A14H         LINE#         422
  C:2A1EH         LINE#         423
  -------         ENDPROC       _QUADRUPLE_DIGIT_TO_STRING
  C:38B1H         SYMBOL        L?0165
  -------         PROC          _DOUBLE_DIGIT_TO_STRING
  X:001FH         SYMBOL        num
  X:0020H         SYMBOL        str
  C:3859H         LINE#         425
  C:3864H         LINE#         426
  C:3869H         LINE#         427
  C:3872H         LINE#         428
  C:3877H         LINE#         429
  C:3879H         LINE#         430
  C:3883H         LINE#         431
  C:3890H         LINE#         432
  C:38A4H         LINE#         433
  C:38A4H         LINE#         434
  C:38B1H         LINE#         435
  -------         ENDPROC       _DOUBLE_DIGIT_TO_STRING
  -------         ENDMOD        OLED

  -------         MODULE        MAIN
  C:0000H         SYMBOL        _ICE_DUMMY_
  D:0080H         PUBLIC        P0
BL51 BANKED LINKER/LOCATER V6.22.4.0                                                  05/29/2024  21:33:52  PAGE 21


  D:0090H         PUBLIC        P1
  D:00A0H         PUBLIC        P2
  D:00B0H         PUBLIC        P3
  X:0043H         PUBLIC        dht11_to_show
  D:00A8H         PUBLIC        IE
  X:004BH         PUBLIC        alarm
  D:00B8H         PUBLIC        IP
  C:4135H         PUBLIC        function1
  C:2B70H         PUBLIC        function2
  X:004FH         PUBLIC        sensor
  C:42B0H         PUBLIC        function3
  C:42B1H         PUBLIC        function4
  C:2FDBH         PUBLIC        main
  D:0098H         PUBLIC        SCON
  D:0088H         PUBLIC        TCON
  X:0051H         PUBLIC        str
  X:0056H         PUBLIC        hour_type
  D:00C8H         PUBLIC        T2CON
  D:00D0H         PUBLIC        PSW
  C:3F33H         SYMBOL        Com0024
  C:3F33H         SYMBOL        L?0037
  C:3F33H         SYMBOL        L?0038
  C:3F41H         SYMBOL        L?0039
  C:3F43H         SYMBOL        L?0040
  C:3F4AH         SYMBOL        L?0041
  -------         PROC          COM0024
  -------         ENDPROC       COM0024
  -------         PROC          FUNCTION1
  C:4135H         LINE#         21
  C:4135H         LINE#         22
  C:4141H         LINE#         23
  C:414BH         LINE#         24
  -------         ENDPROC       FUNCTION1
  C:2C33H         SYMBOL        L?0042
  -------         PROC          FUNCTION2
  -------         DO            
  X:0000H         SYMBOL        selection
  -------         ENDDO         
  C:2B70H         LINE#         26
  C:2B70H         LINE#         27
  C:2B75H         LINE#         28
  C:2B78H         LINE#         29
  C:2B78H         LINE#         30
  C:2B86H         LINE#         31
  C:2B94H         LINE#         32
  C:2BA4H         LINE#         33
  C:2BB4H         LINE#         34
  C:2BBDH         LINE#         35
  C:2BC5H         LINE#         36
  C:2BC8H         LINE#         37
  C:2BD3H         LINE#         38
  C:2BD9H         LINE#         39
  C:2BDCH         LINE#         40
  C:2BE4H         LINE#         41
  C:2BE7H         LINE#         42
  C:2BF2H         LINE#         43
  C:2BF8H         LINE#         44
BL51 BANKED LINKER/LOCATER V6.22.4.0                                                  05/29/2024  21:33:52  PAGE 22


  C:2BFBH         LINE#         45
  C:2C01H         LINE#         46
  C:2C04H         LINE#         47
  C:2C04H         LINE#         48
  C:2C04H         LINE#         49
  C:2C0FH         LINE#         50
  C:2C21H         LINE#         51
  C:2C27H         LINE#         52
  C:2C2DH         LINE#         53
  C:2C2DH         LINE#         54
  C:2C33H         LINE#         55
  C:2C33H         LINE#         56
  C:2C33H         LINE#         57
  C:2C33H         LINE#         58
  C:2C33H         LINE#         59
  -------         ENDPROC       FUNCTION2
  -------         PROC          FUNCTION3
  C:42B0H         LINE#         61
  C:42B0H         LINE#         63
  -------         ENDPROC       FUNCTION3
  -------         PROC          FUNCTION4
  C:42B1H         LINE#         65
  C:42B1H         LINE#         67
  -------         ENDPROC       FUNCTION4
  -------         PROC          MAIN
  C:2FDBH         LINE#         70
  C:2FDBH         LINE#         71
  C:2FE2H         LINE#         72
  C:2FE5H         LINE#         73
  C:2FE8H         LINE#         74
  C:2FEBH         LINE#         75
  C:2FEEH         LINE#         76
  C:2FF1H         LINE#         77
  C:2FF4H         LINE#         78
  C:2FF4H         LINE#         79
  C:3000H         LINE#         80
  C:3007H         LINE#         81
  C:300DH         LINE#         82
  C:3014H         LINE#         83
  C:301DH         LINE#         84
  C:3024H         LINE#         85
  C:3024H         LINE#         86
  C:302AH         LINE#         87
  C:302EH         LINE#         88
  C:3035H         LINE#         89
  C:3035H         LINE#         90
  C:303BH         LINE#         91
  C:303EH         LINE#         92
  C:304EH         LINE#         93
  C:3060H         LINE#         94
  C:3065H         LINE#         95
  C:306AH         LINE#         96
  C:306FH         LINE#         97
  C:3072H         LINE#         98
  C:3072H         LINE#         99
  C:3072H         LINE#         100
  C:3075H         LINE#         101
BL51 BANKED LINKER/LOCATER V6.22.4.0                                                  05/29/2024  21:33:52  PAGE 23


  C:3078H         LINE#         102
  -------         ENDPROC       MAIN
  -------         ENDMOD        MAIN

  -------         MODULE        DS1302
  C:0000H         SYMBOL        _ICE_DUMMY_
  D:0080H         PUBLIC        P0
  D:0090H         PUBLIC        P1
  D:00B0H         PUBLIC        P3
  C:3C47H         PUBLIC        _print_solar_term_now
  C:425AH         PUBLIC        get_integer_minute
  D:00A8H         PUBLIC        IE
  B:0090H.2       PUBLIC        IO
  D:00B8H         PUBLIC        IP
  C:423CH         PUBLIC        get_integer_month
  C:3E6BH         PUBLIC        get_integer_year
  C:3F05H         PUBLIC        ds1302_read_time
  D:0098H         PUBLIC        SCON
  C:4246H         PUBLIC        get_integer_day
  C:3CCDH         PUBLIC        _ds1302_read_byte
  D:0088H         PUBLIC        TCON
  C:33F4H         PUBLIC        _print_lunar
  C:4250H         PUBLIC        get_integer_hour
  C:429EH         PUBLIC        ds1302_init
  C:3D0CH         PUBLIC        ds1302_write_time
  C:4289H         SYMBOL        _?ix1000
  C:428BH         SYMBOL        _?ix1001
  C:428FH         SYMBOL        _?ix1002
  C:3D85H         PUBLIC        _ds1302_write_byte
  X:002BH         PUBLIC        time_buf
  B:0090H.1       PUBLIC        SCK
  C:32D9H         PUBLIC        _write_time_to_buffer
  C:3480H         PUBLIC        _calculate_week_day
  C:4277H         PUBLIC        get_integer_weekday
  C:307BH         PUBLIC        _print_date_now
  D:00C8H         PUBLIC        T2CON
  C:3723H         PUBLIC        read_discrete_time
  C:3C01H         PUBLIC        _print_lunar_now
  X:0033H         PUBLIC        dis_time_buf
  C:4264H         PUBLIC        get_integer_second
  C:3F5FH         PUBLIC        _isLeapYear
  C:2F2FH         PUBLIC        _print_time_now
  B:0090H.3       PUBLIC        RST
  D:00D0H         PUBLIC        PSW
  C:350BH         SYMBOL        Com0045
  C:350BH         SYMBOL        L?0070
  C:350DH         SYMBOL        L?0071
  C:351AH         SYMBOL        L?0072
  C:351AH         SYMBOL        L?0073
  C:352DH         SYMBOL        L?0074
  C:3531H         SYMBOL        L?0075
  C:3538H         SYMBOL        L?0076
  C:3538H         SYMBOL        L?0077
  C:3543H         SYMBOL        L?0078
  C:3546H         SYMBOL        L?0079
  C:354DH         SYMBOL        L?0080
  C:3554H         SYMBOL        L?0081
BL51 BANKED LINKER/LOCATER V6.22.4.0                                                  05/29/2024  21:33:52  PAGE 24


  C:355EH         SYMBOL        L?0082
  C:356AH         SYMBOL        L?0083
  C:3575H         SYMBOL        L?0084
  C:3575H         SYMBOL        L?0085
  C:357CH         SYMBOL        L?0086
  C:358AH         SYMBOL        L?0087
  -------         PROC          COM0045
  -------         ENDPROC       COM0045
  -------         PROC          DS1302_INIT
  C:429EH         LINE#         14
  C:429EH         LINE#         15
  C:429EH         LINE#         16
  C:42A0H         LINE#         17
  C:42A2H         LINE#         18
  -------         ENDPROC       DS1302_INIT
  -------         PROC          _DS1302_WRITE_BYTE
  D:0007H         SYMBOL        addr
  D:0005H         SYMBOL        d
  -------         DO            
  D:0006H         SYMBOL        i
  -------         ENDDO         
  C:3D85H         LINE#         20
  C:3D85H         LINE#         21
  C:3D85H         LINE#         23
  C:3D87H         LINE#         25
  C:3D8BH         LINE#         26
  C:3D8DH         LINE#         27
  C:3D91H         LINE#         28
  C:3D93H         LINE#         29
  C:3D95H         LINE#         30
  C:3D95H         LINE#         31
  C:3D97H         LINE#         32
  C:3D97H         LINE#         33
  C:3D99H         LINE#         34
  C:3D9BH         LINE#         35
  C:3D9FH         LINE#         36
  C:3DA4H         LINE#         38
  C:3DA6H         LINE#         39
  C:3DAAH         LINE#         40
  C:3DACH         LINE#         41
  C:3DAEH         LINE#         42
  C:3DAEH         LINE#         43
  C:3DB0H         LINE#         44
  C:3DB0H         LINE#         45
  C:3DB2H         LINE#         46
  C:3DB4H         LINE#         47
  C:3DB8H         LINE#         48
  C:3DBDH         LINE#         49
  C:3DBFH         LINE#         50
  -------         ENDPROC       _DS1302_WRITE_BYTE
  -------         PROC          _DS1302_READ_BYTE
  D:0007H         SYMBOL        addr
  -------         DO            
  D:0005H         SYMBOL        i
  D:0006H         SYMBOL        temp
  -------         ENDDO         
  C:3CCDH         LINE#         53
BL51 BANKED LINKER/LOCATER V6.22.4.0                                                  05/29/2024  21:33:52  PAGE 25


  C:3CCDH         LINE#         56
  C:3CCFH         LINE#         58
  C:3CD3H         LINE#         59
  C:3CD5H         LINE#         60
  C:3CD9H         LINE#         61
  C:3CDBH         LINE#         62
  C:3CDDH         LINE#         63
  C:3CDDH         LINE#         64
  C:3CDFH         LINE#         65
  C:3CDFH         LINE#         66
  C:3CE1H         LINE#         67
  C:3CE3H         LINE#         68
  C:3CE7H         LINE#         69
  C:3CECH         LINE#         71
  C:3CEEH         LINE#         72
  C:3CF2H         LINE#         73
  C:3CF5H         LINE#         74
  C:3CF8H         LINE#         75
  C:3CFAH         LINE#         76
  C:3CFAH         LINE#         77
  C:3CFEH         LINE#         78
  C:3CFEH         LINE#         79
  C:3D00H         LINE#         80
  C:3D02H         LINE#         81
  C:3D07H         LINE#         82
  C:3D09H         LINE#         83
  C:3D0BH         LINE#         84
  -------         ENDPROC       _DS1302_READ_BYTE
  -------         PROC          DS1302_WRITE_TIME
  C:3D0CH         LINE#         86
  C:3D0CH         LINE#         87
  C:3D0CH         LINE#         88
  C:3D13H         LINE#         89
  C:3D1AH         LINE#         91
  C:3D24H         LINE#         92
  C:3D26H         LINE#         93
  C:3D2BH         LINE#         94
  C:3D30H         LINE#         95
  C:3D38H         LINE#         96
  C:3D3AH         LINE#         97
  C:3D42H         LINE#         98
  -------         ENDPROC       DS1302_WRITE_TIME
  -------         PROC          DS1302_READ_TIME
  C:3F05H         LINE#         101
  C:3F05H         LINE#         102
  C:3F05H         LINE#         103
  C:3F0FH         LINE#         104
  C:3F14H         LINE#         105
  C:3F19H         LINE#         106
  C:3F1EH         LINE#         107
  C:3F23H         LINE#         108
  C:3F2DH         LINE#         109
  C:3F32H         LINE#         110
  -------         ENDPROC       DS1302_READ_TIME
  -------         PROC          _PRINT_TIME_NOW
  X:0000H         SYMBOL        x
  X:0001H         SYMBOL        y
BL51 BANKED LINKER/LOCATER V6.22.4.0                                                  05/29/2024  21:33:52  PAGE 26


  X:0002H         SYMBOL        hour_type
  -------         DO            
  D:0007H         SYMBOL        hour
  X:0003H         SYMBOL        time_to_show
  -------         ENDDO         
  C:2F2FH         LINE#         112
  C:2F3AH         LINE#         115
  C:2F3DH         LINE#         116
  C:2F45H         LINE#         117
  C:2F48H         LINE#         118
  C:2F51H         LINE#         119
  C:2F53H         LINE#         120
  C:2F53H         LINE#         121
  C:2F55H         LINE#         122
  C:2F55H         LINE#         123
  C:2F58H         LINE#         124
  C:2F5CH         LINE#         125
  C:2F5CH         LINE#         126
  C:2F66H         LINE#         127
  C:2F6EH         LINE#         128
  C:2F71H         LINE#         129
  C:2F73H         LINE#         130
  C:2F73H         LINE#         131
  C:2F79H         LINE#         132
  C:2F7BH         LINE#         133
  C:2F7BH         LINE#         134
  C:2F8AH         LINE#         135
  C:2F91H         LINE#         136
  C:2F9BH         LINE#         137
  C:2F9FH         LINE#         138
  C:2FA9H         LINE#         139
  C:2FB3H         LINE#         140
  C:2FB7H         LINE#         141
  C:2FC1H         LINE#         142
  C:2FCBH         LINE#         143
  C:2FCEH         LINE#         144
  -------         ENDPROC       _PRINT_TIME_NOW
  -------         PROC          _PRINT_DATE_NOW
  X:0000H         SYMBOL        x
  X:0001H         SYMBOL        y
  -------         DO            
  X:0002H         SYMBOL        date_to_show
  X:000DH         SYMBOL        weekday_char
  -------         ENDDO         
  C:307BH         LINE#         147
  C:3083H         LINE#         149
  C:308EH         LINE#         150
  C:3091H         LINE#         151
  C:309BH         LINE#         152
  C:30A5H         LINE#         153
  C:30AFH         LINE#         154
  C:30B9H         LINE#         155
  C:30BDH         LINE#         156
  C:30C7H         LINE#         157
  C:30D1H         LINE#         158
  C:30D5H         LINE#         159
  C:30DFH         LINE#         160
BL51 BANKED LINKER/LOCATER V6.22.4.0                                                  05/29/2024  21:33:52  PAGE 27


  C:30E9H         LINE#         161
  C:30ECH         LINE#         162
  C:30F9H         LINE#         163
  C:3101H         LINE#         164
  -------         ENDPROC       _PRINT_DATE_NOW
  -------         PROC          _PRINT_LUNAR
  X:0004H         SYMBOL        x
  X:0005H         SYMBOL        y
  X:0006H         SYMBOL        month
  X:0007H         SYMBOL        day
  -------         DO            
  X:0008H         SYMBOL        lunar_date_char
  -------         ENDDO         
  C:33F4H         LINE#         167
  C:33FFH         LINE#         168
  C:3412H         LINE#         169
  C:3423H         LINE#         170
  C:3428H         LINE#         171
  C:3432H         LINE#         172
  C:3438H         LINE#         173
  C:343BH         LINE#         174
  C:343DH         LINE#         175
  C:3443H         LINE#         176
  C:3448H         LINE#         177
  C:3448H         LINE#         178
  C:344AH         LINE#         179
  C:3452H         LINE#         180
  C:3457H         LINE#         181
  C:3457H         LINE#         182
  C:3459H         LINE#         183
  C:3462H         LINE#         184
  C:3464H         LINE#         185
  C:3467H         LINE#         186
  C:3469H         LINE#         187
  C:3469H         LINE#         188
  C:346CH         LINE#         189
  C:3470H         LINE#         190
  C:3470H         LINE#         191
  -------         ENDPROC       _PRINT_LUNAR
  -------         PROC          _PRINT_LUNAR_NOW
  X:0000H         SYMBOL        x
  X:0001H         SYMBOL        y
  -------         DO            
  X:0002H         SYMBOL        lunar_date
  -------         ENDDO         
  C:3C01H         LINE#         194
  C:3C09H         LINE#         196
  C:3C33H         LINE#         197
  -------         ENDPROC       _PRINT_LUNAR_NOW
  -------         PROC          _PRINT_SOLAR_TERM_NOW
  X:0000H         SYMBOL        x
  X:0001H         SYMBOL        y
  -------         DO            
  X:0002H         SYMBOL        solar_term_char
  D:0007H         SYMBOL        num
  -------         ENDDO         
  C:3C47H         LINE#         200
BL51 BANKED LINKER/LOCATER V6.22.4.0                                                  05/29/2024  21:33:52  PAGE 28


  C:3C4FH         LINE#         201
  C:3C5AH         LINE#         202
  C:3C74H         LINE#         203
  C:3C79H         LINE#         204
  C:3C7CH         LINE#         205
  -------         ENDPROC       _PRINT_SOLAR_TERM_NOW
  -------         PROC          READ_DISCRETE_TIME
  C:3723H         LINE#         208
  C:3723H         LINE#         209
  C:3723H         LINE#         210
  C:3726H         LINE#         211
  C:372DH         LINE#         212
  C:3730H         LINE#         214
  C:3737H         LINE#         215
  C:373AH         LINE#         217
  C:3745H         LINE#         218
  C:3748H         LINE#         220
  C:3753H         LINE#         221
  C:3756H         LINE#         223
  C:3760H         LINE#         225
  C:376BH         LINE#         226
  C:376EH         LINE#         228
  C:3779H         LINE#         229
  C:377CH         LINE#         231
  C:3787H         LINE#         232
  C:378AH         LINE#         233
  -------         ENDPROC       READ_DISCRETE_TIME
  -------         PROC          _ISLEAPYEAR
  D:0002H         SYMBOL        year
  C:3F5FH         LINE#         235
  C:3F63H         LINE#         236
  C:3F81H         LINE#         237
  C:3F84H         LINE#         238
  C:3F84H         LINE#         239
  C:3F86H         LINE#         240
  C:3F86H         LINE#         241
  -------         ENDPROC       _ISLEAPYEAR
  -------         PROC          GET_INTEGER_YEAR
  C:3E6BH         LINE#         243
  C:3E6BH         LINE#         244
  C:3E6EH         LINE#         245
  C:3EA1H         LINE#         246
  -------         ENDPROC       GET_INTEGER_YEAR
  -------         PROC          GET_INTEGER_MONTH
  C:423CH         LINE#         248
  C:423CH         LINE#         249
  C:423FH         LINE#         250
  C:4245H         LINE#         251
  -------         ENDPROC       GET_INTEGER_MONTH
  -------         PROC          GET_INTEGER_DAY
  C:4246H         LINE#         253
  C:4246H         LINE#         254
  C:4249H         LINE#         255
  C:424FH         LINE#         256
  -------         ENDPROC       GET_INTEGER_DAY
  -------         PROC          GET_INTEGER_HOUR
  C:4250H         LINE#         258
BL51 BANKED LINKER/LOCATER V6.22.4.0                                                  05/29/2024  21:33:52  PAGE 29


  C:4250H         LINE#         259
  C:4253H         LINE#         260
  C:4259H         LINE#         261
  -------         ENDPROC       GET_INTEGER_HOUR
  -------         PROC          GET_INTEGER_MINUTE
  C:425AH         LINE#         263
  C:425AH         LINE#         264
  C:425DH         LINE#         265
  C:4263H         LINE#         266
  -------         ENDPROC       GET_INTEGER_MINUTE
  -------         PROC          GET_INTEGER_SECOND
  C:4264H         LINE#         268
  C:4264H         LINE#         269
  C:4267H         LINE#         270
  C:426DH         LINE#         271
  -------         ENDPROC       GET_INTEGER_SECOND
  -------         PROC          GET_INTEGER_WEEKDAY
  C:4277H         LINE#         273
  C:4277H         LINE#         274
  C:427AH         LINE#         275
  C:427FH         LINE#         276
  -------         ENDPROC       GET_INTEGER_WEEKDAY
  -------         PROC          _CALCULATE_WEEK_DAY
  X:001FH         SYMBOL        year
  D:0002H         SYMBOL        month
  D:0003H         SYMBOL        day
  -------         DO            
  D:0007H         SYMBOL        iWeek
  -------         ENDDO         
  C:3480H         LINE#         278
  C:348AH         LINE#         280
  C:3493H         LINE#         281
  C:3497H         LINE#         282
  C:34A1H         LINE#         283
  C:34A1H         LINE#         284
  C:350AH         LINE#         285
  C:350AH         LINE#         286
  -------         ENDPROC       _CALCULATE_WEEK_DAY
  -------         PROC          _WRITE_TIME_TO_BUFFER
  X:001FH         SYMBOL        year
  X:0021H         SYMBOL        month
  D:0003H         SYMBOL        day
  X:0023H         SYMBOL        hour
  X:0024H         SYMBOL        minute
  X:0025H         SYMBOL        second
  X:0026H         SYMBOL        weekday
  C:32D9H         LINE#         288
  C:32E4H         LINE#         289
  C:330AH         LINE#         290
  C:3322H         LINE#         291
  C:332CH         LINE#         292
  C:333FH         LINE#         293
  C:3349H         LINE#         294
  C:3353H         LINE#         295
  C:335DH         LINE#         296
  C:3365H         LINE#         297
  -------         ENDPROC       _WRITE_TIME_TO_BUFFER
BL51 BANKED LINKER/LOCATER V6.22.4.0                                                  05/29/2024  21:33:52  PAGE 30


  -------         ENDMOD        DS1302

  -------         MODULE        DHT11
  C:0000H         SYMBOL        _ICE_DUMMY_
  C:42ADH         PUBLIC        _DHT11_delay_us
  D:0090H         PUBLIC        P1
  D:00A0H         PUBLIC        P2
  D:00B0H         PUBLIC        P3
  D:00A8H         PUBLIC        IE
  D:00B8H         PUBLIC        IP
  D:0098H         PUBLIC        SCON
  D:0088H         PUBLIC        TCON
  C:414CH         PUBLIC        DHT11_start
  C:3DFBH         PUBLIC        _getdata
  D:00C8H         PUBLIC        T2CON
  C:4050H         PUBLIC        DHT11_rec_byte
  C:4032H         PUBLIC        _DHT11_delay_ms
  D:00D0H         PUBLIC        PSW
  B:00A0H.3       PUBLIC        Data
  C:4280H         SYMBOL        Com001B
  C:4280H         SYMBOL        L?0028
  -------         PROC          COM001B
  -------         ENDPROC       COM001B
  -------         PROC          _DHT11_DELAY_US
  D:0007H         SYMBOL        n
  C:42ADH         LINE#         4
  C:42ADH         LINE#         5
  C:42ADH         LINE#         6
  C:42AFH         LINE#         7
  -------         ENDPROC       _DHT11_DELAY_US
  -------         PROC          _DHT11_DELAY_MS
  D:0006H         SYMBOL        z
  -------         DO            
  D:0006H         SYMBOL        i
  D:0004H         SYMBOL        j
  -------         ENDDO         
  C:4032H         LINE#         9
  C:4032H         LINE#         10
  C:4032H         LINE#         12
  C:403BH         LINE#         13
  C:404FH         LINE#         14
  -------         ENDPROC       _DHT11_DELAY_MS
  -------         PROC          DHT11_START
  C:414CH         LINE#         19
  C:414CH         LINE#         20
  C:414EH         LINE#         21
  C:4153H         LINE#         22
  C:4155H         LINE#         23
  C:415CH         LINE#         24
  C:415EH         LINE#         25
  -------         ENDPROC       DHT11_START
  -------         PROC          DHT11_REC_BYTE
  -------         DO            
  D:0005H         SYMBOL        i
  D:0006H         SYMBOL        dat
  -------         ENDDO         
  C:4050H         LINE#         31
BL51 BANKED LINKER/LOCATER V6.22.4.0                                                  05/29/2024  21:33:52  PAGE 31


  C:4050H         LINE#         32
  C:4050H         LINE#         33
  C:4052H         LINE#         34
  C:4053H         LINE#         35
  C:4053H         LINE#         36
  C:4056H         LINE#         37
  C:405BH         LINE#         38
  C:405FH         LINE#         39
  C:4062H         LINE#         40
  C:4063H         LINE#         41
  C:4066H         LINE#         42
  C:406BH         LINE#         43
  C:406DH         LINE#         44
  -------         ENDPROC       DHT11_REC_BYTE
  -------         PROC          _GETDATA
  D:0001H         SYMBOL        sensordata
  -------         DO            
  X:0000H         SYMBOL        R_H
  X:0001H         SYMBOL        R_L
  D:0004H         SYMBOL        T_H
  X:0002H         SYMBOL        T_L
  X:0003H         SYMBOL        revise
  -------         ENDDO         
  C:3DFBH         LINE#         49
  C:3DFBH         LINE#         51
  C:3DFEH         LINE#         53
  C:3E01H         LINE#         55
  C:3E04H         LINE#         57
  C:3E09H         LINE#         58
  C:3E0FH         LINE#         59
  C:3E12H         LINE#         60
  C:3E17H         LINE#         61
  C:3E1BH         LINE#         62
  C:3E1EH         LINE#         64
  C:3E23H         LINE#         66
  C:3E29H         LINE#         67
  C:3E33H         LINE#         69
  C:3E33H         LINE#         70
  -------         ENDPROC       _GETDATA
  -------         ENDMOD        DHT11

  -------         MODULE        KEYSCAN
  C:0000H         SYMBOL        _ICE_DUMMY_
  B:00B0H.3       PUBLIC        key4
  D:0090H         PUBLIC        P1
  D:00B0H         PUBLIC        P3
  D:00A8H         PUBLIC        IE
  D:00B8H         PUBLIC        IP
  D:0098H         PUBLIC        SCON
  D:0088H         PUBLIC        TCON
  D:00C8H         PUBLIC        T2CON
  C:38BBH         PUBLIC        getKey
  D:00D0H         PUBLIC        PSW
  B:00B0H.0       PUBLIC        key1
  B:00B0H.1       PUBLIC        key2
  B:00B0H.2       PUBLIC        key3
  -------         PROC          GETKEY
BL51 BANKED LINKER/LOCATER V6.22.4.0                                                  05/29/2024  21:33:52  PAGE 32


  -------         DO            
  X:001FH         SYMBOL        key_num
  -------         ENDDO         
  C:38BBH         LINE#         4
  C:38BBH         LINE#         5
  C:38BBH         LINE#         6
  C:38BEH         LINE#         7
  C:38BEH         LINE#         8
  C:38C5H         LINE#         9
  C:38C8H         LINE#         10
  C:38CEH         LINE#         12
  C:38D0H         LINE#         13
  C:38D3H         LINE#         14
  C:38D3H         LINE#         15
  C:38DAH         LINE#         16
  C:38DDH         LINE#         17
  C:38E3H         LINE#         19
  C:38E5H         LINE#         20
  C:38E8H         LINE#         21
  C:38E8H         LINE#         22
  C:38EFH         LINE#         23
  C:38F2H         LINE#         24
  C:38F8H         LINE#         26
  C:38FAH         LINE#         27
  C:38FDH         LINE#         28
  C:38FDH         LINE#         29
  C:3904H         LINE#         30
  C:3907H         LINE#         31
  C:390DH         LINE#         33
  C:390FH         LINE#         34
  C:3914H         LINE#         35
  C:3919H         LINE#         36
  -------         ENDPROC       GETKEY
  -------         ENDMOD        KEYSCAN

  -------         MODULE        MP3
  C:0000H         SYMBOL        _ICE_DUMMY_
  D:0080H         PUBLIC        P0
  D:0090H         PUBLIC        P1
  D:00B0H         PUBLIC        P3
  B:00A8H.7       PUBLIC        EA
  C:3977H         PUBLIC        _Send
  D:00A8H         PUBLIC        IE
  D:00B8H         PUBLIC        IP
  C:2DC2H         PUBLIC        page_music
  D:0098H         PUBLIC        SCON
  D:0088H         PUBLIC        TCON
  B:0090H.0       PUBLIC        sda
  C:4298H         PUBLIC        get_volume
  C:419EH         SYMBOL        _?ix1000
  C:41A5H         SYMBOL        _?ix1001
  C:39D3H         PUBLIC        _set_volume
  C:4101H         PUBLIC        _set_single_loop
  X:0073H         PUBLIC        vol
  C:3C8DH         PUBLIC        _playmusic
  D:00C8H         PUBLIC        T2CON
  C:42A3H         PUBLIC        stopmusic
BL51 BANKED LINKER/LOCATER V6.22.4.0                                                  05/29/2024  21:33:52  PAGE 33


  D:00D0H         PUBLIC        PSW
  C:418CH         SYMBOL        Com0024
  C:418CH         SYMBOL        L?0037
  -------         PROC          COM0024
  -------         ENDPROC       COM0024
  -------         PROC          _SEND
  X:0016H         SYMBOL        addr
  -------         DO            
  X:0017H         SYMBOL        i
  -------         ENDDO         
  C:3977H         LINE#         9
  C:397CH         LINE#         10
  C:397CH         LINE#         13
  C:397EH         LINE#         15
  C:3980H         LINE#         16
  C:3987H         LINE#         17
  C:3989H         LINE#         18
  C:3990H         LINE#         20
  C:3995H         LINE#         21
  C:3995H         LINE#         22
  C:3997H         LINE#         23
  C:399EH         LINE#         24
  C:399EH         LINE#         25
  C:39A5H         LINE#         26
  C:39A7H         LINE#         27
  C:39ABH         LINE#         28
  C:39ADH         LINE#         30
  C:39ADH         LINE#         31
  C:39B4H         LINE#         32
  C:39B6H         LINE#         33
  C:39BDH         LINE#         34
  C:39BDH         LINE#         35
  C:39C4H         LINE#         36
  C:39CEH         LINE#         37
  C:39D0H         LINE#         38
  C:39D2H         LINE#         39
  -------         ENDPROC       _SEND
  -------         PROC          _PLAYMUSIC
  X:0013H         SYMBOL        num
  -------         DO            
  X:0014H         SYMBOL        num_h
  X:0015H         SYMBOL        num_l
  -------         ENDDO         
  C:3C8DH         LINE#         40
  C:3C92H         LINE#         41
  C:3C92H         LINE#         43
  C:3C97H         LINE#         44
  C:3C9FH         LINE#         45
  C:3CA8H         LINE#         46
  C:3CADH         LINE#         47
  C:3CB5H         LINE#         48
  C:3CB8H         LINE#         49
  C:3CB8H         LINE#         50
  C:3CBAH         LINE#         51
  C:3CBAH         LINE#         52
  C:3CBFH         LINE#         53
  C:3CC7H         LINE#         54
BL51 BANKED LINKER/LOCATER V6.22.4.0                                                  05/29/2024  21:33:52  PAGE 34


  C:3CCCH         LINE#         55
  C:3CCCH         LINE#         56
  -------         ENDPROC       _PLAYMUSIC
  -------         PROC          STOPMUSIC
  C:42A3H         LINE#         58
  C:42A3H         LINE#         59
  -------         ENDPROC       STOPMUSIC
  -------         PROC          _SET_SINGLE_LOOP
  D:0007H         SYMBOL        is_loop
  C:4101H         LINE#         62
  C:4101H         LINE#         63
  C:4106H         LINE#         64
  C:4109H         LINE#         65
  C:410BH         LINE#         66
  C:410BH         LINE#         67
  C:410DH         LINE#         68
  C:410DH         LINE#         69
  C:4110H         LINE#         70
  C:4115H         LINE#         71
  C:411AH         LINE#         72
  C:411AH         LINE#         73
  -------         ENDPROC       _SET_SINGLE_LOOP
  -------         PROC          GET_VOLUME
  C:4298H         LINE#         75
  C:4298H         LINE#         76
  C:429DH         LINE#         77
  -------         ENDPROC       GET_VOLUME
  -------         PROC          _SET_VOLUME
  D:0007H         SYMBOL        vol_temp
  -------         DO            
  X:0013H         SYMBOL        vol_H
  X:0014H         SYMBOL        vol_L
  -------         ENDDO         
  C:39D3H         LINE#         79
  C:39D3H         LINE#         81
  C:39E3H         LINE#         82
  C:39F2H         LINE#         83
  C:39F7H         LINE#         84
  C:3A06H         LINE#         85
  C:3A14H         LINE#         86
  C:3A19H         LINE#         87
  C:3A21H         LINE#         88
  C:3A29H         LINE#         89
  -------         ENDPROC       _SET_VOLUME
  -------         PROC          PAGE_MUSIC
  -------         DO            
  X:0001H         SYMBOL        selection
  X:0002H         SYMBOL        title
  X:0009H         SYMBOL        vol_to_show
  -------         ENDDO         
  C:2DC2H         LINE#         92
  C:2DC2H         LINE#         93
  C:2DC8H         LINE#         94
  C:2DDAH         LINE#         95
  C:2DEDH         LINE#         96
  C:2DF0H         LINE#         97
  C:2DF3H         LINE#         98
BL51 BANKED LINKER/LOCATER V6.22.4.0                                                  05/29/2024  21:33:52  PAGE 35


  C:2DFBH         LINE#         99
  C:2E00H         LINE#         100
  C:2E00H         LINE#         101
  C:2E13H         LINE#         102
  C:2E26H         LINE#         103
  C:2E2CH         LINE#         104
  C:2E32H         LINE#         105
  C:2E32H         LINE#         106
  C:2E34H         LINE#         107
  C:2E3AH         LINE#         108
  C:2E44H         LINE#         109
  C:2E47H         LINE#         110
  C:2E49H         LINE#         111
  C:2E4FH         LINE#         112
  C:2E52H         LINE#         113
  C:2E55H         LINE#         114
  C:2E55H         LINE#         115
  C:2E55H         LINE#         116
  C:2E5DH         LINE#         117
  C:2E60H         LINE#         118
  C:2E66H         LINE#         119
  C:2E6FH         LINE#         120
  C:2E7AH         LINE#         121
  C:2E7FH         LINE#         122
  C:2E7FH         LINE#         123
  -------         ENDPROC       PAGE_MUSIC
  -------         ENDMOD        MP3

  -------         MODULE        DELAY
  C:0000H         SYMBOL        _ICE_DUMMY_
  C:42A8H         PUBLIC        _Char
  D:0090H         PUBLIC        P1
  D:00B0H         PUBLIC        P3
  D:00A8H         PUBLIC        IE
  C:406EH         PUBLIC        _Delay_50ms
  D:00B8H         PUBLIC        IP
  C:41EDH         PUBLIC        delay_for_mq2
  D:0098H         PUBLIC        SCON
  D:0088H         PUBLIC        TCON
  C:4163H         PUBLIC        _delay_ms
  C:4210H         PUBLIC        _delay_us
  D:00C8H         PUBLIC        T2CON
  D:00D0H         PUBLIC        PSW
  -------         PROC          _DELAY_50MS
  D:0006H         SYMBOL        Del_50ms
  -------         DO            
  D:0004H         SYMBOL        m
  -------         ENDDO         
  C:406EH         LINE#         3
  C:406EH         LINE#         4
  C:406EH         LINE#         6
  C:4077H         LINE#         7
  C:408BH         LINE#         8
  -------         ENDPROC       _DELAY_50MS
  -------         PROC          _DELAY_MS
  D:0006H         SYMBOL        ms
  -------         DO            
BL51 BANKED LINKER/LOCATER V6.22.4.0                                                  05/29/2024  21:33:52  PAGE 36


  D:0005H         SYMBOL        j
  -------         ENDDO         
  C:4163H         LINE#         10
[...]
  C:2D01H         PUBLIC        page_settings
  D:00D0H         PUBLIC        PSW
  C:3B69H         SYMBOL        Com004A
  C:3B69H         SYMBOL        L?0075
  C:3B6DH         SYMBOL        L?0076
  C:3B6FH         SYMBOL        L?0077
  C:3B76H         SYMBOL        L?0078
  C:3B7AH         SYMBOL        L?0079
  C:3B81H         SYMBOL        L?0080
  C:3B81H         SYMBOL        L?0081
  C:3B88H         SYMBOL        L?0082
  C:3B8FH         SYMBOL        L?0088
  C:3B8FH         SYMBOL        L?0089
  C:3B96H         SYMBOL        L?0090
  C:3B9EH         SYMBOL        L?0091
  C:3BA5H         SYMBOL        L?0095
  C:3BAEH         SYMBOL        L?0096
  C:3BAEH         SYMBOL        L?0097
  -------         PROC          COM004A
  -------         ENDPROC       COM004A
  C:20EAH         SYMBOL        L?0083
  C:20F8H         SYMBOL        L?0084
  C:2104H         SYMBOL        L?0085
  C:210EH         SYMBOL        L?0086
  C:211CH         SYMBOL        L?0087
  C:2126H         SYMBOL        L?0093
  -------         PROC          PAGE_SET_DATE_AND_TIME
  -------         DO            
  X:0002H         SYMBOL        year_to_show
  X:0007H         SYMBOL        month_to_show
  X:000AH         SYMBOL        day_to_show
  X:000DH         SYMBOL        hour_to_show
  X:0010H         SYMBOL        minute_to_show
  X:0013H         SYMBOL        second_to_show
  X:0016H         SYMBOL        year
  X:0018H         SYMBOL        month
BL51 BANKED LINKER/LOCATER V6.22.4.0                                                  05/29/2024  21:33:52  PAGE 41


  X:0019H         SYMBOL        day
  X:001AH         SYMBOL        weekday
  X:001BH         SYMBOL        hour
  X:001CH         SYMBOL        minute
  X:001DH         SYMBOL        second
  X:001EH         SYMBOL        step
  -------         ENDDO         
  C:1DDBH         LINE#         12
  C:1DDBH         LINE#         13
  C:1DE8H         LINE#         14
  C:1DF3H         LINE#         15
  C:1DFEH         LINE#         16
  C:1E0DH         LINE#         17
  C:1E1CH         LINE#         18
  C:1E2BH         LINE#         19
  C:1E36H         LINE#         20
  C:1E4EH         LINE#         21
  C:1E6AH         LINE#         22
  C:1E6AH         LINE#         23
  C:1E73H         LINE#         24
  C:1E7BH         LINE#         25
  C:1E83H         LINE#         26
  C:1E8DH         LINE#         27
  C:1E97H         LINE#         28
  C:1EA5H         LINE#         29
  C:1EB3H         LINE#         30
  C:1EB3H         LINE#         31
  C:1EC7H         LINE#         32
  C:1EDCH         LINE#         33
  C:1EE5H         LINE#         34
  C:1EEAH         LINE#         35
  C:1F00H         LINE#         36
  C:1F0AH         LINE#         37
  C:1F0FH         LINE#         38
  C:1F25H         LINE#         39
  C:1F2FH         LINE#         40
  C:1F48H         LINE#         41
  C:1F52H         LINE#         42
  C:1F57H         LINE#         43
  C:1F6DH         LINE#         44
  C:1F77H         LINE#         45
  C:1F7CH         LINE#         46
  C:1F92H         LINE#         47
  C:1F9CH         LINE#         48
  C:1FA7H         LINE#         49
  C:1FC8H         LINE#         50
  C:1FC8H         LINE#         51
  C:1FD2H         LINE#         52
  C:1FE5H         LINE#         53
  C:1FF3H         LINE#         54
  C:1FF3H         LINE#         55
  C:1FF3H         LINE#         56
  C:1FF3H         LINE#         57
  C:1FF5H         LINE#         58
  C:1FF5H         LINE#         59
  C:1FF5H         LINE#         60
  C:1FFBH         LINE#         61
BL51 BANKED LINKER/LOCATER V6.22.4.0                                                  05/29/2024  21:33:52  PAGE 42


  C:2005H         LINE#         62
  C:2008H         LINE#         63
  C:2008H         LINE#         64
  C:2008H         LINE#         65
  C:2008H         LINE#         66
  C:200AH         LINE#         67
  C:200AH         LINE#         68
  C:200AH         LINE#         69
  C:2010H         LINE#         70
  C:201BH         LINE#         71
  C:201EH         LINE#         72
  C:2029H         LINE#         73
  C:202CH         LINE#         74
  C:202CH         LINE#         75
  C:202CH         LINE#         76
  C:2032H         LINE#         77
  C:203CH         LINE#         78
  C:2042H         LINE#         79
  C:2044H         LINE#         80
  C:2044H         LINE#         81
  C:2044H         LINE#         82
  C:204AH         LINE#         83
  C:2054H         LINE#         84
  C:205AH         LINE#         85
  C:205CH         LINE#         86
  C:205CH         LINE#         87
  C:205CH         LINE#         88
  C:2062H         LINE#         89
  C:206CH         LINE#         90
  C:2075H         LINE#         91
  C:2078H         LINE#         92
  C:2078H         LINE#         93
  C:2078H         LINE#         94
  C:2078H         LINE#         95
  C:2078H         LINE#         96
  C:207EH         LINE#         97
  C:2084H         LINE#         98
  C:2090H         LINE#         99
  C:2093H         LINE#         100
  C:2099H         LINE#         101
  C:2099H         LINE#         102
  C:209BH         LINE#         103
  C:209BH         LINE#         104
  C:20A6H         LINE#         105
  C:20A6H         LINE#         106
  C:20CFH         LINE#         107
  C:20DFH         LINE#         108
  C:20E6H         LINE#         109
  C:20E9H         LINE#         110
  C:20E9H         LINE#         111
  C:20E9H         LINE#         112
  C:20E9H         LINE#         113
  -------         ENDPROC       PAGE_SET_DATE_AND_TIME
  C:2F1EH         SYMBOL        L?0092
  -------         PROC          PAGE_SET_NOTIFICATION
  -------         DO            
  X:0002H         SYMBOL        vol_to_show
BL51 BANKED LINKER/LOCATER V6.22.4.0                                                  05/29/2024  21:33:52  PAGE 43


  -------         ENDDO         
  C:2E82H         LINE#         115
  C:2E82H         LINE#         116
  C:2E8FH         LINE#         117
  C:2E92H         LINE#         118
  C:2E95H         LINE#         119
  C:2E9FH         LINE#         121
  C:2E9FH         LINE#         122
  C:2EAFH         LINE#         123
  C:2EBDH         LINE#         124
  C:2ECBH         LINE#         125
  C:2ED1H         LINE#         126
  C:2ED4H         LINE#         127
  C:2EDAH         LINE#         128
  C:2EDAH         LINE#         129
  C:2EDAH         LINE#         130
  C:2EDCH         LINE#         131
  C:2EE2H         LINE#         132
  C:2EE5H         LINE#         133
  C:2EEFH         LINE#         134
  C:2EF2H         LINE#         135
  C:2EF7H         LINE#         136
  C:2EF9H         LINE#         137
  C:2EFFH         LINE#         138
  C:2F02H         LINE#         139
  C:2F02H         LINE#         140
  C:2F02H         LINE#         141
  C:2F0AH         LINE#         142
  C:2F15H         LINE#         143
  C:2F1BH         LINE#         144
  C:2F1BH         LINE#         145
  C:2F1EH         LINE#         146
  -------         ENDPROC       PAGE_SET_NOTIFICATION
  C:2DB7H         SYMBOL        L?0094
  -------         PROC          PAGE_SETTINGS
  -------         DO            
  X:0001H         SYMBOL        selection
  -------         ENDDO         
  C:2D01H         LINE#         148
  C:2D01H         LINE#         149
  C:2D06H         LINE#         150
  C:2D09H         LINE#         151
  C:2D09H         LINE#         152
  C:2D19H         LINE#         153
  C:2D23H         LINE#         154
  C:2D33H         LINE#         155
  C:2D43H         LINE#         156
  C:2D4CH         LINE#         157
  C:2D54H         LINE#         158
  C:2D57H         LINE#         159
  C:2D62H         LINE#         160
  C:2D68H         LINE#         161
  C:2D6BH         LINE#         162
  C:2D73H         LINE#         163
  C:2D76H         LINE#         164
  C:2D81H         LINE#         165
  C:2D87H         LINE#         166
BL51 BANKED LINKER/LOCATER V6.22.4.0                                                  05/29/2024  21:33:52  PAGE 44


  C:2D8AH         LINE#         167
  C:2D90H         LINE#         168
  C:2D93H         LINE#         169
  C:2D93H         LINE#         170
  C:2D93H         LINE#         171
  C:2D9EH         LINE#         172
  C:2DABH         LINE#         173
  C:2DB1H         LINE#         174
  C:2DB7H         LINE#         175
  C:2DB7H         LINE#         176
  C:2DB7H         LINE#         177
  C:2DB7H         LINE#         178
  C:2DB7H         LINE#         179
  C:2DB7H         LINE#         180
  C:2DB7H         LINE#         181
  -------         ENDPROC       PAGE_SETTINGS
  -------         ENDMOD        SETTINGS

  -------         MODULE        LUNAR
  C:0000H         SYMBOL        _ICE_DUMMY_
  C:1C13H         SYMBOL        SolarTermTable
  C:1A87H         SYMBOL        LunarCalendarTable
  C:1DC3H         SYMBOL        MonthAdd
  C:3B1CH         PUBLIC        _get_solar_term_num
  C:212EH         PUBLIC        _LunarCalendar
  X:006DH         SYMBOL        LunarCalendarDay
  C:3ACEH         PUBLIC        _get_lunar_calendar
  C:2C3EH         SYMBOL        Com003C
  C:2C3EH         SYMBOL        L?0061
  C:2C44H         SYMBOL        L?0062
  C:2C72H         SYMBOL        L?0063
  C:2C73H         SYMBOL        L?0064
  C:2C74H         SYMBOL        L?0065
  C:2C7EH         SYMBOL        L?0066
  C:2C81H         SYMBOL        L?0067
  C:2C93H         SYMBOL        L?0068
  C:2C93H         SYMBOL        L?0069
  C:2C9DH         SYMBOL        L?0070
  C:2C9DH         SYMBOL        L?0071
  C:2CA0H         SYMBOL        L?0072
  C:2CA2H         SYMBOL        L?0073
  C:2CA9H         SYMBOL        L?0074
  C:2CAEH         SYMBOL        L?0075
  C:2CBAH         SYMBOL        L?0076
  C:2CBAH         SYMBOL        L?0077
  C:2CC1H         SYMBOL        L?0078
  C:2CCBH         SYMBOL        L?0079
  C:2CD9H         SYMBOL        L?0080
  C:2CE7H         SYMBOL        L?0081
  C:2CF3H         SYMBOL        L?0082
  C:2CF3H         SYMBOL        L?0083
  C:2CFAH         SYMBOL        L?0084
  C:2CFBH         SYMBOL        L?0085
  -------         PROC          COM003C
  -------         ENDPROC       COM003C
  -------         PROC          _LUNARCALENDAR
  X:000CH         SYMBOL        year
BL51 BANKED LINKER/LOCATER V6.22.4.0                                                  05/29/2024  21:33:52  PAGE 45


  X:000EH         SYMBOL        month
  X:0010H         SYMBOL        day
  -------         DO            
  X:0012H         SYMBOL        Spring_NY
  X:0014H         SYMBOL        Sun_NY
  X:0016H         SYMBOL        StaticDayCount
  X:0018H         SYMBOL        index
  X:001AH         SYMBOL        flag
  -------         ENDDO         
  C:212EH         LINE#         58
  C:2140H         LINE#         63
  C:2165H         LINE#         64
  C:2182H         LINE#         66
  C:21A3H         LINE#         67
  C:21DCH         LINE#         68
  C:2200H         LINE#         74
  C:2210H         LINE#         75
  C:221EH         LINE#         76
  C:2226H         LINE#         77
  C:222EH         LINE#         78
  C:2230H         LINE#         79
  C:225EH         LINE#         80
  C:2261H         LINE#         81
  C:2270H         LINE#         82
  C:2276H         LINE#         83
  C:227CH         LINE#         84
  C:228BH         LINE#         85
  C:2296H         LINE#         86
  C:229CH         LINE#         87
  C:229EH         LINE#         88
  C:22A5H         LINE#         89
  C:22D8H         LINE#         90
  C:22DEH         LINE#         91
  C:22E1H         LINE#         92
  C:22F5H         LINE#         93
  C:22F8H         LINE#         94
  C:22F8H         LINE#         95
  C:230DH         LINE#         96
  C:2313H         LINE#         97
  C:231AH         LINE#         98
  C:2347H         LINE#         99
  C:234DH         LINE#         100
  C:2351H         LINE#         101
  C:237FH         LINE#         102
  C:2382H         LINE#         103
  C:2396H         LINE#         104
  C:239CH         LINE#         105
  C:23A2H         LINE#         106
  C:23B2H         LINE#         107
  C:23CBH         LINE#         108
  C:23FEH         LINE#         109
  C:2404H         LINE#         110
  C:2407H         LINE#         111
  C:2428H         LINE#         112
  C:2428H         LINE#         113
  C:243AH         LINE#         114
  C:2458H         LINE#         115
BL51 BANKED LINKER/LOCATER V6.22.4.0                                                  05/29/2024  21:33:52  PAGE 46


  C:2470H         LINE#         116
  C:2472H         LINE#         117
  -------         ENDPROC       _LUNARCALENDAR
  -------         PROC          _GET_LUNAR_CALENDAR
  D:0006H         SYMBOL        year
  D:0005H         SYMBOL        month
  D:0003H         SYMBOL        day
  X:0008H         SYMBOL        lunar_date
  -------         DO            
  X:000BH         SYMBOL        flag
  -------         ENDDO         
  C:3ACEH         LINE#         119
  C:3ACEH         LINE#         120
  C:3AD3H         LINE#         121
  C:3ADBH         LINE#         122
  C:3AECH         LINE#         123
  C:3AF2H         LINE#         124
  C:3AF4H         LINE#         125
  C:3B05H         LINE#         126
  C:3B16H         LINE#         127
  C:3B1BH         LINE#         128
  -------         ENDPROC       _GET_LUNAR_CALENDAR
  -------         PROC          _GET_SOLAR_TERM_NUM
  D:0006H         SYMBOL        year
  D:0002H         SYMBOL        month
  D:0003H         SYMBOL        day
  -------         DO            
  D:0001H         SYMBOL        temp
  D:0006H         SYMBOL        location
  -------         ENDDO         
  C:3B1CH         LINE#         130
  C:3B1EH         LINE#         132
  C:3B31H         LINE#         133
  C:3B37H         LINE#         134
  C:3B3BH         LINE#         135
  C:3B4AH         LINE#         136
  C:3B4DH         LINE#         137
  C:3B4DH         LINE#         138
  C:3B54H         LINE#         139
  C:3B54H         LINE#         140
  C:3B57H         LINE#         141
  C:3B66H         LINE#         142
  C:3B68H         LINE#         143
  C:3B68H         LINE#         144
  -------         ENDPROC       _GET_SOLAR_TERM_NUM
  -------         ENDMOD        LUNAR

  -------         MODULE        MQ2
  C:0000H         SYMBOL        _ICE_DUMMY_
  D:0080H         PUBLIC        P0
  D:0090H         PUBLIC        P1
  D:00B0H         PUBLIC        P3
  D:00A8H         PUBLIC        IE
  X:006FH         PUBLIC        smog_alarm_suspend
  B:00B0H.7       PUBLIC        mq2
  D:00B8H         PUBLIC        IP
  C:3BB5H         PUBLIC        page_smog_alarm
BL51 BANKED LINKER/LOCATER V6.22.4.0                                                  05/29/2024  21:33:52  PAGE 47


  C:40AAH         PUBLIC        mq2_tick_tock
  D:0098H         PUBLIC        SCON
  D:0088H         PUBLIC        TCON
  C:41CFH         PUBLIC        isSmoking
  D:00C8H         PUBLIC        T2CON
  X:0070H         PUBLIC        smog_alarm_enable
  D:00D0H         PUBLIC        PSW
  -------         PROC          ISSMOKING
  C:41CFH         LINE#         10
  C:41CFH         LINE#         11
  C:41D2H         LINE#         12
  C:41D5H         LINE#         13
  C:41DBH         LINE#         14
  C:41DBH         LINE#         15
  C:41DDH         LINE#         16
  -------         ENDPROC       ISSMOKING
  -------         PROC          PAGE_SMOG_ALARM
  -------         DO            
  X:0000H         SYMBOL        vol_init
  -------         ENDDO         
  C:3BB5H         LINE#         18
  C:3BB5H         LINE#         20
  C:3BB8H         LINE#         21
  C:3BCBH         LINE#         22
  C:3BD3H         LINE#         23
  C:3BD8H         LINE#         24
  C:3BDDH         LINE#         25
  C:3BE2H         LINE#         26
  C:3BE2H         LINE#         27
  C:3BE8H         LINE#         28
  C:3BEBH         LINE#         29
  C:3BF0H         LINE#         30
  C:3BF8H         LINE#         31
  C:3BFEH         LINE#         32
  -------         ENDPROC       PAGE_SMOG_ALARM
  -------         PROC          MQ2_TICK_TOCK
  C:40AAH         LINE#         38
  C:40AAH         LINE#         39
  C:40B0H         LINE#         40
  C:40B6H         LINE#         41
  C:40BFH         LINE#         42
  C:40BFH         LINE#         43
  C:40BFH         LINE#         44
  C:40C7H         LINE#         45
  C:40C7H         LINE#         46
  C:40C7H         LINE#         47
  -------         ENDPROC       MQ2_TICK_TOCK
  -------         ENDMOD        MQ2

  -------         MODULE        ?C?COPY
  C:2543H         PUBLIC        ?C?COPY
  -------         ENDMOD        ?C?COPY

  -------         MODULE        ?C?SCDIV
  C:2569H         PUBLIC        ?C?SCDIV
  -------         ENDMOD        ?C?SCDIV

BL51 BANKED LINKER/LOCATER V6.22.4.0                                                  05/29/2024  21:33:52  PAGE 48


  -------         MODULE        ?C?CLDPTR
  C:258BH         PUBLIC        ?C?CLDPTR
  -------         ENDMOD        ?C?CLDPTR

  -------         MODULE        ?C?CLDOPTR
  C:25A4H         PUBLIC        ?C?CLDOPTR
  -------         ENDMOD        ?C?CLDOPTR

  -------         MODULE        ?C?CSTPTR
  C:25D1H         PUBLIC        ?C?CSTPTR
  -------         ENDMOD        ?C?CSTPTR

  -------         MODULE        ?C?CSTOPTR
  C:25E3H         PUBLIC        ?C?CSTOPTR
  -------         ENDMOD        ?C?CSTOPTR

  -------         MODULE        ?C?IMUL
  C:2605H         PUBLIC        ?C?IMUL
  -------         ENDMOD        ?C?IMUL

  -------         MODULE        ?C?UIDIV
  C:2617H         PUBLIC        ?C?UIDIV
  -------         ENDMOD        ?C?UIDIV

  -------         MODULE        ?C?SIDIV
  C:266CH         PUBLIC        ?C?SIDIV
  -------         ENDMOD        ?C?SIDIV

  -------         MODULE        ?C?IILDX
  C:26A2H         PUBLIC        ?C?IILDX
  -------         ENDMOD        ?C?IILDX

  -------         MODULE        ?C?ILDIX
  C:26B8H         PUBLIC        ?C?ILDIX
  -------         ENDMOD        ?C?ILDIX

  -------         MODULE        ?C?LAND
  C:26CEH         PUBLIC        ?C?LAND
  -------         ENDMOD        ?C?LAND

  -------         MODULE        ?C?ULCMP
  C:26DBH         PUBLIC        ?C?ULCMP
  -------         ENDMOD        ?C?ULCMP

  -------         MODULE        ?C?ULSHR
  C:26ECH         PUBLIC        ?C?ULSHR
  -------         ENDMOD        ?C?ULSHR

  -------         MODULE        ?C?SLSHR
  C:26FFH         PUBLIC        ?C?SLSHR
  -------         ENDMOD        ?C?SLSHR

  -------         MODULE        ?C?LLDCODE
  C:2713H         PUBLIC        ?C?LLDCODE
  -------         ENDMOD        ?C?LLDCODE

  -------         MODULE        ?C?LLDCODE0
BL51 BANKED LINKER/LOCATER V6.22.4.0                                                  05/29/2024  21:33:52  PAGE 49


  C:2723H         PUBLIC        ?C?LLDCODE0
  -------         ENDMOD        ?C?LLDCODE0

  -------         MODULE        ?C?OFFXADD
  C:2733H         PUBLIC        ?C?OFFXADD
  -------         ENDMOD        ?C?OFFXADD

  -------         MODULE        ?C?PLDXDATA
  C:273FH         PUBLIC        ?C?PLDXDATA
  -------         ENDMOD        ?C?PLDXDATA

  -------         MODULE        ?C?PSTXDATA
  C:2748H         PUBLIC        ?C?PSTXDATA
  -------         ENDMOD        ?C?PSTXDATA

*** WARNING L16: UNCALLED SEGMENT, IGNORED FOR OVERLAY PROCESS
    SEGMENT: ?PR?_FILL_PICTURE?OLED

*** WARNING L16: UNCALLED SEGMENT, IGNORED FOR OVERLAY PROCESS
    SEGMENT: ?PR?OLED_DISPLAY_OFF?OLED

*** WARNING L16: UNCALLED SEGMENT, IGNORED FOR OVERLAY PROCESS
    SEGMENT: ?PR?OLED_ON?OLED

*** WARNING L16: UNCALLED SEGMENT, IGNORED FOR OVERLAY PROCESS
    SEGMENT: ?PR?_OLED_SHOWNUM?OLED

*** WARNING L16: UNCALLED SEGMENT, IGNORED FOR OVERLAY PROCESS
    SEGMENT: ?PR?_OLED_DRAWBMP?OLED

Program Size: data=9.0 xdata=116 code=17074
LINK/LOCATE RUN COMPLETE.  5 WARNING(S),  0 ERROR(S)
